[0.006s] Invoking command in '/home/goldenboy/git_version/GoldenSLAM/build/fast_lio': CMAKE_PREFIX_PATH=${CMAKE_PREFIX_PATH}:/opt/ros/humble /usr/bin/cmake --build /home/goldenboy/git_version/GoldenSLAM/build/fast_lio -- -j24 -l24
[0.031s] [  2%] Built target fast_lio__cpp
[0.031s] [  5%] Built target fast_lio__rs
[0.031s] [ 12%] Built target fast_lio__rosidl_generator_c
[0.035s] [ 12%] Built target ament_cmake_python_copy_fast_lio
[0.040s] [ 28%] Built target fast_lio__rosidl_typesupport_cpp
[0.040s] [ 25%] Built target fast_lio__rosidl_typesupport_fastrtps_cpp
[0.040s] [ 35%] Built target fast_lio__rosidl_typesupport_introspection_cpp
[0.045s] [ 43%] Built target fast_lio__rosidl_typesupport_fastrtps_c
[0.045s] [ 51%] Built target fast_lio__rosidl_typesupport_c
[0.045s] [ 58%] Built target fast_lio__rosidl_typesupport_introspection_c
[0.054s] [ 58%] Built target fast_lio
[0.063s] [ 61%] Linking CXX executable fastlio_mapping
[0.063s] [ 64%] Built target fast_lio__py
[0.072s] [ 69%] Built target fast_lio__rosidl_generator_py
[0.082s] [ 74%] Built target fast_lio__rosidl_typesupport_fastrtps_c__pyext
[0.082s] [ 84%] Built target fast_lio__rosidl_typesupport_c__pyext
[0.082s] [ 84%] Built target fast_lio__rosidl_typesupport_introspection_c__pyext
[0.115s] /usr/bin/ld: CMakeFiles/fastlio_mapping.dir/src/core/slam_core.cpp.o: in function `df_dw(state_ikfom&, input_ikfom const&)':
[0.115s] slam_core.cpp:(.text+0x4f60): multiple definition of `df_dw(state_ikfom&, input_ikfom const&)'; CMakeFiles/fastlio_mapping.dir/src/app/golden_slam_app.cpp.o:golden_slam_app.cpp:(.text+0x3e0): first defined here
[0.115s] /usr/bin/ld: CMakeFiles/fastlio_mapping.dir/src/core/slam_core.cpp.o: in function `get_f(state_ikfom&, input_ikfom const&)':
[0.115s] slam_core.cpp:(.text+0x5750): multiple definition of `get_f(state_ikfom&, input_ikfom const&)'; CMakeFiles/fastlio_mapping.dir/src/app/golden_slam_app.cpp.o:golden_slam_app.cpp:(.text+0x170): first defined here
[0.115s] /usr/bin/ld: CMakeFiles/fastlio_mapping.dir/src/core/slam_core.cpp.o: in function `calc_dist(pcl::PointXYZINormal, pcl::PointXYZINormal)':
[0.115s] slam_core.cpp:(.text+0x8e00): multiple definition of `calc_dist(pcl::PointXYZINormal, pcl::PointXYZINormal)'; CMakeFiles/fastlio_mapping.dir/src/app/golden_slam_app.cpp.o:golden_slam_app.cpp:(.text+0x0): first defined here
[0.115s] /usr/bin/ld: CMakeFiles/fastlio_mapping.dir/src/core/slam_core.cpp.o: in function `get_ros_time(double)':
[0.115s] slam_core.cpp:(.text+0x8e40): multiple definition of `get_ros_time(double)'; CMakeFiles/fastlio_mapping.dir/src/app/golden_slam_app.cpp.o:golden_slam_app.cpp:(.text+0x40): first defined here
[0.115s] /usr/bin/ld: CMakeFiles/fastlio_mapping.dir/src/core/slam_core.cpp.o: in function `process_noise_cov()':
[0.115s] slam_core.cpp:(.text+0x8ed0): multiple definition of `process_noise_cov()'; CMakeFiles/fastlio_mapping.dir/src/app/golden_slam_app.cpp.o:golden_slam_app.cpp:(.text+0xd0): first defined here
[0.115s] /usr/bin/ld: CMakeFiles/fastlio_mapping.dir/src/core/slam_core.cpp.o: in function `SO3ToEuler(MTK::SO3<double, 0> const&)':
[0.115s] slam_core.cpp:(.text+0x8f70): multiple definition of `SO3ToEuler(MTK::SO3<double, 0> const&)'; CMakeFiles/fastlio_mapping.dir/src/app/golden_slam_app.cpp.o:golden_slam_app.cpp:(.text+0x650): first defined here
[0.115s] /usr/bin/ld: CMakeFiles/fastlio_mapping.dir/src/core/slam_core.cpp.o:(.bss+0x20): multiple definition of `Zero3d'; CMakeFiles/fastlio_mapping.dir/src/app/golden_slam_app.cpp.o:(.bss+0x10): first defined here
[0.115s] /usr/bin/ld: CMakeFiles/fastlio_mapping.dir/src/core/slam_core.cpp.o: in function `df_dx(state_ikfom&, input_ikfom const&)':
[0.115s] slam_core.cpp:(.text+0xf040): multiple definition of `df_dx(state_ikfom&, input_ikfom const&)'; CMakeFiles/fastlio_mapping.dir/src/app/golden_slam_app.cpp.o:golden_slam_app.cpp:(.text+0xd70): first defined here
[0.115s] /usr/bin/ld: CMakeFiles/fastlio_mapping.dir/src/core/slam_core.cpp.o:(.bss+0x80): multiple definition of `Eye3d'; CMakeFiles/fastlio_mapping.dir/src/app/golden_slam_app.cpp.o:(.bss+0x80): first defined here
[0.115s] /usr/bin/ld: CMakeFiles/fastlio_mapping.dir/src/core/slam_core.cpp.o:(.bss+0x40): multiple definition of `Eye3f'; CMakeFiles/fastlio_mapping.dir/src/app/golden_slam_app.cpp.o:(.bss+0x40): first defined here
[0.115s] /usr/bin/ld: CMakeFiles/fastlio_mapping.dir/src/core/slam_core.cpp.o:(.bss+0x8): multiple definition of `Zero3f'; CMakeFiles/fastlio_mapping.dir/src/app/golden_slam_app.cpp.o:(.bss+0x0): first defined here
[0.115s] /usr/bin/ld: CMakeFiles/fastlio_mapping.dir/src/core/slam_core.cpp.o: in function `get_time_sec(builtin_interfaces::msg::Time_<std::allocator<void> > const&)':
[0.115s] slam_core.cpp:(.text+0x172f0): multiple definition of `get_time_sec(builtin_interfaces::msg::Time_<std::allocator<void> > const&)'; CMakeFiles/fastlio_mapping.dir/src/app/golden_slam_app.cpp.o:golden_slam_app.cpp:(.text+0x12f0): first defined here
[0.120s] /usr/bin/ld: CMakeFiles/fastlio_mapping.dir/src/platform/ros_bridge.cpp.o: in function `calc_dist(pcl::PointXYZINormal, pcl::PointXYZINormal)':
[0.121s] ros_bridge.cpp:(.text+0x590): multiple definition of `calc_dist(pcl::PointXYZINormal, pcl::PointXYZINormal)'; CMakeFiles/fastlio_mapping.dir/src/app/golden_slam_app.cpp.o:golden_slam_app.cpp:(.text+0x0): first defined here
[0.121s] /usr/bin/ld: CMakeFiles/fastlio_mapping.dir/src/platform/ros_bridge.cpp.o: in function `get_ros_time(double)':
[0.121s] ros_bridge.cpp:(.text+0x5d0): multiple definition of `get_ros_time(double)'; CMakeFiles/fastlio_mapping.dir/src/app/golden_slam_app.cpp.o:golden_slam_app.cpp:(.text+0x40): first defined here
[0.121s] /usr/bin/ld: CMakeFiles/fastlio_mapping.dir/src/platform/ros_bridge.cpp.o: in function `process_noise_cov()':
[0.121s] ros_bridge.cpp:(.text+0x660): multiple definition of `process_noise_cov()'; CMakeFiles/fastlio_mapping.dir/src/app/golden_slam_app.cpp.o:golden_slam_app.cpp:(.text+0xd0): first defined here
[0.121s] /usr/bin/ld: CMakeFiles/fastlio_mapping.dir/src/platform/ros_bridge.cpp.o: in function `get_f(state_ikfom&, input_ikfom const&)':
[0.121s] ros_bridge.cpp:(.text+0x700): multiple definition of `get_f(state_ikfom&, input_ikfom const&)'; CMakeFiles/fastlio_mapping.dir/src/app/golden_slam_app.cpp.o:golden_slam_app.cpp:(.text+0x170): first defined here
[0.121s] /usr/bin/ld: CMakeFiles/fastlio_mapping.dir/src/platform/ros_bridge.cpp.o: in function `df_dw(state_ikfom&, input_ikfom const&)':
[0.121s] ros_bridge.cpp:(.text+0x970): multiple definition of `df_dw(state_ikfom&, input_ikfom const&)'; CMakeFiles/fastlio_mapping.dir/src/app/golden_slam_app.cpp.o:golden_slam_app.cpp:(.text+0x3e0): first defined here
[0.121s] /usr/bin/ld: CMakeFiles/fastlio_mapping.dir/src/platform/ros_bridge.cpp.o: in function `SO3ToEuler(MTK::SO3<double, 0> const&)':
[0.121s] ros_bridge.cpp:(.text+0xbe0): multiple definition of `SO3ToEuler(MTK::SO3<double, 0> const&)'; CMakeFiles/fastlio_mapping.dir/src/app/golden_slam_app.cpp.o:golden_slam_app.cpp:(.text+0x650): first defined here
[0.121s] /usr/bin/ld: CMakeFiles/fastlio_mapping.dir/src/platform/ros_bridge.cpp.o: in function `df_dx(state_ikfom&, input_ikfom const&)':
[0.121s] ros_bridge.cpp:(.text+0x60a0): multiple definition of `df_dx(state_ikfom&, input_ikfom const&)'; CMakeFiles/fastlio_mapping.dir/src/app/golden_slam_app.cpp.o:golden_slam_app.cpp:(.text+0xd70): first defined here
[0.121s] /usr/bin/ld: CMakeFiles/fastlio_mapping.dir/src/platform/ros_bridge.cpp.o:(.bss+0x80): multiple definition of `Eye3d'; CMakeFiles/fastlio_mapping.dir/src/app/golden_slam_app.cpp.o:(.bss+0x80): first defined here
[0.121s] /usr/bin/ld: CMakeFiles/fastlio_mapping.dir/src/platform/ros_bridge.cpp.o:(.bss+0x40): multiple definition of `Eye3f'; CMakeFiles/fastlio_mapping.dir/src/app/golden_slam_app.cpp.o:(.bss+0x40): first defined here
[0.121s] /usr/bin/ld: CMakeFiles/fastlio_mapping.dir/src/platform/ros_bridge.cpp.o:(.bss+0x10): multiple definition of `Zero3d'; CMakeFiles/fastlio_mapping.dir/src/app/golden_slam_app.cpp.o:(.bss+0x10): first defined here
[0.121s] /usr/bin/ld: CMakeFiles/fastlio_mapping.dir/src/platform/ros_bridge.cpp.o:(.bss+0x0): multiple definition of `Zero3f'; CMakeFiles/fastlio_mapping.dir/src/app/golden_slam_app.cpp.o:(.bss+0x0): first defined here
[0.121s] /usr/bin/ld: CMakeFiles/fastlio_mapping.dir/src/platform/ros_bridge.cpp.o: in function `get_time_sec(builtin_interfaces::msg::Time_<std::allocator<void> > const&)':
[0.121s] ros_bridge.cpp:(.text+0x9060): multiple definition of `get_time_sec(builtin_interfaces::msg::Time_<std::allocator<void> > const&)'; CMakeFiles/fastlio_mapping.dir/src/app/golden_slam_app.cpp.o:golden_slam_app.cpp:(.text+0x12f0): first defined here
[0.143s] running egg_info
[0.143s] writing fast_lio.egg-info/PKG-INFO
[0.144s] writing dependency_links to fast_lio.egg-info/dependency_links.txt
[0.144s] writing top-level names to fast_lio.egg-info/top_level.txt
[0.145s] reading manifest file 'fast_lio.egg-info/SOURCES.txt'
[0.145s] writing manifest file 'fast_lio.egg-info/SOURCES.txt'
[0.162s] [ 84%] Built target ament_cmake_python_build_fast_lio_egg
[0.640s] collect2: error: ld returned 1 exit status
[0.641s] gmake[2]: *** [CMakeFiles/fastlio_mapping.dir/build.make:530: fastlio_mapping] 오류 1
[0.641s] gmake[1]: *** [CMakeFiles/Makefile2:612: CMakeFiles/fastlio_mapping.dir/all] 오류 2
[0.641s] gmake: *** [Makefile:146: all] 오류 2
[0.642s] Invoked command in '/home/goldenboy/git_version/GoldenSLAM/build/fast_lio' returned '2': CMAKE_PREFIX_PATH=${CMAKE_PREFIX_PATH}:/opt/ros/humble /usr/bin/cmake --build /home/goldenboy/git_version/GoldenSLAM/build/fast_lio -- -j24 -l24
