[0.010s] Invoking command in '/home/goldenboy/git_version/GoldenSLAM/build/golden_slam': CMAKE_PREFIX_PATH=${CMAKE_PREFIX_PATH}:/opt/ros/humble /usr/bin/cmake --build /home/goldenboy/git_version/GoldenSLAM/build/golden_slam -- -j24 -l24
[0.052s] [35m[1mConsolidate compiler generated dependencies of target golden_slam_node[0m
[0.061s] [ 20%] [32mBuilding CXX object CMakeFiles/golden_slam_node.dir/src/app/golden_slam_app.cpp.o[0m
[1.684s] [ 40%] [32m[1mLinking CXX executable golden_slam_node[0m
[1.898s] [100%] Built target golden_slam_node
[1.903s] Invoked command in '/home/goldenboy/git_version/GoldenSLAM/build/golden_slam' returned '0': CMAKE_PREFIX_PATH=${CMAKE_PREFIX_PATH}:/opt/ros/humble /usr/bin/cmake --build /home/goldenboy/git_version/GoldenSLAM/build/golden_slam -- -j24 -l24
[1.908s] Invoking command in '/home/goldenboy/git_version/GoldenSLAM/build/golden_slam': CMAKE_PREFIX_PATH=${CMAKE_PREFIX_PATH}:/opt/ros/humble /usr/bin/cmake --install /home/goldenboy/git_version/GoldenSLAM/build/golden_slam
[1.911s] -- Install configuration: "Release"
[1.912s] -- Installing: /home/goldenboy/git_version/GoldenSLAM/install/golden_slam/lib/golden_slam/golden_slam_node
[1.912s] -- Set runtime path of "/home/goldenboy/git_version/GoldenSLAM/install/golden_slam/lib/golden_slam/golden_slam_node" to ""
[1.912s] -- Up-to-date: /home/goldenboy/git_version/GoldenSLAM/install/golden_slam/share/golden_slam/launch
[1.912s] -- Up-to-date: /home/goldenboy/git_version/GoldenSLAM/install/golden_slam/share/golden_slam/launch/golden_slam.launch.py
[1.912s] -- Up-to-date: /home/goldenboy/git_version/GoldenSLAM/install/golden_slam/include/
[1.913s] -- Up-to-date: /home/goldenboy/git_version/GoldenSLAM/install/golden_slam/include//platform
[1.913s] -- Up-to-date: /home/goldenboy/git_version/GoldenSLAM/install/golden_slam/include//platform/ros_bridge.hpp
[1.913s] -- Up-to-date: /home/goldenboy/git_version/GoldenSLAM/install/golden_slam/include//ui
[1.913s] -- Up-to-date: /home/goldenboy/git_version/GoldenSLAM/install/golden_slam/include//app
[1.913s] -- Up-to-date: /home/goldenboy/git_version/GoldenSLAM/install/golden_slam/include//app/golden_slam_app.hpp
[1.913s] -- Up-to-date: /home/goldenboy/git_version/GoldenSLAM/install/golden_slam/include//core
[1.913s] -- Up-to-date: /home/goldenboy/git_version/GoldenSLAM/install/golden_slam/include//core/slam_core.hpp
[1.913s] -- Up-to-date: /home/goldenboy/git_version/GoldenSLAM/install/golden_slam/share/ament_index/resource_index/package_run_dependencies/golden_slam
[1.913s] -- Up-to-date: /home/goldenboy/git_version/GoldenSLAM/install/golden_slam/share/ament_index/resource_index/parent_prefix_path/golden_slam
[1.913s] -- Up-to-date: /home/goldenboy/git_version/GoldenSLAM/install/golden_slam/share/golden_slam/environment/ament_prefix_path.sh
[1.913s] -- Up-to-date: /home/goldenboy/git_version/GoldenSLAM/install/golden_slam/share/golden_slam/environment/ament_prefix_path.dsv
[1.913s] -- Up-to-date: /home/goldenboy/git_version/GoldenSLAM/install/golden_slam/share/golden_slam/environment/path.sh
[1.913s] -- Up-to-date: /home/goldenboy/git_version/GoldenSLAM/install/golden_slam/share/golden_slam/environment/path.dsv
[1.913s] -- Up-to-date: /home/goldenboy/git_version/GoldenSLAM/install/golden_slam/share/golden_slam/local_setup.bash
[1.913s] -- Up-to-date: /home/goldenboy/git_version/GoldenSLAM/install/golden_slam/share/golden_slam/local_setup.sh
[1.913s] -- Up-to-date: /home/goldenboy/git_version/GoldenSLAM/install/golden_slam/share/golden_slam/local_setup.zsh
[1.913s] -- Up-to-date: /home/goldenboy/git_version/GoldenSLAM/install/golden_slam/share/golden_slam/local_setup.dsv
[1.913s] -- Installing: /home/goldenboy/git_version/GoldenSLAM/install/golden_slam/share/golden_slam/package.dsv
[1.913s] -- Up-to-date: /home/goldenboy/git_version/GoldenSLAM/install/golden_slam/share/ament_index/resource_index/packages/golden_slam
[1.913s] -- Up-to-date: /home/goldenboy/git_version/GoldenSLAM/install/golden_slam/share/golden_slam/cmake/golden_slamConfig.cmake
[1.913s] -- Up-to-date: /home/goldenboy/git_version/GoldenSLAM/install/golden_slam/share/golden_slam/cmake/golden_slamConfig-version.cmake
[1.913s] -- Up-to-date: /home/goldenboy/git_version/GoldenSLAM/install/golden_slam/share/golden_slam/package.xml
[1.914s] Invoked command in '/home/goldenboy/git_version/GoldenSLAM/build/golden_slam' returned '0': CMAKE_PREFIX_PATH=${CMAKE_PREFIX_PATH}:/opt/ros/humble /usr/bin/cmake --install /home/goldenboy/git_version/GoldenSLAM/build/golden_slam
