-- The C compiler identification is GNU 11.4.0
-- The CXX compiler identification is GNU 11.4.0
-- Detecting C compiler ABI info
-- Detecting C compiler ABI info - done
-- Check for working C compiler: /usr/bin/cc - skipped
-- Detecting C compile features
-- Detecting C compile features - done
-- Detecting CXX compiler ABI info
-- Detecting CXX compiler ABI info - done
-- Check for working CXX compiler: /usr/bin/c++ - skipped
-- Detecting CXX compile features
-- Detecting CXX compile features - done
-- Project: golden_slam
-- Build type: Release
-- CPU architecture: x86_64
-- OpenMP found
-- Found ament_cmake: 1.3.14 (/opt/ros/humble/share/ament_cmake/cmake)
-- Found Python3: /usr/bin/python3 (found version "3.10.12") found components: Interpreter 
-- Found rclcpp: 16.0.18 (/opt/ros/humble/share/rclcpp/cmake)
-- Found rosidl_generator_c: 3.1.8 (/opt/ros/humble/share/rosidl_generator_c/cmake)
-- Found rosidl_adapter: 3.1.8 (/opt/ros/humble/share/rosidl_adapter/cmake)
-- Found rosidl_generator_cpp: 3.1.8 (/opt/ros/humble/share/rosidl_generator_cpp/cmake)
-- Using all available rosidl_typesupport_c: rosidl_typesupport_fastrtps_c;rosidl_typesupport_introspection_c
-- Using all available rosidl_typesupport_cpp: rosidl_typesupport_fastrtps_cpp;rosidl_typesupport_introspection_cpp
-- Found rmw_implementation_cmake: 6.1.2 (/opt/ros/humble/share/rmw_implementation_cmake/cmake)
-- Found rmw_fastrtps_cpp: 6.2.10 (/opt/ros/humble/share/rmw_fastrtps_cpp/cmake)
-- Found OpenSSL: /usr/lib/x86_64-linux-gnu/libcrypto.so (found version "3.0.2")  
-- Found FastRTPS: /opt/ros/humble/include  
-- Using RMW implementation 'rmw_fastrtps_cpp' as default
-- Looking for pthread.h
-- Looking for pthread.h - found
-- Performing Test CMAKE_HAVE_LIBC_PTHREAD
-- Performing Test CMAKE_HAVE_LIBC_PTHREAD - Success
-- Found Threads: TRUE  
-- Found sensor_msgs: 4.9.1 (/opt/ros/humble/share/sensor_msgs/cmake)
-- Found nav_msgs: 4.9.1 (/opt/ros/humble/share/nav_msgs/cmake)
-- Found livox_ros_driver2: 1.0.0 (/home/goldenboy/Workspaces/sensor_ws/install/livox_ros_driver2/share/livox_ros_driver2/cmake)
-- Checking for module 'eigen3'
--   Found eigen3, version 3.4.0
-- Found Eigen: /usr/include/eigen3 (Required is at least version "3.1") 
-- Eigen found (include: /usr/include/eigen3, version: 3.4.0)
-- Checking for module 'flann'
--   Found flann, version 1.9.1
-- Found FLANN: /usr/lib/x86_64-linux-gnu/libflann_cpp.so  
-- FLANN found (include: /usr/include, lib: /usr/lib/x86_64-linux-gnu/libflann_cpp.so)
-- Checking for module 'libusb-1.0'
--   Found libusb-1.0, version 1.0.25
-- Found libusb: /usr/lib/x86_64-linux-gnu/libusb-1.0.so  
-- OpenNI found (version: 1.5.4.0, include: /usr/include/ni, lib: /usr/lib/libOpenNI.so;libusb::libusb)
-- OpenNI2 found (version: 2.2.0.33, include: /usr/include/openni2, lib: /usr/lib/x86_64-linux-gnu/libOpenNI2.so;libusb::libusb)
-- Eigen found (include: /usr/include/eigen3, version: 3.4.0)
-- OpenNI found (version: 1.5.4.0, include: /usr/include/ni, lib: /usr/lib/libOpenNI.so;libusb::libusb)
-- OpenNI2 found (version: 2.2.0.33, include: /usr/include/openni2, lib: /usr/lib/x86_64-linux-gnu/libOpenNI2.so;libusb::libusb)
-- Found Qhull version 8.0.2
-- OpenNI found (version: 1.5.4.0, include: /usr/include/ni, lib: /usr/lib/libOpenNI.so;libusb::libusb)
-- Found PCL_COMMON: /usr/lib/x86_64-linux-gnu/libpcl_common.so  
-- Found PCL_KDTREE: /usr/lib/x86_64-linux-gnu/libpcl_kdtree.so  
-- Found PCL_OCTREE: /usr/lib/x86_64-linux-gnu/libpcl_octree.so  
-- Found PCL_SEARCH: /usr/lib/x86_64-linux-gnu/libpcl_search.so  
-- Found PCL_SAMPLE_CONSENSUS: /usr/lib/x86_64-linux-gnu/libpcl_sample_consensus.so  
-- Found PCL_FILTERS: /usr/lib/x86_64-linux-gnu/libpcl_filters.so  
-- Found PCL_2D: /usr/include/pcl-1.12  
-- Found PCL_GEOMETRY: /usr/include/pcl-1.12  
-- Found PCL_IO: /usr/lib/x86_64-linux-gnu/libpcl_io.so  
-- Found PCL_FEATURES: /usr/lib/x86_64-linux-gnu/libpcl_features.so  
-- Found PCL_ML: /usr/lib/x86_64-linux-gnu/libpcl_ml.so  
-- Found PCL_SEGMENTATION: /usr/lib/x86_64-linux-gnu/libpcl_segmentation.so  
-- Found PCL_VISUALIZATION: /usr/lib/x86_64-linux-gnu/libpcl_visualization.so  
-- Found PCL_SURFACE: /usr/lib/x86_64-linux-gnu/libpcl_surface.so  
-- Found PCL_REGISTRATION: /usr/lib/x86_64-linux-gnu/libpcl_registration.so  
-- Found PCL_KEYPOINTS: /usr/lib/x86_64-linux-gnu/libpcl_keypoints.so  
-- Found PCL_TRACKING: /usr/lib/x86_64-linux-gnu/libpcl_tracking.so  
-- Found PCL_RECOGNITION: /usr/lib/x86_64-linux-gnu/libpcl_recognition.so  
-- Found PCL_STEREO: /usr/lib/x86_64-linux-gnu/libpcl_stereo.so  
-- Found PCL_APPS: /usr/lib/x86_64-linux-gnu/libpcl_apps.so  
-- Found PCL_IN_HAND_SCANNER: /usr/include/pcl-1.12  
-- Found PCL_MODELER: /usr/include/pcl-1.12  
-- Found PCL_POINT_CLOUD_EDITOR: /usr/include/pcl-1.12  
-- Found PCL_OUTOFCORE: /usr/lib/x86_64-linux-gnu/libpcl_outofcore.so  
-- Found PCL_PEOPLE: /usr/lib/x86_64-linux-gnu/libpcl_people.so  
-- Found std_srvs: 4.9.1 (/opt/ros/humble/share/std_srvs/cmake)
-- Found tf2: 0.25.19 (/opt/ros/humble/share/tf2/cmake)
-- Found tf2_ros: 0.25.19 (/opt/ros/humble/share/tf2_ros/cmake)
-- Found tf2_geometry_msgs: 0.25.19 (/opt/ros/humble/share/tf2_geometry_msgs/cmake)
-- Found eigen3_cmake_module: 0.1.1 (/opt/ros/humble/share/eigen3_cmake_module/cmake)
-- Found Eigen3: TRUE (found version "3.4.0") 
-- Ensuring Eigen3 include directory is part of orocos-kdl CMake target
-- PCL libraries: pcl_common;pcl_kdtree;pcl_octree;pcl_search;pcl_sample_consensus;pcl_filters;pcl_io;pcl_features;pcl_ml;pcl_segmentation;pcl_visualization;pcl_surface;pcl_registration;pcl_keypoints;pcl_tracking;pcl_recognition;pcl_stereo;pcl_apps;pcl_outofcore;pcl_people;Boost::system;Boost::filesystem;Boost::date_time;Boost::iostreams;Boost::serialization;/usr/lib/libOpenNI.so;libusb::libusb;/usr/lib/x86_64-linux-gnu/libOpenNI2.so;libusb::libusb;VTK::ChartsCore;VTK::CommonColor;VTK::CommonComputationalGeometry;VTK::CommonCore;VTK::CommonDataModel;VTK::CommonExecutionModel;VTK::CommonMath;VTK::CommonMisc;VTK::CommonTransforms;VTK::FiltersCore;VTK::FiltersExtraction;VTK::FiltersGeneral;VTK::FiltersGeometry;VTK::FiltersModeling;VTK::FiltersSources;VTK::ImagingCore;VTK::ImagingSources;VTK::InteractionImage;VTK::InteractionStyle;VTK::InteractionWidgets;VTK::IOCore;VTK::IOGeometry;VTK::IOImage;VTK::IOLegacy;VTK::IOPLY;VTK::RenderingAnnotation;VTK::RenderingCore;VTK::RenderingContext2D;VTK::RenderingLOD;VTK::RenderingFreeType;VTK::ViewsCore;VTK::ViewsContext2D;VTK::RenderingOpenGL2;VTK::GUISupportQt;FLANN::FLANN;QHULL::QHULL
-- PCL include dirs: /usr/include/pcl-1.12
-- Eigen3 include dir: /usr/include/eigen3
-- PCL include dirs: /usr/include/pcl-1.12
-- Configuring done
-- Generating done
-- Build files have been written to: /home/goldenboy/git_version/GoldenSLAM/build/golden_slam
[ 16%] Building CXX object CMakeFiles/golden_slam_node.dir/src/app/main.cpp.o
[ 25%] Building CXX object CMakeFiles/golden_slam_node.dir/src/core/slam_core.cpp.o
[ 25%] Building CXX object CMakeFiles/golden_slam_node.dir/src/app/golden_slam_app.cpp.o
[ 33%] Building CXX object CMakeFiles/golden_slam_node.dir/src/core/preprocess.cpp.o
[ 41%] Building CXX object CMakeFiles/golden_slam_node.dir/src/core/imu_processor.cpp.o
[ 50%] Building CXX object CMakeFiles/golden_slam_node.dir/src/core/pointcloud_deskew.cpp.o
[ 58%] Building CXX object CMakeFiles/golden_slam_node.dir/third_party/ikd_tree/ikd_tree.cpp.o
[ 66%] Building CXX object CMakeFiles/golden_slam_node.dir/src/platform/ros_bridge.cpp.o
[ 75%] Building CXX object CMakeFiles/golden_slam_node.dir/src/core/ikd_tree_map.cpp.o
[ 83%] Building CXX object CMakeFiles/golden_slam_node.dir/src/core/iekf_updater.cpp.o
[ 91%] Building CXX object CMakeFiles/golden_slam_node.dir/src/core/plane_estimator.cpp.o
[100%] Linking CXX executable golden_slam_node
[100%] Built target golden_slam_node
-- Install configuration: "Release"
-- Installing: /home/goldenboy/git_version/GoldenSLAM/install/golden_slam/lib/golden_slam/golden_slam_node
-- Set runtime path of "/home/goldenboy/git_version/GoldenSLAM/install/golden_slam/lib/golden_slam/golden_slam_node" to ""
-- Installing: /home/goldenboy/git_version/GoldenSLAM/install/golden_slam/share/golden_slam/launch
-- Installing: /home/goldenboy/git_version/GoldenSLAM/install/golden_slam/share/golden_slam/launch/golden_slam.launch.py
-- Installing: /home/goldenboy/git_version/GoldenSLAM/install/golden_slam/share/golden_slam/config
-- Installing: /home/goldenboy/git_version/GoldenSLAM/install/golden_slam/share/golden_slam/config/avia.yaml
-- Installing: /home/goldenboy/git_version/GoldenSLAM/install/golden_slam/share/golden_slam/config/mid360.yaml
-- Installing: /home/goldenboy/git_version/GoldenSLAM/install/golden_slam/share/golden_slam/rviz
-- Installing: /home/goldenboy/git_version/GoldenSLAM/install/golden_slam/share/golden_slam/rviz/golden_slam.rviz
-- Installing: /home/goldenboy/git_version/GoldenSLAM/install/golden_slam/include/
-- Installing: /home/goldenboy/git_version/GoldenSLAM/install/golden_slam/include//platform
-- Installing: /home/goldenboy/git_version/GoldenSLAM/install/golden_slam/include//platform/ros_bridge.hpp
-- Installing: /home/goldenboy/git_version/GoldenSLAM/install/golden_slam/include//app
-- Installing: /home/goldenboy/git_version/GoldenSLAM/install/golden_slam/include//app/golden_slam_app.hpp
-- Installing: /home/goldenboy/git_version/GoldenSLAM/install/golden_slam/include//core
-- Installing: /home/goldenboy/git_version/GoldenSLAM/install/golden_slam/include//core/imu_processor.hpp
-- Installing: /home/goldenboy/git_version/GoldenSLAM/install/golden_slam/include//core/plane_estimator.hpp
-- Installing: /home/goldenboy/git_version/GoldenSLAM/install/golden_slam/include//core/ikd_tree_map.hpp
-- Installing: /home/goldenboy/git_version/GoldenSLAM/install/golden_slam/include//core/types
-- Installing: /home/goldenboy/git_version/GoldenSLAM/install/golden_slam/include//core/types/lidar_frame.hpp
-- Installing: /home/goldenboy/git_version/GoldenSLAM/install/golden_slam/include//core/types/pcl_types.hpp
-- Installing: /home/goldenboy/git_version/GoldenSLAM/install/golden_slam/include//core/types/state.hpp
-- Installing: /home/goldenboy/git_version/GoldenSLAM/install/golden_slam/include//core/types/measure_group.hpp
-- Installing: /home/goldenboy/git_version/GoldenSLAM/install/golden_slam/include//core/types/frontend_snapshot.hpp
-- Installing: /home/goldenboy/git_version/GoldenSLAM/install/golden_slam/include//core/types/imu_propagated_pose.hpp
-- Installing: /home/goldenboy/git_version/GoldenSLAM/install/golden_slam/include//core/pointcloud_deskew.hpp
-- Installing: /home/goldenboy/git_version/GoldenSLAM/install/golden_slam/include//core/iekf_updater.hpp
-- Installing: /home/goldenboy/git_version/GoldenSLAM/install/golden_slam/include//core/slam_core.hpp
-- Installing: /home/goldenboy/git_version/GoldenSLAM/install/golden_slam/include//core/preprocess.hpp
-- Installing: /home/goldenboy/git_version/GoldenSLAM/install/golden_slam/share/ament_index/resource_index/package_run_dependencies/golden_slam
-- Installing: /home/goldenboy/git_version/GoldenSLAM/install/golden_slam/share/ament_index/resource_index/parent_prefix_path/golden_slam
-- Installing: /home/goldenboy/git_version/GoldenSLAM/install/golden_slam/share/golden_slam/environment/ament_prefix_path.sh
-- Installing: /home/goldenboy/git_version/GoldenSLAM/install/golden_slam/share/golden_slam/environment/ament_prefix_path.dsv
-- Installing: /home/goldenboy/git_version/GoldenSLAM/install/golden_slam/share/golden_slam/environment/path.sh
-- Installing: /home/goldenboy/git_version/GoldenSLAM/install/golden_slam/share/golden_slam/environment/path.dsv
-- Installing: /home/goldenboy/git_version/GoldenSLAM/install/golden_slam/share/golden_slam/local_setup.bash
-- Installing: /home/goldenboy/git_version/GoldenSLAM/install/golden_slam/share/golden_slam/local_setup.sh
-- Installing: /home/goldenboy/git_version/GoldenSLAM/install/golden_slam/share/golden_slam/local_setup.zsh
-- Installing: /home/goldenboy/git_version/GoldenSLAM/install/golden_slam/share/golden_slam/local_setup.dsv
-- Installing: /home/goldenboy/git_version/GoldenSLAM/install/golden_slam/share/golden_slam/package.dsv
-- Installing: /home/goldenboy/git_version/GoldenSLAM/install/golden_slam/share/ament_index/resource_index/packages/golden_slam
-- Installing: /home/goldenboy/git_version/GoldenSLAM/install/golden_slam/share/golden_slam/cmake/golden_slamConfig.cmake
-- Installing: /home/goldenboy/git_version/GoldenSLAM/install/golden_slam/share/golden_slam/cmake/golden_slamConfig-version.cmake
-- Installing: /home/goldenboy/git_version/GoldenSLAM/install/golden_slam/share/golden_slam/package.xml
