[0.007s] Invoking command in '/home/goldenboy/git_version/GoldenSLAM/build/golden_slam': CMAKE_PREFIX_PATH=${CMAKE_PREFIX_PATH}:/opt/ros/humble /usr/bin/cmake /home/goldenboy/git_version/GoldenSLAM -DCMAKE_INSTALL_PREFIX=/home/goldenboy/git_version/GoldenSLAM/install/golden_slam
[0.128s] -- The C compiler identification is GNU 11.4.0
[0.358s] -- The CXX compiler identification is GNU 11.4.0
[0.521s] -- Detecting C compiler ABI info
[0.589s] -- Detecting C compiler ABI info - done
[0.592s] -- Check for working C compiler: /usr/bin/cc - skipped
[0.593s] -- Detecting C compile features
[0.593s] -- Detecting C compile features - done
[0.595s] -- Detecting CXX compiler ABI info
[0.672s] -- Detecting CXX compiler ABI info - done
[0.675s] -- Check for working CXX compiler: /usr/bin/c++ - skipped
[0.676s] -- Detecting CXX compile features
[0.676s] -- Detecting CXX compile features - done
[0.676s] -- Project: golden_slam
[0.676s] -- Build type: Release
[0.676s] -- CPU architecture: x86_64
[0.680s] Processer number:  24
[0.680s] core for MP: 3
[0.970s] -- OpenMP found
[0.980s] -- Found ament_cmake: 1.3.14 (/opt/ros/humble/share/ament_cmake/cmake)
[1.060s] -- Found Python3: /usr/bin/python3 (found version "3.10.12") found components: Interpreter 
[1.120s] -- Found rclcpp: 16.0.18 (/opt/ros/humble/share/rclcpp/cmake)
[1.208s] -- Found rosidl_generator_c: 3.1.8 (/opt/ros/humble/share/rosidl_generator_c/cmake)
[1.211s] -- Found rosidl_adapter: 3.1.8 (/opt/ros/humble/share/rosidl_adapter/cmake)
[1.219s] -- Found rosidl_generator_cpp: 3.1.8 (/opt/ros/humble/share/rosidl_generator_cpp/cmake)
[1.230s] -- Using all available rosidl_typesupport_c: rosidl_typesupport_fastrtps_c;rosidl_typesupport_introspection_c
[1.243s] -- Using all available rosidl_typesupport_cpp: rosidl_typesupport_fastrtps_cpp;rosidl_typesupport_introspection_cpp
[1.280s] -- Found rmw_implementation_cmake: 6.1.2 (/opt/ros/humble/share/rmw_implementation_cmake/cmake)
[1.282s] -- Found rmw_fastrtps_cpp: 6.2.10 (/opt/ros/humble/share/rmw_fastrtps_cpp/cmake)
[2.002s] -- Found OpenSSL: /usr/lib/x86_64-linux-gnu/libcrypto.so (found version "3.0.2")  
[2.610s] -- Found FastRTPS: /opt/ros/humble/include  
[3.755s] -- Using RMW implementation 'rmw_fastrtps_cpp' as default
[3.771s] -- Looking for pthread.h
[3.840s] -- Looking for pthread.h - found
[3.840s] -- Performing Test CMAKE_HAVE_LIBC_PTHREAD
[3.903s] -- Performing Test CMAKE_HAVE_LIBC_PTHREAD - Success
[3.903s] -- Found Threads: TRUE  
[3.942s] -- Found sensor_msgs: 4.9.1 (/opt/ros/humble/share/sensor_msgs/cmake)
[3.966s] -- Found nav_msgs: 4.9.1 (/opt/ros/humble/share/nav_msgs/cmake)
[3.979s] -- Found livox_ros_driver2: 1.0.0 (/home/goldenboy/Workspaces/sensor_ws/install/livox_ros_driver2/share/livox_ros_driver2/cmake)
[4.033s] -- Checking for module 'eigen3'
[4.039s] --   Found eigen3, version 3.4.0
[4.052s] -- Found Eigen: /usr/include/eigen3 (Required is at least version "3.1") 
[4.052s] -- Eigen found (include: /usr/include/eigen3, version: 3.4.0)
[4.614s] -- Checking for module 'flann'
[4.620s] --   Found flann, version 1.9.1
[4.782s] -- Found FLANN: /usr/lib/x86_64-linux-gnu/libflann_cpp.so  
[4.782s] -- FLANN found (include: /usr/include, lib: /usr/lib/x86_64-linux-gnu/libflann_cpp.so)
[6.739s] -- Checking for module 'libusb-1.0'
[6.744s] --   Found libusb-1.0, version 1.0.25
[6.787s] -- Found libusb: /usr/lib/x86_64-linux-gnu/libusb-1.0.so  
[6.788s] -- OpenNI found (version: 1.5.4.0, include: /usr/include/ni, lib: /usr/lib/libOpenNI.so;libusb::libusb)
[6.880s] -- OpenNI2 found (version: 2.2.0.33, include: /usr/include/openni2, lib: /usr/lib/x86_64-linux-gnu/libOpenNI2.so;libusb::libusb)
[7.569s] -- Eigen found (include: /usr/include/eigen3, version: 3.4.0)
[7.572s] -- OpenNI found (version: 1.5.4.0, include: /usr/include/ni, lib: /usr/lib/libOpenNI.so;libusb::libusb)
[7.575s] -- OpenNI2 found (version: 2.2.0.33, include: /usr/include/openni2, lib: /usr/lib/x86_64-linux-gnu/libOpenNI2.so;libusb::libusb)
[8.220s] -- Found Qhull version 8.0.2
[8.888s] -- OpenNI found (version: 1.5.4.0, include: /usr/include/ni, lib: /usr/lib/libOpenNI.so;libusb::libusb)
[9.541s] -- Found PCL_COMMON: /usr/lib/x86_64-linux-gnu/libpcl_common.so  
[9.541s] -- Found PCL_KDTREE: /usr/lib/x86_64-linux-gnu/libpcl_kdtree.so  
[9.541s] -- Found PCL_OCTREE: /usr/lib/x86_64-linux-gnu/libpcl_octree.so  
[9.542s] -- Found PCL_SEARCH: /usr/lib/x86_64-linux-gnu/libpcl_search.so  
[9.542s] -- Found PCL_SAMPLE_CONSENSUS: /usr/lib/x86_64-linux-gnu/libpcl_sample_consensus.so  
[9.542s] -- Found PCL_FILTERS: /usr/lib/x86_64-linux-gnu/libpcl_filters.so  
[9.543s] -- Found PCL_2D: /usr/include/pcl-1.12  
[9.543s] -- Found PCL_GEOMETRY: /usr/include/pcl-1.12  
[9.543s] -- Found PCL_IO: /usr/lib/x86_64-linux-gnu/libpcl_io.so  
[9.544s] -- Found PCL_FEATURES: /usr/lib/x86_64-linux-gnu/libpcl_features.so  
[9.544s] -- Found PCL_ML: /usr/lib/x86_64-linux-gnu/libpcl_ml.so  
[9.544s] -- Found PCL_SEGMENTATION: /usr/lib/x86_64-linux-gnu/libpcl_segmentation.so  
[9.545s] -- Found PCL_VISUALIZATION: /usr/lib/x86_64-linux-gnu/libpcl_visualization.so  
[9.545s] -- Found PCL_SURFACE: /usr/lib/x86_64-linux-gnu/libpcl_surface.so  
[9.546s] -- Found PCL_REGISTRATION: /usr/lib/x86_64-linux-gnu/libpcl_registration.so  
[9.546s] -- Found PCL_KEYPOINTS: /usr/lib/x86_64-linux-gnu/libpcl_keypoints.so  
[9.547s] -- Found PCL_TRACKING: /usr/lib/x86_64-linux-gnu/libpcl_tracking.so  
[9.547s] -- Found PCL_RECOGNITION: /usr/lib/x86_64-linux-gnu/libpcl_recognition.so  
[9.548s] -- Found PCL_STEREO: /usr/lib/x86_64-linux-gnu/libpcl_stereo.so  
[9.548s] -- Found PCL_APPS: /usr/lib/x86_64-linux-gnu/libpcl_apps.so  
[9.549s] -- Found PCL_IN_HAND_SCANNER: /usr/include/pcl-1.12  
[9.549s] -- Found PCL_MODELER: /usr/include/pcl-1.12  
[9.558s] -- Found PCL_POINT_CLOUD_EDITOR: /usr/include/pcl-1.12  
[9.559s] -- Found PCL_OUTOFCORE: /usr/lib/x86_64-linux-gnu/libpcl_outofcore.so  
[9.559s] -- Found PCL_PEOPLE: /usr/lib/x86_64-linux-gnu/libpcl_people.so  
[9.569s] -- Found std_srvs: 4.9.1 (/opt/ros/humble/share/std_srvs/cmake)
[9.580s] -- Found tf2: 0.25.19 (/opt/ros/humble/share/tf2/cmake)
[9.583s] -- Found tf2_ros: 0.25.19 (/opt/ros/humble/share/tf2_ros/cmake)
[9.630s] -- Found tf2_geometry_msgs: 0.25.19 (/opt/ros/humble/share/tf2_geometry_msgs/cmake)
[9.655s] -- Found eigen3_cmake_module: 0.1.1 (/opt/ros/humble/share/eigen3_cmake_module/cmake)
[9.656s] -- Found Eigen3: TRUE (found version "3.4.0") 
[9.656s] -- Ensuring Eigen3 include directory is part of orocos-kdl CMake target
[9.661s] -- PCL libraries: pcl_common;pcl_kdtree;pcl_octree;pcl_search;pcl_sample_consensus;pcl_filters;pcl_io;pcl_features;pcl_ml;pcl_segmentation;pcl_visualization;pcl_surface;pcl_registration;pcl_keypoints;pcl_tracking;pcl_recognition;pcl_stereo;pcl_apps;pcl_outofcore;pcl_people;Boost::system;Boost::filesystem;Boost::date_time;Boost::iostreams;Boost::serialization;/usr/lib/libOpenNI.so;libusb::libusb;/usr/lib/x86_64-linux-gnu/libOpenNI2.so;libusb::libusb;VTK::ChartsCore;VTK::CommonColor;VTK::CommonComputationalGeometry;VTK::CommonCore;VTK::CommonDataModel;VTK::CommonExecutionModel;VTK::CommonMath;VTK::CommonMisc;VTK::CommonTransforms;VTK::FiltersCore;VTK::FiltersExtraction;VTK::FiltersGeneral;VTK::FiltersGeometry;VTK::FiltersModeling;VTK::FiltersSources;VTK::ImagingCore;VTK::ImagingSources;VTK::InteractionImage;VTK::InteractionStyle;VTK::InteractionWidgets;VTK::IOCore;VTK::IOGeometry;VTK::IOImage;VTK::IOLegacy;VTK::IOPLY;VTK::RenderingAnnotation;VTK::RenderingCore;VTK::RenderingContext2D;VTK::RenderingLOD;VTK::RenderingFreeType;VTK::ViewsCore;VTK::ViewsContext2D;VTK::RenderingOpenGL2;VTK::GUISupportQt;FLANN::FLANN;QHULL::QHULL
[9.661s] -- PCL include dirs: /usr/include/pcl-1.12
[9.661s] -- Eigen3 include dir: /usr/include/eigen3
[9.661s] -- PCL include dirs: /usr/include/pcl-1.12
[9.703s] -- Configuring done
[9.756s] -- Generating done
[9.761s] -- Build files have been written to: /home/goldenboy/git_version/GoldenSLAM/build/golden_slam
[9.771s] Invoked command in '/home/goldenboy/git_version/GoldenSLAM/build/golden_slam' returned '0': CMAKE_PREFIX_PATH=${CMAKE_PREFIX_PATH}:/opt/ros/humble /usr/bin/cmake /home/goldenboy/git_version/GoldenSLAM -DCMAKE_INSTALL_PREFIX=/home/goldenboy/git_version/GoldenSLAM/install/golden_slam
[9.772s] Invoking command in '/home/goldenboy/git_version/GoldenSLAM/build/golden_slam': CMAKE_PREFIX_PATH=${CMAKE_PREFIX_PATH}:/opt/ros/humble /usr/bin/cmake --build /home/goldenboy/git_version/GoldenSLAM/build/golden_slam -- -j24 -l24
[9.796s] [ 16%] Building CXX object CMakeFiles/golden_slam_node.dir/src/app/main.cpp.o
[9.796s] [ 25%] Building CXX object CMakeFiles/golden_slam_node.dir/src/core/slam_core.cpp.o
[9.796s] [ 25%] Building CXX object CMakeFiles/golden_slam_node.dir/src/app/golden_slam_app.cpp.o
[9.796s] [ 33%] Building CXX object CMakeFiles/golden_slam_node.dir/src/core/preprocess.cpp.o
[9.796s] [ 41%] Building CXX object CMakeFiles/golden_slam_node.dir/src/core/imu_processor.cpp.o
[9.796s] [ 50%] Building CXX object CMakeFiles/golden_slam_node.dir/src/core/pointcloud_deskew.cpp.o
[9.797s] [ 58%] Building CXX object CMakeFiles/golden_slam_node.dir/third_party/ikd_tree/ikd_tree.cpp.o
[9.798s] [ 66%] Building CXX object CMakeFiles/golden_slam_node.dir/src/platform/ros_bridge.cpp.o
[9.798s] [ 75%] Building CXX object CMakeFiles/golden_slam_node.dir/src/core/ikd_tree_map.cpp.o
[9.798s] [ 83%] Building CXX object CMakeFiles/golden_slam_node.dir/src/core/iekf_updater.cpp.o
[9.798s] [ 91%] Building CXX object CMakeFiles/golden_slam_node.dir/src/core/plane_estimator.cpp.o
[11.883s] /home/goldenboy/git_version/GoldenSLAM/third_party/ikd_tree/ikd_tree.cpp: In instantiation of ‘void KD_TREE<PointType>::multi_thread_rebuild() [with PointType = pcl::PointXYZ]’:
[11.884s] /home/goldenboy/git_version/GoldenSLAM/third_party/ikd_tree/ikd_tree.cpp:1726:16:   required from here
[11.884s] /home/goldenboy/git_version/GoldenSLAM/third_party/ikd_tree/ikd_tree.cpp:332:17: warning: unused variable ‘valid_old’ [-Wunused-variable]
[11.884s]   332 |             int valid_old = old_root_node->TreeSize - old_root_node->invalid_point_num;
[11.884s]       |                 ^~~~~~~~~
[11.884s] /home/goldenboy/git_version/GoldenSLAM/third_party/ikd_tree/ikd_tree.cpp:333:17: warning: unused variable ‘valid_new’ [-Wunused-variable]
[11.884s]   333 |             int valid_new = new_root_node->TreeSize - new_root_node->invalid_point_num;
[11.884s]       |                 ^~~~~~~~~
[11.884s] /home/goldenboy/git_version/GoldenSLAM/third_party/ikd_tree/ikd_tree.cpp:234:33: warning: unused variable ‘new_node_ptr’ [-Wunused-variable]
[11.884s]   234 |     KD_TREE_NODE *father_ptr, **new_node_ptr;
[11.884s]       |                                 ^~~~~~~~~~~~
[11.885s] /home/goldenboy/git_version/GoldenSLAM/third_party/ikd_tree/ikd_tree.cpp: In instantiation of ‘void KD_TREE<PointType>::Rebuild(KD_TREE<PointType>::KD_TREE_NODE**) [with PointType = pcl::PointXYZ]’:
[11.885s] /home/goldenboy/git_version/GoldenSLAM/third_party/ikd_tree/ikd_tree.cpp:1726:16:   required from here
[11.885s] /home/goldenboy/git_version/GoldenSLAM/third_party/ikd_tree/ikd_tree.cpp:754:13: warning: unused variable ‘size_rec’ [-Wunused-variable]
[11.885s]   754 |         int size_rec = (*root)->TreeSize;
[11.885s]       |             ^~~~~~~~
[11.886s] /home/goldenboy/git_version/GoldenSLAM/third_party/ikd_tree/ikd_tree.cpp: In instantiation of ‘int KD_TREE<PointType>::Delete_by_range(KD_TREE<PointType>::KD_TREE_NODE**, BoxPointType, bool, bool) [with PointType = pcl::PointXYZ]’:
[11.886s] /home/goldenboy/git_version/GoldenSLAM/third_party/ikd_tree/ikd_tree.cpp:1726:16:   required from here
[11.886s] /home/goldenboy/git_version/GoldenSLAM/third_party/ikd_tree/ikd_tree.cpp:805:21: warning: unused variable ‘Timeout’ [-Wunused-variable]
[11.886s]   805 |     struct timespec Timeout;
[11.886s]       |                     ^~~~~~~
[11.887s] /home/goldenboy/git_version/GoldenSLAM/third_party/ikd_tree/ikd_tree.cpp: In instantiation of ‘void KD_TREE<PointType>::Delete_by_point(KD_TREE<PointType>::KD_TREE_NODE**, PointType, bool) [with PointType = pcl::PointXYZ]’:
[11.887s] /home/goldenboy/git_version/GoldenSLAM/third_party/ikd_tree/ikd_tree.cpp:1726:16:   required from here
[11.887s] /home/goldenboy/git_version/GoldenSLAM/third_party/ikd_tree/ikd_tree.cpp:870:21: warning: unused variable ‘Timeout’ [-Wunused-variable]
[11.887s]   870 |     struct timespec Timeout;
[11.887s]       |                     ^~~~~~~
[11.887s] /home/goldenboy/git_version/GoldenSLAM/third_party/ikd_tree/ikd_tree.cpp: In instantiation of ‘void KD_TREE<PointType>::Add_by_point(KD_TREE<PointType>::KD_TREE_NODE**, PointType, bool, int) [with PointType = pcl::PointXYZ]’:
[11.887s] /home/goldenboy/git_version/GoldenSLAM/third_party/ikd_tree/ikd_tree.cpp:1726:16:   required from here
[11.888s] /home/goldenboy/git_version/GoldenSLAM/third_party/ikd_tree/ikd_tree.cpp:1009:21: warning: unused variable ‘Timeout’ [-Wunused-variable]
[11.888s]  1009 |     struct timespec Timeout;
[11.888s]       |                     ^~~~~~~
[11.888s] /home/goldenboy/git_version/GoldenSLAM/third_party/ikd_tree/ikd_tree.cpp: In instantiation of ‘void KD_TREE<PointType>::Add_by_range(KD_TREE<PointType>::KD_TREE_NODE**, BoxPointType, bool) [with PointType = pcl::PointXYZ]’:
[11.888s] /home/goldenboy/git_version/GoldenSLAM/third_party/ikd_tree/ikd_tree.cpp:1726:16:   required from here
[11.888s] /home/goldenboy/git_version/GoldenSLAM/third_party/ikd_tree/ikd_tree.cpp:949:21: warning: unused variable ‘Timeout’ [-Wunused-variable]
[11.888s]   949 |     struct timespec Timeout;
[11.888s]       |                     ^~~~~~~
[11.888s] /home/goldenboy/git_version/GoldenSLAM/third_party/ikd_tree/ikd_tree.cpp: In instantiation of ‘void KD_TREE<PointType>::Search(KD_TREE<PointType>::KD_TREE_NODE*, int, PointType, KD_TREE<PointType>::MANUAL_HEAP&, float) [with PointType = pcl::PointXYZ]’:
[11.888s] /home/goldenboy/git_version/GoldenSLAM/third_party/ikd_tree/ikd_tree.cpp:1726:16:   required from here
[11.888s] /home/goldenboy/git_version/GoldenSLAM/third_party/ikd_tree/ikd_tree.cpp:1100:63: warning: suggest parentheses around ‘&&’ within ‘||’ [-Wparentheses]
[11.888s]  1100 |     if (q.size() < k_nearest || dist_left_node < q.top().dist && dist_right_node < q.top().dist)
[11.888s]       |                                 ~~~~~~~~~~~~~~~~~~~~~~~~~~~~~~^~~~~~~~~~~~~~~~~~~~~~~~~~~~~~~~~
[11.888s] /home/goldenboy/git_version/GoldenSLAM/third_party/ikd_tree/ikd_tree.cpp:1097:9: warning: unused variable ‘cur_search_counter’ [-Wunused-variable]
[11.888s]  1097 |     int cur_search_counter;
[11.889s]       |         ^~~~~~~~~~~~~~~~~~
[11.893s] /home/goldenboy/git_version/GoldenSLAM/third_party/ikd_tree/ikd_tree.cpp: In instantiation of ‘int KD_TREE<PointType>::Add_Points(KD_TREE<PointType>::PointVector&, bool) [with PointType = pcl::PointXYZ; KD_TREE<PointType>::PointVector = std::vector<pcl::PointXYZ, Eigen::aligned_allocator<pcl::PointXYZ> >]’:
[11.893s] /home/goldenboy/git_version/GoldenSLAM/third_party/ikd_tree/ikd_tree.cpp:1726:16:   required from here
[11.894s] /home/goldenboy/git_version/GoldenSLAM/third_party/ikd_tree/ikd_tree.cpp:488:23: warning: comparison of integer expressions of different signedness: ‘int’ and ‘std::vector<pcl::PointXYZ, Eigen::aligned_allocator<pcl::PointXYZ> >::size_type’ {aka ‘long unsigned int’} [-Wsign-compare]
[11.894s]   488 |     for (int i = 0; i < PointToAdd.size(); i++)
[11.894s]       |                     ~~^~~~~~~~~~~~~~~~~~~
[11.894s] /home/goldenboy/git_version/GoldenSLAM/third_party/ikd_tree/ikd_tree.cpp:505:39: warning: comparison of integer expressions of different signedness: ‘int’ and ‘std::vector<pcl::PointXYZ, Eigen::aligned_allocator<pcl::PointXYZ> >::size_type’ {aka ‘long unsigned int’} [-Wsign-compare]
[11.894s]   505 |             for (int index = 0; index < Downsample_Storage.size(); index++)
[11.894s]       |                                 ~~~~~~^~~~~~~~~~~~~~~~~~~~~~~~~~~
[11.895s] /home/goldenboy/git_version/GoldenSLAM/third_party/ikd_tree/ikd_tree.cpp:481:9: warning: unused variable ‘NewPointSize’ [-Wunused-variable]
[11.895s]   481 |     int NewPointSize = PointToAdd.size();
[11.895s]       |         ^~~~~~~~~~~~
[11.895s] /home/goldenboy/git_version/GoldenSLAM/third_party/ikd_tree/ikd_tree.cpp:482:9: warning: unused variable ‘tree_size’ [-Wunused-variable]
[11.895s]   482 |     int tree_size = size();
[11.895s]       |         ^~~~~~~~~
[11.895s] /home/goldenboy/git_version/GoldenSLAM/third_party/ikd_tree/ikd_tree.cpp: In instantiation of ‘void KD_TREE<PointType>::Add_Point_Boxes(std::vector<BoxPointType>&) [with PointType = pcl::PointXYZ]’:
[11.895s] /home/goldenboy/git_version/GoldenSLAM/third_party/ikd_tree/ikd_tree.cpp:1726:16:   required from here
[11.895s] /home/goldenboy/git_version/GoldenSLAM/third_party/ikd_tree/ikd_tree.cpp:579:23: warning: comparison of integer expressions of different signedness: ‘int’ and ‘std::vector<BoxPointType>::size_type’ {aka ‘long unsigned int’} [-Wsign-compare]
[11.895s]   579 |     for (int i = 0; i < BoxPoints.size(); i++)
[11.895s]       |                     ~~^~~~~~~~~~~~~~~~~~
[11.895s] /home/goldenboy/git_version/GoldenSLAM/third_party/ikd_tree/ikd_tree.cpp: In instantiation of ‘void KD_TREE<PointType>::Delete_Points(KD_TREE<PointType>::PointVector&) [with PointType = pcl::PointXYZ; KD_TREE<PointType>::PointVector = std::vector<pcl::PointXYZ, Eigen::aligned_allocator<pcl::PointXYZ> >]’:
[11.895s] /home/goldenboy/git_version/GoldenSLAM/third_party/ikd_tree/ikd_tree.cpp:1726:16:   required from here
[11.895s] /home/goldenboy/git_version/GoldenSLAM/third_party/ikd_tree/ikd_tree.cpp:607:23: warning: comparison of integer expressions of different signedness: ‘int’ and ‘std::vector<pcl::PointXYZ, Eigen::aligned_allocator<pcl::PointXYZ> >::size_type’ {aka ‘long unsigned int’} [-Wsign-compare]
[11.895s]   607 |     for (int i = 0; i < PointToDel.size(); i++)
[11.896s]       |                     ~~^~~~~~~~~~~~~~~~~~~
[11.896s] /home/goldenboy/git_version/GoldenSLAM/third_party/ikd_tree/ikd_tree.cpp: In instantiation of ‘int KD_TREE<PointType>::Delete_Point_Boxes(std::vector<BoxPointType>&) [with PointType = pcl::PointXYZ]’:
[11.896s] /home/goldenboy/git_version/GoldenSLAM/third_party/ikd_tree/ikd_tree.cpp:1726:16:   required from here
[11.896s] /home/goldenboy/git_version/GoldenSLAM/third_party/ikd_tree/ikd_tree.cpp:636:23: warning: comparison of integer expressions of different signedness: ‘int’ and ‘std::vector<BoxPointType>::size_type’ {aka ‘long unsigned int’} [-Wsign-compare]
[11.896s]   636 |     for (int i = 0; i < BoxPoints.size(); i++)
[11.896s]       |                     ~~^~~~~~~~~~~~~~~~~~
[11.896s] /home/goldenboy/git_version/GoldenSLAM/third_party/ikd_tree/ikd_tree.cpp: In instantiation of ‘void KD_TREE<PointType>::acquire_removed_points(KD_TREE<PointType>::PointVector&) [with PointType = pcl::PointXYZ; KD_TREE<PointType>::PointVector = std::vector<pcl::PointXYZ, Eigen::aligned_allocator<pcl::PointXYZ> >]’:
[11.896s] /home/goldenboy/git_version/GoldenSLAM/third_party/ikd_tree/ikd_tree.cpp:1726:16:   required from here
[11.896s] /home/goldenboy/git_version/GoldenSLAM/third_party/ikd_tree/ikd_tree.cpp:665:23: warning: comparison of integer expressions of different signedness: ‘int’ and ‘std::vector<pcl::PointXYZ, Eigen::aligned_allocator<pcl::PointXYZ> >::size_type’ {aka ‘long unsigned int’} [-Wsign-compare]
[11.896s]   665 |     for (int i = 0; i < Points_deleted.size(); i++)
[11.896s]       |                     ~~^~~~~~~~~~~~~~~~~~~~~~~
[11.896s] /home/goldenboy/git_version/GoldenSLAM/third_party/ikd_tree/ikd_tree.cpp:669:23: warning: comparison of integer expressions of different signedness: ‘int’ and ‘std::vector<pcl::PointXYZ, Eigen::aligned_allocator<pcl::PointXYZ> >::size_type’ {aka ‘long unsigned int’} [-Wsign-compare]
[11.896s]   669 |     for (int i = 0; i < Multithread_Points_deleted.size(); i++)
[11.896s]       |                     ~~^~~~~~~~~~~~~~~~~~~~~~~~~~~~~~~~~~~
[11.897s] /home/goldenboy/git_version/GoldenSLAM/third_party/ikd_tree/ikd_tree.cpp: In instantiation of ‘void KD_TREE<PointType>::multi_thread_rebuild() [with PointType = pcl::PointXYZI]’:
[11.897s] /home/goldenboy/git_version/GoldenSLAM/third_party/ikd_tree/ikd_tree.cpp:1727:16:   required from here
[11.897s] /home/goldenboy/git_version/GoldenSLAM/third_party/ikd_tree/ikd_tree.cpp:332:17: warning: unused variable ‘valid_old’ [-Wunused-variable]
[11.897s]   332 |             int valid_old = old_root_node->TreeSize - old_root_node->invalid_point_num;
[11.897s]       |                 ^~~~~~~~~
[11.898s] /home/goldenboy/git_version/GoldenSLAM/third_party/ikd_tree/ikd_tree.cpp:333:17: warning: unused variable ‘valid_new’ [-Wunused-variable]
[11.898s]   333 |             int valid_new = new_root_node->TreeSize - new_root_node->invalid_point_num;
[11.898s]       |                 ^~~~~~~~~
[11.898s] /home/goldenboy/git_version/GoldenSLAM/third_party/ikd_tree/ikd_tree.cpp:234:33: warning: unused variable ‘new_node_ptr’ [-Wunused-variable]
[11.898s]   234 |     KD_TREE_NODE *father_ptr, **new_node_ptr;
[11.898s]       |                                 ^~~~~~~~~~~~
[11.899s] /home/goldenboy/git_version/GoldenSLAM/third_party/ikd_tree/ikd_tree.cpp: In instantiation of ‘void KD_TREE<PointType>::Rebuild(KD_TREE<PointType>::KD_TREE_NODE**) [with PointType = pcl::PointXYZI]’:
[11.899s] /home/goldenboy/git_version/GoldenSLAM/third_party/ikd_tree/ikd_tree.cpp:1727:16:   required from here
[11.899s] /home/goldenboy/git_version/GoldenSLAM/third_party/ikd_tree/ikd_tree.cpp:754:13: warning: unused variable ‘size_rec’ [-Wunused-variable]
[11.899s]   754 |         int size_rec = (*root)->TreeSize;
[11.899s]       |             ^~~~~~~~
[11.900s] /home/goldenboy/git_version/GoldenSLAM/third_party/ikd_tree/ikd_tree.cpp: In instantiation of ‘int KD_TREE<PointType>::Delete_by_range(KD_TREE<PointType>::KD_TREE_NODE**, BoxPointType, bool, bool) [with PointType = pcl::PointXYZI]’:
[11.900s] /home/goldenboy/git_version/GoldenSLAM/third_party/ikd_tree/ikd_tree.cpp:1727:16:   required from here
[11.900s] /home/goldenboy/git_version/GoldenSLAM/third_party/ikd_tree/ikd_tree.cpp:805:21: warning: unused variable ‘Timeout’ [-Wunused-variable]
[11.900s]   805 |     struct timespec Timeout;
[11.901s]       |                     ^~~~~~~
[11.901s] /home/goldenboy/git_version/GoldenSLAM/third_party/ikd_tree/ikd_tree.cpp: In instantiation of ‘void KD_TREE<PointType>::Delete_by_point(KD_TREE<PointType>::KD_TREE_NODE**, PointType, bool) [with PointType = pcl::PointXYZI]’:
[11.901s] /home/goldenboy/git_version/GoldenSLAM/third_party/ikd_tree/ikd_tree.cpp:1727:16:   required from here
[11.901s] /home/goldenboy/git_version/GoldenSLAM/third_party/ikd_tree/ikd_tree.cpp:870:21: warning: unused variable ‘Timeout’ [-Wunused-variable]
[11.901s]   870 |     struct timespec Timeout;
[11.901s]       |                     ^~~~~~~
[11.901s] /home/goldenboy/git_version/GoldenSLAM/third_party/ikd_tree/ikd_tree.cpp: In instantiation of ‘void KD_TREE<PointType>::Add_by_point(KD_TREE<PointType>::KD_TREE_NODE**, PointType, bool, int) [with PointType = pcl::PointXYZI]’:
[11.901s] /home/goldenboy/git_version/GoldenSLAM/third_party/ikd_tree/ikd_tree.cpp:1727:16:   required from here
[11.901s] /home/goldenboy/git_version/GoldenSLAM/third_party/ikd_tree/ikd_tree.cpp:1009:21: warning: unused variable ‘Timeout’ [-Wunused-variable]
[11.901s]  1009 |     struct timespec Timeout;
[11.901s]       |                     ^~~~~~~
[11.901s] /home/goldenboy/git_version/GoldenSLAM/third_party/ikd_tree/ikd_tree.cpp: In instantiation of ‘void KD_TREE<PointType>::Add_by_range(KD_TREE<PointType>::KD_TREE_NODE**, BoxPointType, bool) [with PointType = pcl::PointXYZI]’:
[11.901s] /home/goldenboy/git_version/GoldenSLAM/third_party/ikd_tree/ikd_tree.cpp:1727:16:   required from here
[11.901s] /home/goldenboy/git_version/GoldenSLAM/third_party/ikd_tree/ikd_tree.cpp:949:21: warning: unused variable ‘Timeout’ [-Wunused-variable]
[11.901s]   949 |     struct timespec Timeout;
[11.902s]       |                     ^~~~~~~
[11.902s] /home/goldenboy/git_version/GoldenSLAM/third_party/ikd_tree/ikd_tree.cpp: In instantiation of ‘void KD_TREE<PointType>::Search(KD_TREE<PointType>::KD_TREE_NODE*, int, PointType, KD_TREE<PointType>::MANUAL_HEAP&, float) [with PointType = pcl::PointXYZI]’:
[11.902s] /home/goldenboy/git_version/GoldenSLAM/third_party/ikd_tree/ikd_tree.cpp:1727:16:   required from here
[11.902s] /home/goldenboy/git_version/GoldenSLAM/third_party/ikd_tree/ikd_tree.cpp:1100:63: warning: suggest parentheses around ‘&&’ within ‘||’ [-Wparentheses]
[11.902s]  1100 |     if (q.size() < k_nearest || dist_left_node < q.top().dist && dist_right_node < q.top().dist)
[11.902s]       |                                 ~~~~~~~~~~~~~~~~~~~~~~~~~~~~~~^~~~~~~~~~~~~~~~~~~~~~~~~~~~~~~~~
[11.902s] /home/goldenboy/git_version/GoldenSLAM/third_party/ikd_tree/ikd_tree.cpp:1097:9: warning: unused variable ‘cur_search_counter’ [-Wunused-variable]
[11.902s]  1097 |     int cur_search_counter;
[11.902s]       |         ^~~~~~~~~~~~~~~~~~
[11.906s] /home/goldenboy/git_version/GoldenSLAM/third_party/ikd_tree/ikd_tree.cpp: In instantiation of ‘int KD_TREE<PointType>::Add_Points(KD_TREE<PointType>::PointVector&, bool) [with PointType = pcl::PointXYZI; KD_TREE<PointType>::PointVector = std::vector<pcl::PointXYZI, Eigen::aligned_allocator<pcl::PointXYZI> >]’:
[11.906s] /home/goldenboy/git_version/GoldenSLAM/third_party/ikd_tree/ikd_tree.cpp:1727:16:   required from here
[11.906s] /home/goldenboy/git_version/GoldenSLAM/third_party/ikd_tree/ikd_tree.cpp:488:23: warning: comparison of integer expressions of different signedness: ‘int’ and ‘std::vector<pcl::PointXYZI, Eigen::aligned_allocator<pcl::PointXYZI> >::size_type’ {aka ‘long unsigned int’} [-Wsign-compare]
[11.906s]   488 |     for (int i = 0; i < PointToAdd.size(); i++)
[11.907s]       |                     ~~^~~~~~~~~~~~~~~~~~~
[11.907s] /home/goldenboy/git_version/GoldenSLAM/third_party/ikd_tree/ikd_tree.cpp:505:39: warning: comparison of integer expressions of different signedness: ‘int’ and ‘std::vector<pcl::PointXYZI, Eigen::aligned_allocator<pcl::PointXYZI> >::size_type’ {aka ‘long unsigned int’} [-Wsign-compare]
[11.907s]   505 |             for (int index = 0; index < Downsample_Storage.size(); index++)
[11.907s]       |                                 ~~~~~~^~~~~~~~~~~~~~~~~~~~~~~~~~~
[11.907s] /home/goldenboy/git_version/GoldenSLAM/third_party/ikd_tree/ikd_tree.cpp:481:9: warning: unused variable ‘NewPointSize’ [-Wunused-variable]
[11.907s]   481 |     int NewPointSize = PointToAdd.size();
[11.907s]       |         ^~~~~~~~~~~~
[11.907s] /home/goldenboy/git_version/GoldenSLAM/third_party/ikd_tree/ikd_tree.cpp:482:9: warning: unused variable ‘tree_size’ [-Wunused-variable]
[11.907s]   482 |     int tree_size = size();
[11.907s]       |         ^~~~~~~~~
[11.908s] /home/goldenboy/git_version/GoldenSLAM/third_party/ikd_tree/ikd_tree.cpp: In instantiation of ‘void KD_TREE<PointType>::Add_Point_Boxes(std::vector<BoxPointType>&) [with PointType = pcl::PointXYZI]’:
[11.908s] /home/goldenboy/git_version/GoldenSLAM/third_party/ikd_tree/ikd_tree.cpp:1727:16:   required from here
[11.908s] /home/goldenboy/git_version/GoldenSLAM/third_party/ikd_tree/ikd_tree.cpp:579:23: warning: comparison of integer expressions of different signedness: ‘int’ and ‘std::vector<BoxPointType>::size_type’ {aka ‘long unsigned int’} [-Wsign-compare]
[11.908s]   579 |     for (int i = 0; i < BoxPoints.size(); i++)
[11.908s]       |                     ~~^~~~~~~~~~~~~~~~~~
[11.908s] /home/goldenboy/git_version/GoldenSLAM/third_party/ikd_tree/ikd_tree.cpp: In instantiation of ‘void KD_TREE<PointType>::Delete_Points(KD_TREE<PointType>::PointVector&) [with PointType = pcl::PointXYZI; KD_TREE<PointType>::PointVector = std::vector<pcl::PointXYZI, Eigen::aligned_allocator<pcl::PointXYZI> >]’:
[11.908s] /home/goldenboy/git_version/GoldenSLAM/third_party/ikd_tree/ikd_tree.cpp:1727:16:   required from here
[11.908s] /home/goldenboy/git_version/GoldenSLAM/third_party/ikd_tree/ikd_tree.cpp:607:23: warning: comparison of integer expressions of different signedness: ‘int’ and ‘std::vector<pcl::PointXYZI, Eigen::aligned_allocator<pcl::PointXYZI> >::size_type’ {aka ‘long unsigned int’} [-Wsign-compare]
[11.908s]   607 |     for (int i = 0; i < PointToDel.size(); i++)
[11.908s]       |                     ~~^~~~~~~~~~~~~~~~~~~
[11.908s] /home/goldenboy/git_version/GoldenSLAM/third_party/ikd_tree/ikd_tree.cpp: In instantiation of ‘int KD_TREE<PointType>::Delete_Point_Boxes(std::vector<BoxPointType>&) [with PointType = pcl::PointXYZI]’:
[11.908s] /home/goldenboy/git_version/GoldenSLAM/third_party/ikd_tree/ikd_tree.cpp:1727:16:   required from here
[11.908s] /home/goldenboy/git_version/GoldenSLAM/third_party/ikd_tree/ikd_tree.cpp:636:23: warning: comparison of integer expressions of different signedness: ‘int’ and ‘std::vector<BoxPointType>::size_type’ {aka ‘long unsigned int’} [-Wsign-compare]
[11.908s]   636 |     for (int i = 0; i < BoxPoints.size(); i++)
[11.908s]       |                     ~~^~~~~~~~~~~~~~~~~~
[11.908s] /home/goldenboy/git_version/GoldenSLAM/third_party/ikd_tree/ikd_tree.cpp: In instantiation of ‘void KD_TREE<PointType>::acquire_removed_points(KD_TREE<PointType>::PointVector&) [with PointType = pcl::PointXYZI; KD_TREE<PointType>::PointVector = std::vector<pcl::PointXYZI, Eigen::aligned_allocator<pcl::PointXYZI> >]’:
[11.908s] /home/goldenboy/git_version/GoldenSLAM/third_party/ikd_tree/ikd_tree.cpp:1727:16:   required from here
[11.908s] /home/goldenboy/git_version/GoldenSLAM/third_party/ikd_tree/ikd_tree.cpp:665:23: warning: comparison of integer expressions of different signedness: ‘int’ and ‘std::vector<pcl::PointXYZI, Eigen::aligned_allocator<pcl::PointXYZI> >::size_type’ {aka ‘long unsigned int’} [-Wsign-compare]
[11.908s]   665 |     for (int i = 0; i < Points_deleted.size(); i++)
[11.908s]       |                     ~~^~~~~~~~~~~~~~~~~~~~~~~
[11.908s] /home/goldenboy/git_version/GoldenSLAM/third_party/ikd_tree/ikd_tree.cpp:669:23: warning: comparison of integer expressions of different signedness: ‘int’ and ‘std::vector<pcl::PointXYZI, Eigen::aligned_allocator<pcl::PointXYZI> >::size_type’ {aka ‘long unsigned int’} [-Wsign-compare]
[11.908s]   669 |     for (int i = 0; i < Multithread_Points_deleted.size(); i++)
[11.908s]       |                     ~~^~~~~~~~~~~~~~~~~~~~~~~~~~~~~~~~~~~
[11.909s] /home/goldenboy/git_version/GoldenSLAM/third_party/ikd_tree/ikd_tree.cpp: In instantiation of ‘void KD_TREE<PointType>::multi_thread_rebuild() [with PointType = pcl::PointXYZINormal]’:
[11.909s] /home/goldenboy/git_version/GoldenSLAM/third_party/ikd_tree/ikd_tree.cpp:1728:16:   required from here
[11.909s] /home/goldenboy/git_version/GoldenSLAM/third_party/ikd_tree/ikd_tree.cpp:332:17: warning: unused variable ‘valid_old’ [-Wunused-variable]
[11.910s]   332 |             int valid_old = old_root_node->TreeSize - old_root_node->invalid_point_num;
[11.910s]       |                 ^~~~~~~~~
[11.910s] /home/goldenboy/git_version/GoldenSLAM/third_party/ikd_tree/ikd_tree.cpp:333:17: warning: unused variable ‘valid_new’ [-Wunused-variable]
[11.910s]   333 |             int valid_new = new_root_node->TreeSize - new_root_node->invalid_point_num;
[11.910s]       |                 ^~~~~~~~~
[11.910s] /home/goldenboy/git_version/GoldenSLAM/third_party/ikd_tree/ikd_tree.cpp:234:33: warning: unused variable ‘new_node_ptr’ [-Wunused-variable]
[11.910s]   234 |     KD_TREE_NODE *father_ptr, **new_node_ptr;
[11.910s]       |                                 ^~~~~~~~~~~~
[11.911s] /home/goldenboy/git_version/GoldenSLAM/third_party/ikd_tree/ikd_tree.cpp: In instantiation of ‘void KD_TREE<PointType>::Rebuild(KD_TREE<PointType>::KD_TREE_NODE**) [with PointType = pcl::PointXYZINormal]’:
[11.911s] /home/goldenboy/git_version/GoldenSLAM/third_party/ikd_tree/ikd_tree.cpp:1728:16:   required from here
[11.911s] /home/goldenboy/git_version/GoldenSLAM/third_party/ikd_tree/ikd_tree.cpp:754:13: warning: unused variable ‘size_rec’ [-Wunused-variable]
[11.912s]   754 |         int size_rec = (*root)->TreeSize;
[11.912s]       |             ^~~~~~~~
[11.912s] /home/goldenboy/git_version/GoldenSLAM/third_party/ikd_tree/ikd_tree.cpp: In instantiation of ‘int KD_TREE<PointType>::Delete_by_range(KD_TREE<PointType>::KD_TREE_NODE**, BoxPointType, bool, bool) [with PointType = pcl::PointXYZINormal]’:
[11.912s] /home/goldenboy/git_version/GoldenSLAM/third_party/ikd_tree/ikd_tree.cpp:1728:16:   required from here
[11.912s] /home/goldenboy/git_version/GoldenSLAM/third_party/ikd_tree/ikd_tree.cpp:805:21: warning: unused variable ‘Timeout’ [-Wunused-variable]
[11.912s]   805 |     struct timespec Timeout;
[11.913s]       |                     ^~~~~~~
[11.913s] /home/goldenboy/git_version/GoldenSLAM/third_party/ikd_tree/ikd_tree.cpp: In instantiation of ‘void KD_TREE<PointType>::Delete_by_point(KD_TREE<PointType>::KD_TREE_NODE**, PointType, bool) [with PointType = pcl::PointXYZINormal]’:
[11.913s] /home/goldenboy/git_version/GoldenSLAM/third_party/ikd_tree/ikd_tree.cpp:1728:16:   required from here
[11.913s] /home/goldenboy/git_version/GoldenSLAM/third_party/ikd_tree/ikd_tree.cpp:870:21: warning: unused variable ‘Timeout’ [-Wunused-variable]
[11.913s]   870 |     struct timespec Timeout;
[11.913s]       |                     ^~~~~~~
[11.914s] /home/goldenboy/git_version/GoldenSLAM/third_party/ikd_tree/ikd_tree.cpp: In instantiation of ‘void KD_TREE<PointType>::Add_by_point(KD_TREE<PointType>::KD_TREE_NODE**, PointType, bool, int) [with PointType = pcl::PointXYZINormal]’:
[11.914s] /home/goldenboy/git_version/GoldenSLAM/third_party/ikd_tree/ikd_tree.cpp:1728:16:   required from here
[11.914s] /home/goldenboy/git_version/GoldenSLAM/third_party/ikd_tree/ikd_tree.cpp:1009:21: warning: unused variable ‘Timeout’ [-Wunused-variable]
[11.914s]  1009 |     struct timespec Timeout;
[11.915s]       |                     ^~~~~~~
[11.915s] /home/goldenboy/git_version/GoldenSLAM/third_party/ikd_tree/ikd_tree.cpp: In instantiation of ‘void KD_TREE<PointType>::Add_by_range(KD_TREE<PointType>::KD_TREE_NODE**, BoxPointType, bool) [with PointType = pcl::PointXYZINormal]’:
[11.915s] /home/goldenboy/git_version/GoldenSLAM/third_party/ikd_tree/ikd_tree.cpp:1728:16:   required from here
[11.915s] /home/goldenboy/git_version/GoldenSLAM/third_party/ikd_tree/ikd_tree.cpp:949:21: warning: unused variable ‘Timeout’ [-Wunused-variable]
[11.915s]   949 |     struct timespec Timeout;
[11.915s]       |                     ^~~~~~~
[11.915s] /home/goldenboy/git_version/GoldenSLAM/third_party/ikd_tree/ikd_tree.cpp: In instantiation of ‘void KD_TREE<PointType>::Search(KD_TREE<PointType>::KD_TREE_NODE*, int, PointType, KD_TREE<PointType>::MANUAL_HEAP&, float) [with PointType = pcl::PointXYZINormal]’:
[11.915s] /home/goldenboy/git_version/GoldenSLAM/third_party/ikd_tree/ikd_tree.cpp:1728:16:   required from here
[11.915s] /home/goldenboy/git_version/GoldenSLAM/third_party/ikd_tree/ikd_tree.cpp:1100:63: warning: suggest parentheses around ‘&&’ within ‘||’ [-Wparentheses]
[11.915s]  1100 |     if (q.size() < k_nearest || dist_left_node < q.top().dist && dist_right_node < q.top().dist)
[11.915s]       |                                 ~~~~~~~~~~~~~~~~~~~~~~~~~~~~~~^~~~~~~~~~~~~~~~~~~~~~~~~~~~~~~~~
[11.915s] /home/goldenboy/git_version/GoldenSLAM/third_party/ikd_tree/ikd_tree.cpp:1097:9: warning: unused variable ‘cur_search_counter’ [-Wunused-variable]
[11.915s]  1097 |     int cur_search_counter;
[11.915s]       |         ^~~~~~~~~~~~~~~~~~
[11.922s] /home/goldenboy/git_version/GoldenSLAM/third_party/ikd_tree/ikd_tree.cpp: In instantiation of ‘int KD_TREE<PointType>::Add_Points(KD_TREE<PointType>::PointVector&, bool) [with PointType = pcl::PointXYZINormal; KD_TREE<PointType>::PointVector = std::vector<pcl::PointXYZINormal, Eigen::aligned_allocator<pcl::PointXYZINormal> >]’:
[11.922s] /home/goldenboy/git_version/GoldenSLAM/third_party/ikd_tree/ikd_tree.cpp:1728:16:   required from here
[11.922s] /home/goldenboy/git_version/GoldenSLAM/third_party/ikd_tree/ikd_tree.cpp:488:23: warning: comparison of integer expressions of different signedness: ‘int’ and ‘std::vector<pcl::PointXYZINormal, Eigen::aligned_allocator<pcl::PointXYZINormal> >::size_type’ {aka ‘long unsigned int’} [-Wsign-compare]
[11.922s]   488 |     for (int i = 0; i < PointToAdd.size(); i++)
[11.922s]       |                     ~~^~~~~~~~~~~~~~~~~~~
[11.922s] /home/goldenboy/git_version/GoldenSLAM/third_party/ikd_tree/ikd_tree.cpp:505:39: warning: comparison of integer expressions of different signedness: ‘int’ and ‘std::vector<pcl::PointXYZINormal, Eigen::aligned_allocator<pcl::PointXYZINormal> >::size_type’ {aka ‘long unsigned int’} [-Wsign-compare]
[11.923s]   505 |             for (int index = 0; index < Downsample_Storage.size(); index++)
[11.923s]       |                                 ~~~~~~^~~~~~~~~~~~~~~~~~~~~~~~~~~
[11.923s] /home/goldenboy/git_version/GoldenSLAM/third_party/ikd_tree/ikd_tree.cpp:481:9: warning: unused variable ‘NewPointSize’ [-Wunused-variable]
[11.923s]   481 |     int NewPointSize = PointToAdd.size();
[11.923s]       |         ^~~~~~~~~~~~
[11.923s] /home/goldenboy/git_version/GoldenSLAM/third_party/ikd_tree/ikd_tree.cpp:482:9: warning: unused variable ‘tree_size’ [-Wunused-variable]
[11.923s]   482 |     int tree_size = size();
[11.923s]       |         ^~~~~~~~~
[11.923s] /home/goldenboy/git_version/GoldenSLAM/third_party/ikd_tree/ikd_tree.cpp: In instantiation of ‘void KD_TREE<PointType>::Add_Point_Boxes(std::vector<BoxPointType>&) [with PointType = pcl::PointXYZINormal]’:
[11.923s] /home/goldenboy/git_version/GoldenSLAM/third_party/ikd_tree/ikd_tree.cpp:1728:16:   required from here
[11.923s] /home/goldenboy/git_version/GoldenSLAM/third_party/ikd_tree/ikd_tree.cpp:579:23: warning: comparison of integer expressions of different signedness: ‘int’ and ‘std::vector<BoxPointType>::size_type’ {aka ‘long unsigned int’} [-Wsign-compare]
[11.923s]   579 |     for (int i = 0; i < BoxPoints.size(); i++)
[11.923s]       |                     ~~^~~~~~~~~~~~~~~~~~
[11.923s] /home/goldenboy/git_version/GoldenSLAM/third_party/ikd_tree/ikd_tree.cpp: In instantiation of ‘void KD_TREE<PointType>::Delete_Points(KD_TREE<PointType>::PointVector&) [with PointType = pcl::PointXYZINormal; KD_TREE<PointType>::PointVector = std::vector<pcl::PointXYZINormal, Eigen::aligned_allocator<pcl::PointXYZINormal> >]’:
[11.923s] /home/goldenboy/git_version/GoldenSLAM/third_party/ikd_tree/ikd_tree.cpp:1728:16:   required from here
[11.923s] /home/goldenboy/git_version/GoldenSLAM/third_party/ikd_tree/ikd_tree.cpp:607:23: warning: comparison of integer expressions of different signedness: ‘int’ and ‘std::vector<pcl::PointXYZINormal, Eigen::aligned_allocator<pcl::PointXYZINormal> >::size_type’ {aka ‘long unsigned int’} [-Wsign-compare]
[11.923s]   607 |     for (int i = 0; i < PointToDel.size(); i++)
[11.923s]       |                     ~~^~~~~~~~~~~~~~~~~~~
[11.924s] /home/goldenboy/git_version/GoldenSLAM/third_party/ikd_tree/ikd_tree.cpp: In instantiation of ‘int KD_TREE<PointType>::Delete_Point_Boxes(std::vector<BoxPointType>&) [with PointType = pcl::PointXYZINormal]’:
[11.924s] /home/goldenboy/git_version/GoldenSLAM/third_party/ikd_tree/ikd_tree.cpp:1728:16:   required from here
[11.924s] /home/goldenboy/git_version/GoldenSLAM/third_party/ikd_tree/ikd_tree.cpp:636:23: warning: comparison of integer expressions of different signedness: ‘int’ and ‘std::vector<BoxPointType>::size_type’ {aka ‘long unsigned int’} [-Wsign-compare]
[11.924s]   636 |     for (int i = 0; i < BoxPoints.size(); i++)
[11.924s]       |                     ~~^~~~~~~~~~~~~~~~~~
[11.924s] /home/goldenboy/git_version/GoldenSLAM/third_party/ikd_tree/ikd_tree.cpp: In instantiation of ‘void KD_TREE<PointType>::acquire_removed_points(KD_TREE<PointType>::PointVector&) [with PointType = pcl::PointXYZINormal; KD_TREE<PointType>::PointVector = std::vector<pcl::PointXYZINormal, Eigen::aligned_allocator<pcl::PointXYZINormal> >]’:
[11.924s] /home/goldenboy/git_version/GoldenSLAM/third_party/ikd_tree/ikd_tree.cpp:1728:16:   required from here
[11.924s] /home/goldenboy/git_version/GoldenSLAM/third_party/ikd_tree/ikd_tree.cpp:665:23: warning: comparison of integer expressions of different signedness: ‘int’ and ‘std::vector<pcl::PointXYZINormal, Eigen::aligned_allocator<pcl::PointXYZINormal> >::size_type’ {aka ‘long unsigned int’} [-Wsign-compare]
[11.924s]   665 |     for (int i = 0; i < Points_deleted.size(); i++)
[11.924s]       |                     ~~^~~~~~~~~~~~~~~~~~~~~~~
[11.924s] /home/goldenboy/git_version/GoldenSLAM/third_party/ikd_tree/ikd_tree.cpp:669:23: warning: comparison of integer expressions of different signedness: ‘int’ and ‘std::vector<pcl::PointXYZINormal, Eigen::aligned_allocator<pcl::PointXYZINormal> >::size_type’ {aka ‘long unsigned int’} [-Wsign-compare]
[11.924s]   669 |     for (int i = 0; i < Multithread_Points_deleted.size(); i++)
[11.924s]       |                     ~~^~~~~~~~~~~~~~~~~~~~~~~~~~~~~~~~~~~
[11.928s] /home/goldenboy/git_version/GoldenSLAM/third_party/ikd_tree/ikd_tree.cpp: In instantiation of ‘void KD_TREE<PointType>::multi_thread_rebuild() [with PointType = PointT]’:
[11.928s] /home/goldenboy/git_version/GoldenSLAM/third_party/ikd_tree/ikd_tree.cpp:1729:16:   required from here
[11.928s] /home/goldenboy/git_version/GoldenSLAM/third_party/ikd_tree/ikd_tree.cpp:332:17: warning: unused variable ‘valid_old’ [-Wunused-variable]
[11.928s]   332 |             int valid_old = old_root_node->TreeSize - old_root_node->invalid_point_num;
[11.928s]       |                 ^~~~~~~~~
[11.928s] /home/goldenboy/git_version/GoldenSLAM/third_party/ikd_tree/ikd_tree.cpp:333:17: warning: unused variable ‘valid_new’ [-Wunused-variable]
[11.928s]   333 |             int valid_new = new_root_node->TreeSize - new_root_node->invalid_point_num;
[11.928s]       |                 ^~~~~~~~~
[11.928s] /home/goldenboy/git_version/GoldenSLAM/third_party/ikd_tree/ikd_tree.cpp:234:33: warning: unused variable ‘new_node_ptr’ [-Wunused-variable]
[11.928s]   234 |     KD_TREE_NODE *father_ptr, **new_node_ptr;
[11.928s]       |                                 ^~~~~~~~~~~~
[11.929s] /home/goldenboy/git_version/GoldenSLAM/third_party/ikd_tree/ikd_tree.cpp: In instantiation of ‘void KD_TREE<PointType>::Rebuild(KD_TREE<PointType>::KD_TREE_NODE**) [with PointType = PointT]’:
[11.929s] /home/goldenboy/git_version/GoldenSLAM/third_party/ikd_tree/ikd_tree.cpp:1729:16:   required from here
[11.929s] /home/goldenboy/git_version/GoldenSLAM/third_party/ikd_tree/ikd_tree.cpp:754:13: warning: unused variable ‘size_rec’ [-Wunused-variable]
[11.929s]   754 |         int size_rec = (*root)->TreeSize;
[11.930s]       |             ^~~~~~~~
[11.930s] /home/goldenboy/git_version/GoldenSLAM/third_party/ikd_tree/ikd_tree.cpp: In instantiation of ‘int KD_TREE<PointType>::Delete_by_range(KD_TREE<PointType>::KD_TREE_NODE**, BoxPointType, bool, bool) [with PointType = PointT]’:
[11.930s] /home/goldenboy/git_version/GoldenSLAM/third_party/ikd_tree/ikd_tree.cpp:1729:16:   required from here
[11.930s] /home/goldenboy/git_version/GoldenSLAM/third_party/ikd_tree/ikd_tree.cpp:805:21: warning: unused variable ‘Timeout’ [-Wunused-variable]
[11.930s]   805 |     struct timespec Timeout;
[11.930s]       |                     ^~~~~~~
[11.930s] /home/goldenboy/git_version/GoldenSLAM/third_party/ikd_tree/ikd_tree.cpp: In instantiation of ‘void KD_TREE<PointType>::Delete_by_point(KD_TREE<PointType>::KD_TREE_NODE**, PointType, bool) [with PointType = PointT]’:
[11.930s] /home/goldenboy/git_version/GoldenSLAM/third_party/ikd_tree/ikd_tree.cpp:1729:16:   required from here
[11.930s] /home/goldenboy/git_version/GoldenSLAM/third_party/ikd_tree/ikd_tree.cpp:870:21: warning: unused variable ‘Timeout’ [-Wunused-variable]
[11.931s]   870 |     struct timespec Timeout;
[11.931s]       |                     ^~~~~~~
[11.931s] /home/goldenboy/git_version/GoldenSLAM/third_party/ikd_tree/ikd_tree.cpp: In instantiation of ‘void KD_TREE<PointType>::Add_by_point(KD_TREE<PointType>::KD_TREE_NODE**, PointType, bool, int) [with PointType = PointT]’:
[11.931s] /home/goldenboy/git_version/GoldenSLAM/third_party/ikd_tree/ikd_tree.cpp:1729:16:   required from here
[11.931s] /home/goldenboy/git_version/GoldenSLAM/third_party/ikd_tree/ikd_tree.cpp:1009:21: warning: unused variable ‘Timeout’ [-Wunused-variable]
[11.932s]  1009 |     struct timespec Timeout;
[11.932s]       |                     ^~~~~~~
[11.932s] /home/goldenboy/git_version/GoldenSLAM/third_party/ikd_tree/ikd_tree.cpp: In instantiation of ‘void KD_TREE<PointType>::Add_by_range(KD_TREE<PointType>::KD_TREE_NODE**, BoxPointType, bool) [with PointType = PointT]’:
[11.932s] /home/goldenboy/git_version/GoldenSLAM/third_party/ikd_tree/ikd_tree.cpp:1729:16:   required from here
[11.932s] /home/goldenboy/git_version/GoldenSLAM/third_party/ikd_tree/ikd_tree.cpp:949:21: warning: unused variable ‘Timeout’ [-Wunused-variable]
[11.932s]   949 |     struct timespec Timeout;
[11.933s]       |                     ^~~~~~~
[11.933s] /home/goldenboy/git_version/GoldenSLAM/third_party/ikd_tree/ikd_tree.cpp: In instantiation of ‘void KD_TREE<PointType>::Search(KD_TREE<PointType>::KD_TREE_NODE*, int, PointType, KD_TREE<PointType>::MANUAL_HEAP&, float) [with PointType = PointT]’:
[11.933s] /home/goldenboy/git_version/GoldenSLAM/third_party/ikd_tree/ikd_tree.cpp:1729:16:   required from here
[11.933s] /home/goldenboy/git_version/GoldenSLAM/third_party/ikd_tree/ikd_tree.cpp:1100:63: warning: suggest parentheses around ‘&&’ within ‘||’ [-Wparentheses]
[11.933s]  1100 |     if (q.size() < k_nearest || dist_left_node < q.top().dist && dist_right_node < q.top().dist)
[11.933s]       |                                 ~~~~~~~~~~~~~~~~~~~~~~~~~~~~~~^~~~~~~~~~~~~~~~~~~~~~~~~~~~~~~~~
[11.933s] /home/goldenboy/git_version/GoldenSLAM/third_party/ikd_tree/ikd_tree.cpp:1097:9: warning: unused variable ‘cur_search_counter’ [-Wunused-variable]
[11.933s]  1097 |     int cur_search_counter;
[11.933s]       |         ^~~~~~~~~~~~~~~~~~
[11.939s] /home/goldenboy/git_version/GoldenSLAM/third_party/ikd_tree/ikd_tree.cpp: In instantiation of ‘int KD_TREE<PointType>::Add_Points(KD_TREE<PointType>::PointVector&, bool) [with PointType = PointT; KD_TREE<PointType>::PointVector = std::vector<PointT, Eigen::aligned_allocator<PointT> >]’:
[11.939s] /home/goldenboy/git_version/GoldenSLAM/third_party/ikd_tree/ikd_tree.cpp:1729:16:   required from here
[11.939s] /home/goldenboy/git_version/GoldenSLAM/third_party/ikd_tree/ikd_tree.cpp:488:23: warning: comparison of integer expressions of different signedness: ‘int’ and ‘std::vector<PointT, Eigen::aligned_allocator<PointT> >::size_type’ {aka ‘long unsigned int’} [-Wsign-compare]
[11.939s]   488 |     for (int i = 0; i < PointToAdd.size(); i++)
[11.939s]       |                     ~~^~~~~~~~~~~~~~~~~~~
[11.939s] /home/goldenboy/git_version/GoldenSLAM/third_party/ikd_tree/ikd_tree.cpp:505:39: warning: comparison of integer expressions of different signedness: ‘int’ and ‘std::vector<PointT, Eigen::aligned_allocator<PointT> >::size_type’ {aka ‘long unsigned int’} [-Wsign-compare]
[11.939s]   505 |             for (int index = 0; index < Downsample_Storage.size(); index++)
[11.940s]       |                                 ~~~~~~^~~~~~~~~~~~~~~~~~~~~~~~~~~
[11.940s] /home/goldenboy/git_version/GoldenSLAM/third_party/ikd_tree/ikd_tree.cpp:481:9: warning: unused variable ‘NewPointSize’ [-Wunused-variable]
[11.940s]   481 |     int NewPointSize = PointToAdd.size();
[11.940s]       |         ^~~~~~~~~~~~
[11.940s] /home/goldenboy/git_version/GoldenSLAM/third_party/ikd_tree/ikd_tree.cpp:482:9: warning: unused variable ‘tree_size’ [-Wunused-variable]
[11.941s]   482 |     int tree_size = size();
[11.941s]       |         ^~~~~~~~~
[11.941s] /home/goldenboy/git_version/GoldenSLAM/third_party/ikd_tree/ikd_tree.cpp: In instantiation of ‘void KD_TREE<PointType>::Add_Point_Boxes(std::vector<BoxPointType>&) [with PointType = PointT]’:
[11.941s] /home/goldenboy/git_version/GoldenSLAM/third_party/ikd_tree/ikd_tree.cpp:1729:16:   required from here
[11.941s] /home/goldenboy/git_version/GoldenSLAM/third_party/ikd_tree/ikd_tree.cpp:579:23: warning: comparison of integer expressions of different signedness: ‘int’ and ‘std::vector<BoxPointType>::size_type’ {aka ‘long unsigned int’} [-Wsign-compare]
[11.941s]   579 |     for (int i = 0; i < BoxPoints.size(); i++)
[11.941s]       |                     ~~^~~~~~~~~~~~~~~~~~
[11.941s] /home/goldenboy/git_version/GoldenSLAM/third_party/ikd_tree/ikd_tree.cpp: In instantiation of ‘void KD_TREE<PointType>::Delete_Points(KD_TREE<PointType>::PointVector&) [with PointType = PointT; KD_TREE<PointType>::PointVector = std::vector<PointT, Eigen::aligned_allocator<PointT> >]’:
[11.941s] /home/goldenboy/git_version/GoldenSLAM/third_party/ikd_tree/ikd_tree.cpp:1729:16:   required from here
[11.941s] /home/goldenboy/git_version/GoldenSLAM/third_party/ikd_tree/ikd_tree.cpp:607:23: warning: comparison of integer expressions of different signedness: ‘int’ and ‘std::vector<PointT, Eigen::aligned_allocator<PointT> >::size_type’ {aka ‘long unsigned int’} [-Wsign-compare]
[11.941s]   607 |     for (int i = 0; i < PointToDel.size(); i++)
[11.941s]       |                     ~~^~~~~~~~~~~~~~~~~~~
[11.941s] /home/goldenboy/git_version/GoldenSLAM/third_party/ikd_tree/ikd_tree.cpp: In instantiation of ‘int KD_TREE<PointType>::Delete_Point_Boxes(std::vector<BoxPointType>&) [with PointType = PointT]’:
[11.941s] /home/goldenboy/git_version/GoldenSLAM/third_party/ikd_tree/ikd_tree.cpp:1729:16:   required from here
[11.941s] /home/goldenboy/git_version/GoldenSLAM/third_party/ikd_tree/ikd_tree.cpp:636:23: warning: comparison of integer expressions of different signedness: ‘int’ and ‘std::vector<BoxPointType>::size_type’ {aka ‘long unsigned int’} [-Wsign-compare]
[11.942s]   636 |     for (int i = 0; i < BoxPoints.size(); i++)
[11.942s]       |                     ~~^~~~~~~~~~~~~~~~~~
[11.942s] /home/goldenboy/git_version/GoldenSLAM/third_party/ikd_tree/ikd_tree.cpp: In instantiation of ‘void KD_TREE<PointType>::acquire_removed_points(KD_TREE<PointType>::PointVector&) [with PointType = PointT; KD_TREE<PointType>::PointVector = std::vector<PointT, Eigen::aligned_allocator<PointT> >]’:
[11.942s] /home/goldenboy/git_version/GoldenSLAM/third_party/ikd_tree/ikd_tree.cpp:1729:16:   required from here
[11.942s] /home/goldenboy/git_version/GoldenSLAM/third_party/ikd_tree/ikd_tree.cpp:665:23: warning: comparison of integer expressions of different signedness: ‘int’ and ‘std::vector<PointT, Eigen::aligned_allocator<PointT> >::size_type’ {aka ‘long unsigned int’} [-Wsign-compare]
[11.942s]   665 |     for (int i = 0; i < Points_deleted.size(); i++)
[11.942s]       |                     ~~^~~~~~~~~~~~~~~~~~~~~~~
[11.942s] /home/goldenboy/git_version/GoldenSLAM/third_party/ikd_tree/ikd_tree.cpp:669:23: warning: comparison of integer expressions of different signedness: ‘int’ and ‘std::vector<PointT, Eigen::aligned_allocator<PointT> >::size_type’ {aka ‘long unsigned int’} [-Wsign-compare]
[11.942s]   669 |     for (int i = 0; i < Multithread_Points_deleted.size(); i++)
[11.942s]       |                     ~~^~~~~~~~~~~~~~~~~~~~~~~~~~~~~~~~~~~
[12.642s] In file included from /home/goldenboy/git_version/GoldenSLAM/src/core/slam_core.cpp:1:
[12.642s] /home/goldenboy/git_version/GoldenSLAM/include/core/slam_core.hpp: In constructor ‘SlamCore::SlamCore()’:
[12.642s] /home/goldenboy/git_version/GoldenSLAM/include/core/slam_core.hpp:169:17: warning: ‘SlamCore::map_insert_count_’ will be initialized after [-Wreorder]
[12.642s]   169 |     std::size_t map_insert_count_;
[12.642s]       |                 ^~~~~~~~~~~~~~~~~
[12.642s] /home/goldenboy/git_version/GoldenSLAM/include/core/slam_core.hpp:164:21: warning:   ‘Eigen::Matrix3d SlamCore::R_body_lidar_’ [-Wreorder]
[12.642s]   164 |     Eigen::Matrix3d R_body_lidar_;
[12.642s]       |                     ^~~~~~~~~~~~~
[12.642s] /home/goldenboy/git_version/GoldenSLAM/src/core/slam_core.cpp:32:1: warning:   when initialized here [-Wreorder]
[12.642s]    32 | SlamCore::SlamCore()
[12.642s]       | ^~~~~~~~
[12.655s] /home/goldenboy/git_version/GoldenSLAM/src/core/slam_core.cpp: In member function ‘void SlamCore::debugImuDt(double)’:
[12.655s] /home/goldenboy/git_version/GoldenSLAM/src/core/slam_core.cpp:303:22: warning: unused variable ‘hz’ [-Wunused-variable]
[12.655s]   303 |         const double hz = 1.0 / dt;
[12.655s]       |                      ^~
[12.676s] /home/goldenboy/git_version/GoldenSLAM/src/core/slam_core.cpp: In member function ‘void SlamCore::debugNearestSearch(const CloudTConstPtr&)’:
[12.676s] /home/goldenboy/git_version/GoldenSLAM/src/core/slam_core.cpp:551:16: warning: unused variable ‘search_ok’ [-Wunused-variable]
[12.676s]   551 |     const bool search_ok = ikd_tree_map_.nearestSearch(query_point,5,nearest_points,squared_distances);
[12.676s]       |                ^~~~~~~~~
[13.801s] /home/goldenboy/git_version/GoldenSLAM/src/platform/ros_bridge.cpp: In member function ‘void RosBridge::onLidarCB(livox_ros_driver2::msg::CustomMsg_<std::allocator<void> >::SharedPtr)’:
[13.801s] /home/goldenboy/git_version/GoldenSLAM/src/platform/ros_bridge.cpp:155:16: warning: unused variable ‘raw_size’ [-Wunused-variable]
[13.801s]   155 |     const auto raw_size = msg->point_num;
[13.801s]       |                ^~~~~~~~
[13.801s] /home/goldenboy/git_version/GoldenSLAM/src/platform/ros_bridge.cpp:156:16: warning: unused variable ‘preprocced_size’ [-Wunused-variable]
[13.801s]   156 |     const auto preprocced_size = cloud->points.size();
[13.801s]       |                ^~~~~~~~~~~~~~~
[13.803s] /home/goldenboy/git_version/GoldenSLAM/src/platform/ros_bridge.cpp: In member function ‘void RosBridge::mapSaveCB(std_srvs::srv::Trigger_Request_<std::allocator<void> >::ConstSharedPtr, std_srvs::srv::Trigger_Response_<std::allocator<void> >::SharedPtr)’:
[13.803s] /home/goldenboy/git_version/GoldenSLAM/src/platform/ros_bridge.cpp:180:75: warning: unused parameter ‘req’ [-Wunused-parameter]
[13.803s]   180 | void RosBridge::mapSaveCB(std_srvs::srv::Trigger::Request::ConstSharedPtr req, std_srvs::srv::Trigger::Response::SharedPtr res)
[13.803s]       |                           ~~~~~~~~~~~~~~~~~~~~~~~~~~~~~~~~~~~~~~~~~~~~~~~~^~~
[13.803s] /home/goldenboy/git_version/GoldenSLAM/src/platform/ros_bridge.cpp:180:124: warning: unused parameter ‘res’ [-Wunused-parameter]
[13.804s]   180 | void RosBridge::mapSaveCB(std_srvs::srv::Trigger::Request::ConstSharedPtr req, std_srvs::srv::Trigger::Response::SharedPtr res)
[13.804s]       |                                                                                ~~~~~~~~~~~~~~~~~~~~~~~~~~~~~~~~~~~~~~~~~~~~^~~
[21.288s] [100%] Linking CXX executable golden_slam_node
[21.715s] [100%] Built target golden_slam_node
[21.722s] Invoked command in '/home/goldenboy/git_version/GoldenSLAM/build/golden_slam' returned '0': CMAKE_PREFIX_PATH=${CMAKE_PREFIX_PATH}:/opt/ros/humble /usr/bin/cmake --build /home/goldenboy/git_version/GoldenSLAM/build/golden_slam -- -j24 -l24
[21.727s] Invoking command in '/home/goldenboy/git_version/GoldenSLAM/build/golden_slam': CMAKE_PREFIX_PATH=${CMAKE_PREFIX_PATH}:/opt/ros/humble /usr/bin/cmake --install /home/goldenboy/git_version/GoldenSLAM/build/golden_slam
[21.731s] -- Install configuration: "Release"
[21.732s] -- Installing: /home/goldenboy/git_version/GoldenSLAM/install/golden_slam/lib/golden_slam/golden_slam_node
[21.733s] -- Set runtime path of "/home/goldenboy/git_version/GoldenSLAM/install/golden_slam/lib/golden_slam/golden_slam_node" to ""
[21.733s] -- Installing: /home/goldenboy/git_version/GoldenSLAM/install/golden_slam/share/golden_slam/launch
[21.733s] -- Installing: /home/goldenboy/git_version/GoldenSLAM/install/golden_slam/share/golden_slam/launch/golden_slam.launch.py
[21.733s] -- Installing: /home/goldenboy/git_version/GoldenSLAM/install/golden_slam/share/golden_slam/config
[21.733s] -- Installing: /home/goldenboy/git_version/GoldenSLAM/install/golden_slam/share/golden_slam/config/avia.yaml
[21.734s] -- Installing: /home/goldenboy/git_version/GoldenSLAM/install/golden_slam/share/golden_slam/config/mid360.yaml
[21.734s] -- Installing: /home/goldenboy/git_version/GoldenSLAM/install/golden_slam/share/golden_slam/rviz
[21.734s] -- Installing: /home/goldenboy/git_version/GoldenSLAM/install/golden_slam/share/golden_slam/rviz/golden_slam.rviz
[21.734s] -- Installing: /home/goldenboy/git_version/GoldenSLAM/install/golden_slam/include/
[21.734s] -- Installing: /home/goldenboy/git_version/GoldenSLAM/install/golden_slam/include//platform
[21.734s] -- Installing: /home/goldenboy/git_version/GoldenSLAM/install/golden_slam/include//platform/ros_bridge.hpp
[21.735s] -- Installing: /home/goldenboy/git_version/GoldenSLAM/install/golden_slam/include//app
[21.735s] -- Installing: /home/goldenboy/git_version/GoldenSLAM/install/golden_slam/include//app/golden_slam_app.hpp
[21.735s] -- Installing: /home/goldenboy/git_version/GoldenSLAM/install/golden_slam/include//core
[21.735s] -- Installing: /home/goldenboy/git_version/GoldenSLAM/install/golden_slam/include//core/imu_processor.hpp
[21.735s] -- Installing: /home/goldenboy/git_version/GoldenSLAM/install/golden_slam/include//core/plane_estimator.hpp
[21.735s] -- Installing: /home/goldenboy/git_version/GoldenSLAM/install/golden_slam/include//core/ikd_tree_map.hpp
[21.735s] -- Installing: /home/goldenboy/git_version/GoldenSLAM/install/golden_slam/include//core/types
[21.735s] -- Installing: /home/goldenboy/git_version/GoldenSLAM/install/golden_slam/include//core/types/lidar_frame.hpp
[21.735s] -- Installing: /home/goldenboy/git_version/GoldenSLAM/install/golden_slam/include//core/types/pcl_types.hpp
[21.735s] -- Installing: /home/goldenboy/git_version/GoldenSLAM/install/golden_slam/include//core/types/state.hpp
[21.735s] -- Installing: /home/goldenboy/git_version/GoldenSLAM/install/golden_slam/include//core/types/measure_group.hpp
[21.736s] -- Installing: /home/goldenboy/git_version/GoldenSLAM/install/golden_slam/include//core/types/frontend_snapshot.hpp
[21.736s] -- Installing: /home/goldenboy/git_version/GoldenSLAM/install/golden_slam/include//core/types/imu_propagated_pose.hpp
[21.736s] -- Installing: /home/goldenboy/git_version/GoldenSLAM/install/golden_slam/include//core/pointcloud_deskew.hpp
[21.736s] -- Installing: /home/goldenboy/git_version/GoldenSLAM/install/golden_slam/include//core/iekf_updater.hpp
[21.736s] -- Installing: /home/goldenboy/git_version/GoldenSLAM/install/golden_slam/include//core/slam_core.hpp
[21.736s] -- Installing: /home/goldenboy/git_version/GoldenSLAM/install/golden_slam/include//core/preprocess.hpp
[21.736s] -- Installing: /home/goldenboy/git_version/GoldenSLAM/install/golden_slam/share/ament_index/resource_index/package_run_dependencies/golden_slam
[21.736s] -- Installing: /home/goldenboy/git_version/GoldenSLAM/install/golden_slam/share/ament_index/resource_index/parent_prefix_path/golden_slam
[21.736s] -- Installing: /home/goldenboy/git_version/GoldenSLAM/install/golden_slam/share/golden_slam/environment/ament_prefix_path.sh
[21.736s] -- Installing: /home/goldenboy/git_version/GoldenSLAM/install/golden_slam/share/golden_slam/environment/ament_prefix_path.dsv
[21.736s] -- Installing: /home/goldenboy/git_version/GoldenSLAM/install/golden_slam/share/golden_slam/environment/path.sh
[21.736s] -- Installing: /home/goldenboy/git_version/GoldenSLAM/install/golden_slam/share/golden_slam/environment/path.dsv
[21.737s] -- Installing: /home/goldenboy/git_version/GoldenSLAM/install/golden_slam/share/golden_slam/local_setup.bash
[21.737s] -- Installing: /home/goldenboy/git_version/GoldenSLAM/install/golden_slam/share/golden_slam/local_setup.sh
[21.737s] -- Installing: /home/goldenboy/git_version/GoldenSLAM/install/golden_slam/share/golden_slam/local_setup.zsh
[21.737s] -- Installing: /home/goldenboy/git_version/GoldenSLAM/install/golden_slam/share/golden_slam/local_setup.dsv
[21.737s] -- Installing: /home/goldenboy/git_version/GoldenSLAM/install/golden_slam/share/golden_slam/package.dsv
[21.737s] -- Installing: /home/goldenboy/git_version/GoldenSLAM/install/golden_slam/share/ament_index/resource_index/packages/golden_slam
[21.737s] -- Installing: /home/goldenboy/git_version/GoldenSLAM/install/golden_slam/share/golden_slam/cmake/golden_slamConfig.cmake
[21.737s] -- Installing: /home/goldenboy/git_version/GoldenSLAM/install/golden_slam/share/golden_slam/cmake/golden_slamConfig-version.cmake
[21.737s] -- Installing: /home/goldenboy/git_version/GoldenSLAM/install/golden_slam/share/golden_slam/package.xml
[21.738s] Invoked command in '/home/goldenboy/git_version/GoldenSLAM/build/golden_slam' returned '0': CMAKE_PREFIX_PATH=${CMAKE_PREFIX_PATH}:/opt/ros/humble /usr/bin/cmake --install /home/goldenboy/git_version/GoldenSLAM/build/golden_slam
