[0.006s] Invoking command in '/home/goldenboy/git_version/GoldenSLAM/build/fast_lio': CMAKE_PREFIX_PATH=${CMAKE_PREFIX_PATH}:/opt/ros/humble /usr/bin/cmake --build /home/goldenboy/git_version/GoldenSLAM/build/fast_lio -- -j24 -l24
[0.032s] [  5%] Built target fast_lio__rs
[0.032s] [  7%] Built target fast_lio__cpp
[0.032s] [ 12%] Built target fast_lio__rosidl_generator_c
[0.037s] [ 12%] Built target ament_cmake_python_copy_fast_lio
[0.041s] [ 20%] Built target fast_lio__rosidl_typesupport_fastrtps_c
[0.042s] [ 28%] Built target fast_lio__rosidl_typesupport_fastrtps_cpp
[0.042s] [ 35%] Built target fast_lio__rosidl_typesupport_introspection_c
[0.042s] [ 43%] Built target fast_lio__rosidl_typesupport_cpp
[0.042s] [ 51%] Built target fast_lio__rosidl_typesupport_introspection_cpp
[0.043s] [ 58%] Built target fast_lio__rosidl_typesupport_c
[0.052s] [ 58%] Built target fast_lio
[0.061s] [ 61%] Built target fast_lio__py
[0.064s] Consolidate compiler generated dependencies of target fastlio_mapping
[0.071s] [ 66%] Built target fast_lio__rosidl_generator_py
[0.076s] [ 69%] Linking CXX executable fastlio_mapping
[0.081s] [ 79%] Built target fast_lio__rosidl_typesupport_c__pyext
[0.081s] [ 79%] Built target fast_lio__rosidl_typesupport_introspection_c__pyext
[0.081s] [ 84%] Built target fast_lio__rosidl_typesupport_fastrtps_c__pyext
[0.129s] /usr/bin/ld: CMakeFiles/fastlio_mapping.dir/src/core/slam_core.cpp.o: in function `df_dw(state_ikfom&, input_ikfom const&)':
[0.129s] slam_core.cpp:(.text+0x4f60): multiple definition of `df_dw(state_ikfom&, input_ikfom const&)'; CMakeFiles/fastlio_mapping.dir/src/app/golden_slam_app.cpp.o:golden_slam_app.cpp:(.text+0x3e0): first defined here
[0.129s] /usr/bin/ld: CMakeFiles/fastlio_mapping.dir/src/core/slam_core.cpp.o: in function `get_f(state_ikfom&, input_ikfom const&)':
[0.129s] slam_core.cpp:(.text+0x5750): multiple definition of `get_f(state_ikfom&, input_ikfom const&)'; CMakeFiles/fastlio_mapping.dir/src/app/golden_slam_app.cpp.o:golden_slam_app.cpp:(.text+0x170): first defined here
[0.129s] /usr/bin/ld: CMakeFiles/fastlio_mapping.dir/src/core/slam_core.cpp.o: in function `calc_dist(pcl::PointXYZINormal, pcl::PointXYZINormal)':
[0.129s] slam_core.cpp:(.text+0x8e00): multiple definition of `calc_dist(pcl::PointXYZINormal, pcl::PointXYZINormal)'; CMakeFiles/fastlio_mapping.dir/src/app/golden_slam_app.cpp.o:golden_slam_app.cpp:(.text+0x0): first defined here
[0.129s] /usr/bin/ld: CMakeFiles/fastlio_mapping.dir/src/core/slam_core.cpp.o: in function `get_ros_time(double)':
[0.129s] slam_core.cpp:(.text+0x8e40): multiple definition of `get_ros_time(double)'; CMakeFiles/fastlio_mapping.dir/src/app/golden_slam_app.cpp.o:golden_slam_app.cpp:(.text+0x40): first defined here
[0.129s] /usr/bin/ld: CMakeFiles/fastlio_mapping.dir/src/core/slam_core.cpp.o: in function `process_noise_cov()':
[0.129s] slam_core.cpp:(.text+0x8ed0): multiple definition of `process_noise_cov()'; CMakeFiles/fastlio_mapping.dir/src/app/golden_slam_app.cpp.o:golden_slam_app.cpp:(.text+0xd0): first defined here
[0.129s] /usr/bin/ld: CMakeFiles/fastlio_mapping.dir/src/core/slam_core.cpp.o: in function `SO3ToEuler(MTK::SO3<double, 0> const&)':
[0.129s] slam_core.cpp:(.text+0x8f70): multiple definition of `SO3ToEuler(MTK::SO3<double, 0> const&)'; CMakeFiles/fastlio_mapping.dir/src/app/golden_slam_app.cpp.o:golden_slam_app.cpp:(.text+0x650): first defined here
[0.129s] /usr/bin/ld: CMakeFiles/fastlio_mapping.dir/src/core/slam_core.cpp.o:(.bss+0x20): multiple definition of `Zero3d'; CMakeFiles/fastlio_mapping.dir/src/app/golden_slam_app.cpp.o:(.bss+0x10): first defined here
[0.129s] /usr/bin/ld: CMakeFiles/fastlio_mapping.dir/src/core/slam_core.cpp.o: in function `df_dx(state_ikfom&, input_ikfom const&)':
[0.129s] slam_core.cpp:(.text+0xf040): multiple definition of `df_dx(state_ikfom&, input_ikfom const&)'; CMakeFiles/fastlio_mapping.dir/src/app/golden_slam_app.cpp.o:golden_slam_app.cpp:(.text+0xd70): first defined here
[0.129s] /usr/bin/ld: CMakeFiles/fastlio_mapping.dir/src/core/slam_core.cpp.o:(.bss+0x80): multiple definition of `Eye3d'; CMakeFiles/fastlio_mapping.dir/src/app/golden_slam_app.cpp.o:(.bss+0x80): first defined here
[0.129s] /usr/bin/ld: CMakeFiles/fastlio_mapping.dir/src/core/slam_core.cpp.o:(.bss+0x40): multiple definition of `Eye3f'; CMakeFiles/fastlio_mapping.dir/src/app/golden_slam_app.cpp.o:(.bss+0x40): first defined here
[0.129s] /usr/bin/ld: CMakeFiles/fastlio_mapping.dir/src/core/slam_core.cpp.o:(.bss+0x8): multiple definition of `Zero3f'; CMakeFiles/fastlio_mapping.dir/src/app/golden_slam_app.cpp.o:(.bss+0x0): first defined here
[0.129s] /usr/bin/ld: CMakeFiles/fastlio_mapping.dir/src/core/slam_core.cpp.o: in function `get_time_sec(builtin_interfaces::msg::Time_<std::allocator<void> > const&)':
[0.129s] slam_core.cpp:(.text+0x172f0): multiple definition of `get_time_sec(builtin_interfaces::msg::Time_<std::allocator<void> > const&)'; CMakeFiles/fastlio_mapping.dir/src/app/golden_slam_app.cpp.o:golden_slam_app.cpp:(.text+0x12f0): first defined here
[0.136s] /usr/bin/ld: CMakeFiles/fastlio_mapping.dir/src/platform/ros_bridge.cpp.o: in function `calc_dist(pcl::PointXYZINormal, pcl::PointXYZINormal)':
[0.136s] ros_bridge.cpp:(.text+0x590): multiple definition of `calc_dist(pcl::PointXYZINormal, pcl::PointXYZINormal)'; CMakeFiles/fastlio_mapping.dir/src/app/golden_slam_app.cpp.o:golden_slam_app.cpp:(.text+0x0): first defined here
[0.136s] /usr/bin/ld: CMakeFiles/fastlio_mapping.dir/src/platform/ros_bridge.cpp.o: in function `get_ros_time(double)':
[0.137s] ros_bridge.cpp:(.text+0x5d0): multiple definition of `get_ros_time(double)'; CMakeFiles/fastlio_mapping.dir/src/app/golden_slam_app.cpp.o:golden_slam_app.cpp:(.text+0x40): first defined here
[0.137s] /usr/bin/ld: CMakeFiles/fastlio_mapping.dir/src/platform/ros_bridge.cpp.o: in function `process_noise_cov()':
[0.137s] ros_bridge.cpp:(.text+0x660): multiple definition of `process_noise_cov()'; CMakeFiles/fastlio_mapping.dir/src/app/golden_slam_app.cpp.o:golden_slam_app.cpp:(.text+0xd0): first defined here
[0.137s] /usr/bin/ld: CMakeFiles/fastlio_mapping.dir/src/platform/ros_bridge.cpp.o: in function `get_f(state_ikfom&, input_ikfom const&)':
[0.137s] ros_bridge.cpp:(.text+0x700): multiple definition of `get_f(state_ikfom&, input_ikfom const&)'; CMakeFiles/fastlio_mapping.dir/src/app/golden_slam_app.cpp.o:golden_slam_app.cpp:(.text+0x170): first defined here
[0.137s] /usr/bin/ld: CMakeFiles/fastlio_mapping.dir/src/platform/ros_bridge.cpp.o: in function `df_dw(state_ikfom&, input_ikfom const&)':
[0.137s] ros_bridge.cpp:(.text+0x970): multiple definition of `df_dw(state_ikfom&, input_ikfom const&)'; CMakeFiles/fastlio_mapping.dir/src/app/golden_slam_app.cpp.o:golden_slam_app.cpp:(.text+0x3e0): first defined here
[0.137s] /usr/bin/ld: CMakeFiles/fastlio_mapping.dir/src/platform/ros_bridge.cpp.o: in function `SO3ToEuler(MTK::SO3<double, 0> const&)':
[0.137s] ros_bridge.cpp:(.text+0xbe0): multiple definition of `SO3ToEuler(MTK::SO3<double, 0> const&)'; CMakeFiles/fastlio_mapping.dir/src/app/golden_slam_app.cpp.o:golden_slam_app.cpp:(.text+0x650): first defined here
[0.137s] /usr/bin/ld: CMakeFiles/fastlio_mapping.dir/src/platform/ros_bridge.cpp.o: in function `df_dx(state_ikfom&, input_ikfom const&)':
[0.137s] ros_bridge.cpp:(.text+0x60a0): multiple definition of `df_dx(state_ikfom&, input_ikfom const&)'; CMakeFiles/fastlio_mapping.dir/src/app/golden_slam_app.cpp.o:golden_slam_app.cpp:(.text+0xd70): first defined here
[0.137s] /usr/bin/ld: CMakeFiles/fastlio_mapping.dir/src/platform/ros_bridge.cpp.o:(.bss+0x80): multiple definition of `Eye3d'; CMakeFiles/fastlio_mapping.dir/src/app/golden_slam_app.cpp.o:(.bss+0x80): first defined here
[0.137s] /usr/bin/ld: CMakeFiles/fastlio_mapping.dir/src/platform/ros_bridge.cpp.o:(.bss+0x40): multiple definition of `Eye3f'; CMakeFiles/fastlio_mapping.dir/src/app/golden_slam_app.cpp.o:(.bss+0x40): first defined here
[0.137s] /usr/bin/ld: CMakeFiles/fastlio_mapping.dir/src/platform/ros_bridge.cpp.o:(.bss+0x10): multiple definition of `Zero3d'; CMakeFiles/fastlio_mapping.dir/src/app/golden_slam_app.cpp.o:(.bss+0x10): first defined here
[0.137s] /usr/bin/ld: CMakeFiles/fastlio_mapping.dir/src/platform/ros_bridge.cpp.o:(.bss+0x0): multiple definition of `Zero3f'; CMakeFiles/fastlio_mapping.dir/src/app/golden_slam_app.cpp.o:(.bss+0x0): first defined here
[0.137s] /usr/bin/ld: CMakeFiles/fastlio_mapping.dir/src/platform/ros_bridge.cpp.o: in function `get_time_sec(builtin_interfaces::msg::Time_<std::allocator<void> > const&)':
[0.137s] ros_bridge.cpp:(.text+0x9060): multiple definition of `get_time_sec(builtin_interfaces::msg::Time_<std::allocator<void> > const&)'; CMakeFiles/fastlio_mapping.dir/src/app/golden_slam_app.cpp.o:golden_slam_app.cpp:(.text+0x12f0): first defined here
[0.150s] running egg_info
[0.150s] writing fast_lio.egg-info/PKG-INFO
[0.150s] writing dependency_links to fast_lio.egg-info/dependency_links.txt
[0.150s] writing top-level names to fast_lio.egg-info/top_level.txt
[0.152s] reading manifest file 'fast_lio.egg-info/SOURCES.txt'
[0.152s] writing manifest file 'fast_lio.egg-info/SOURCES.txt'
[0.168s] [ 84%] Built target ament_cmake_python_build_fast_lio_egg
[0.682s] collect2: error: ld returned 1 exit status
[0.682s] gmake[2]: *** [CMakeFiles/fastlio_mapping.dir/build.make:530: fastlio_mapping] 오류 1
[0.683s] gmake[1]: *** [CMakeFiles/Makefile2:612: CMakeFiles/fastlio_mapping.dir/all] 오류 2
[0.683s] gmake: *** [Makefile:146: all] 오류 2
[0.684s] Invoked command in '/home/goldenboy/git_version/GoldenSLAM/build/fast_lio' returned '2': CMAKE_PREFIX_PATH=${CMAKE_PREFIX_PATH}:/opt/ros/humble /usr/bin/cmake --build /home/goldenboy/git_version/GoldenSLAM/build/fast_lio -- -j24 -l24
