-- The C compiler identification is GNU 11.4.0
-- The CXX compiler identification is GNU 11.4.0
-- Detecting C compiler ABI info
-- Detecting C compiler ABI info - done
-- Check for working C compiler: /usr/bin/cc - skipped
-- Detecting C compile features
-- Detecting C compile features - done
-- Detecting CXX compiler ABI info
-- Detecting CXX compiler ABI info - done
-- Check for working CXX compiler: /usr/bin/c++ - skipped
-- Detecting CXX compile features
-- Detecting CXX compile features - done
-- Current CPU architecture: x86_64
-- Processor count: 24
-- OMP cores for MP: 3
-- Found PythonLibs: /usr/lib/x86_64-linux-gnu/libpython3.10.so (found version "3.10.12") 
-- Found ament_cmake: 1.3.14 (/opt/ros/humble/share/ament_cmake/cmake)
-- Found Python3: /usr/bin/python3 (found version "3.10.12") found components: Interpreter 
-- Found rclcpp: 16.0.18 (/opt/ros/humble/share/rclcpp/cmake)
-- Found rosidl_generator_c: 3.1.8 (/opt/ros/humble/share/rosidl_generator_c/cmake)
-- Found rosidl_adapter: 3.1.8 (/opt/ros/humble/share/rosidl_adapter/cmake)
-- Found rosidl_generator_cpp: 3.1.8 (/opt/ros/humble/share/rosidl_generator_cpp/cmake)
-- Using all available rosidl_typesupport_c: rosidl_typesupport_fastrtps_c;rosidl_typesupport_introspection_c
-- Using all available rosidl_typesupport_cpp: rosidl_typesupport_fastrtps_cpp;rosidl_typesupport_introspection_cpp
-- Found rmw_implementation_cmake: 6.1.2 (/opt/ros/humble/share/rmw_implementation_cmake/cmake)
-- Found rmw_fastrtps_cpp: 6.2.10 (/opt/ros/humble/share/rmw_fastrtps_cpp/cmake)
-- Found OpenSSL: /usr/lib/x86_64-linux-gnu/libcrypto.so (found version "3.0.2")  
-- Found FastRTPS: /opt/ros/humble/include  
-- Using RMW implementation 'rmw_fastrtps_cpp' as default
-- Looking for pthread.h
-- Looking for pthread.h - found
-- Performing Test CMAKE_HAVE_LIBC_PTHREAD
-- Performing Test CMAKE_HAVE_LIBC_PTHREAD - Success
-- Found Threads: TRUE  
-- Found rclcpp_components: 16.0.18 (/opt/ros/humble/share/rclcpp_components/cmake)
-- Found geometry_msgs: 4.9.1 (/opt/ros/humble/share/geometry_msgs/cmake)
-- Found nav_msgs: 4.9.1 (/opt/ros/humble/share/nav_msgs/cmake)
-- Found sensor_msgs: 4.9.1 (/opt/ros/humble/share/sensor_msgs/cmake)
-- Found std_srvs: 4.9.1 (/opt/ros/humble/share/std_srvs/cmake)
-- Found visualization_msgs: 4.9.1 (/opt/ros/humble/share/visualization_msgs/cmake)
-- Found pcl_ros: 2.4.5 (/opt/ros/humble/share/pcl_ros/cmake)
-- Checking for module 'eigen3'
--   Found eigen3, version 3.4.0
-- Found Eigen: /usr/include/eigen3 (Required is at least version "3.1") 
-- Eigen found (include: /usr/include/eigen3, version: 3.4.0)
-- Checking for module 'flann'
--   Found flann, version 1.9.1
-- Found FLANN: /usr/lib/x86_64-linux-gnu/libflann_cpp.so  
-- FLANN found (include: /usr/include, lib: /usr/lib/x86_64-linux-gnu/libflann_cpp.so)
-- Checking for module 'libusb-1.0'
--   Found libusb-1.0, version 1.0.25
-- Found libusb: /usr/lib/x86_64-linux-gnu/libusb-1.0.so  
-- OpenNI found (version: 1.5.4.0, include: /usr/include/ni, lib: /usr/lib/libOpenNI.so;libusb::libusb)
-- OpenNI2 found (version: 2.2.0.33, include: /usr/include/openni2, lib: /usr/lib/x86_64-linux-gnu/libOpenNI2.so;libusb::libusb)
-- Eigen found (include: /usr/include/eigen3, version: 3.4.0)
-- OpenNI found (version: 1.5.4.0, include: /usr/include/ni, lib: /usr/lib/libOpenNI.so;libusb::libusb)
-- OpenNI2 found (version: 2.2.0.33, include: /usr/include/openni2, lib: /usr/lib/x86_64-linux-gnu/libOpenNI2.so;libusb::libusb)
-- Found Qhull version 8.0.2
-- OpenNI found (version: 1.5.4.0, include: /usr/include/ni, lib: /usr/lib/libOpenNI.so;libusb::libusb)
-- Found PCL_COMMON: /usr/lib/x86_64-linux-gnu/libpcl_common.so  
-- Found PCL_KDTREE: /usr/lib/x86_64-linux-gnu/libpcl_kdtree.so  
-- Found PCL_OCTREE: /usr/lib/x86_64-linux-gnu/libpcl_octree.so  
-- Found PCL_SEARCH: /usr/lib/x86_64-linux-gnu/libpcl_search.so  
-- Found PCL_SAMPLE_CONSENSUS: /usr/lib/x86_64-linux-gnu/libpcl_sample_consensus.so  
-- Found PCL_FILTERS: /usr/lib/x86_64-linux-gnu/libpcl_filters.so  
-- Found PCL_2D: /usr/include/pcl-1.12  
-- Found PCL_GEOMETRY: /usr/include/pcl-1.12  
-- Found PCL_IO: /usr/lib/x86_64-linux-gnu/libpcl_io.so  
-- Found PCL_FEATURES: /usr/lib/x86_64-linux-gnu/libpcl_features.so  
-- Found PCL_ML: /usr/lib/x86_64-linux-gnu/libpcl_ml.so  
-- Found PCL_SEGMENTATION: /usr/lib/x86_64-linux-gnu/libpcl_segmentation.so  
-- Found PCL_VISUALIZATION: /usr/lib/x86_64-linux-gnu/libpcl_visualization.so  
-- Found PCL_SURFACE: /usr/lib/x86_64-linux-gnu/libpcl_surface.so  
-- Found PCL_REGISTRATION: /usr/lib/x86_64-linux-gnu/libpcl_registration.so  
-- Found PCL_KEYPOINTS: /usr/lib/x86_64-linux-gnu/libpcl_keypoints.so  
-- Found PCL_TRACKING: /usr/lib/x86_64-linux-gnu/libpcl_tracking.so  
-- Found PCL_RECOGNITION: /usr/lib/x86_64-linux-gnu/libpcl_recognition.so  
-- Found PCL_STEREO: /usr/lib/x86_64-linux-gnu/libpcl_stereo.so  
-- Found PCL_APPS: /usr/lib/x86_64-linux-gnu/libpcl_apps.so  
-- Found PCL_IN_HAND_SCANNER: /usr/include/pcl-1.12  
-- Found PCL_MODELER: /usr/include/pcl-1.12  
-- Found PCL_POINT_CLOUD_EDITOR: /usr/include/pcl-1.12  
-- Found PCL_OUTOFCORE: /usr/lib/x86_64-linux-gnu/libpcl_outofcore.so  
-- Found PCL_PEOPLE: /usr/lib/x86_64-linux-gnu/libpcl_people.so  
-- Found eigen3_cmake_module: 0.1.1 (/opt/ros/humble/share/eigen3_cmake_module/cmake)
-- Found Eigen3: TRUE (found version "3.4.0") 
-- Ensuring Eigen3 include directory is part of orocos-kdl CMake target
-- Found livox_ros_driver2: 1.0.0 (/home/goldenboy/Workspaces/sensor_ws/install/livox_ros_driver2/share/livox_ros_driver2/cmake)
-- Found rosidl_default_generators: 1.2.1 (/opt/ros/humble/share/rosidl_default_generators/cmake)
CMake Warning (dev) at CMakeLists.txt:97 (find_package):
  Policy CMP0074 is not set: find_package uses <PackageName>_ROOT variables.
  Run "cmake --help-policy CMP0074" for policy details.  Use the cmake_policy
  command to set the policy and suppress this warning.

  CMake variable PCL_ROOT is set to:

    /usr

  For compatibility, CMake is ignoring the variable.
This warning is for project developers.  Use -Wno-dev to suppress it.

-- Eigen3: /usr/include/eigen3
-- PCL: /usr/include/pcl-1.12
-- Found ament_cmake_ros: 0.10.0 (/opt/ros/humble/share/ament_cmake_ros/cmake)
-- Using all available rosidl_typesupport_c: rosidl_typesupport_fastrtps_c;rosidl_typesupport_introspection_c
-- Using all available rosidl_typesupport_cpp: rosidl_typesupport_fastrtps_cpp;rosidl_typesupport_introspection_cpp
-- Found PythonInterp: /usr/bin/python3 (found suitable version "3.10.12", minimum required is "3.6") 
-- Found python_cmake_module: 0.10.0 (/opt/ros/humble/share/python_cmake_module/cmake)
-- Found PythonLibs: /usr/lib/x86_64-linux-gnu/libpython3.10.so (found suitable version "3.10.12", minimum required is "3.5") 
-- Using PYTHON_EXECUTABLE: /usr/bin/python3
-- Using PYTHON_INCLUDE_DIRS: /usr/include/python3.10
-- Using PYTHON_LIBRARIES: /usr/lib/x86_64-linux-gnu/libpython3.10.so
-- Found PythonExtra: .so  
-- Configuring done
-- Generating done
-- Build files have been written to: /home/goldenboy/git_version/GoldenSLAM/build/fast_lio
[  2%] Generating C code for ROS interfaces
[  5%] Generating Rust code for ROS interfaces
[  7%] Generating C++ code for ROS interfaces
[  7%] Built target ament_cmake_python_copy_fast_lio
running egg_info
creating fast_lio.egg-info
writing fast_lio.egg-info/PKG-INFO
writing dependency_links to fast_lio.egg-info/dependency_links.txt
writing top-level names to fast_lio.egg-info/top_level.txt
writing manifest file 'fast_lio.egg-info/SOURCES.txt'
reading manifest file 'fast_lio.egg-info/SOURCES.txt'
writing manifest file 'fast_lio.egg-info/SOURCES.txt'
[  7%] Built target ament_cmake_python_build_fast_lio_egg
[  7%] Built target fast_lio__rs
[  7%] Built target fast_lio__cpp
[ 10%] Building C object CMakeFiles/fast_lio__rosidl_generator_c.dir/rosidl_generator_c/fast_lio/msg/detail/pose6_d__functions.c.o
[ 12%] Generating C++ type support for eProsima Fast-RTPS
[ 15%] Generating C++ introspection for ROS interfaces
[ 17%] Generating C++ type support dispatch for ROS interfaces
[ 20%] Linking C shared library libfast_lio__rosidl_generator_c.so
[ 20%] Built target fast_lio__rosidl_generator_c
[ 28%] Generating C introspection for ROS interfaces
[ 28%] Generating C type support for eProsima Fast-RTPS
[ 28%] Generating C type support dispatch for ROS interfaces
[ 30%] Building CXX object CMakeFiles/fast_lio__rosidl_typesupport_cpp.dir/rosidl_typesupport_cpp/fast_lio/msg/pose6_d__type_support.cpp.o
[ 33%] Building CXX object CMakeFiles/fast_lio__rosidl_typesupport_introspection_cpp.dir/rosidl_typesupport_introspection_cpp/fast_lio/msg/detail/pose6_d__type_support.cpp.o
[ 35%] Building CXX object CMakeFiles/fast_lio__rosidl_typesupport_fastrtps_cpp.dir/rosidl_typesupport_fastrtps_cpp/fast_lio/msg/detail/dds_fastrtps/pose6_d__type_support.cpp.o
[ 38%] Building CXX object CMakeFiles/fast_lio__rosidl_typesupport_c.dir/rosidl_typesupport_c/fast_lio/msg/pose6_d__type_support.cpp.o
[ 41%] Building C object CMakeFiles/fast_lio__rosidl_typesupport_introspection_c.dir/rosidl_typesupport_introspection_c/fast_lio/msg/detail/pose6_d__type_support.c.o
[ 43%] Linking CXX shared library libfast_lio__rosidl_typesupport_c.so
[ 46%] Linking CXX shared library libfast_lio__rosidl_typesupport_cpp.so
[ 48%] Building CXX object CMakeFiles/fast_lio__rosidl_typesupport_fastrtps_c.dir/rosidl_typesupport_fastrtps_c/fast_lio/msg/detail/pose6_d__type_support_c.cpp.o
[ 51%] Linking C shared library libfast_lio__rosidl_typesupport_introspection_c.so
[ 51%] Built target fast_lio__rosidl_typesupport_cpp
[ 51%] Built target fast_lio__rosidl_typesupport_c
[ 56%] Building CXX object CMakeFiles/fastlio_mapping.dir/src/core/slam_core.cpp.o
[ 56%] Building CXX object CMakeFiles/fastlio_mapping.dir/src/app/golden_slam_app.cpp.o
[ 58%] Building CXX object CMakeFiles/fastlio_mapping.dir/src/platform/ros_bridge.cpp.o
[ 61%] Building CXX object CMakeFiles/fastlio_mapping.dir/include/ikd-Tree/ikd_Tree.cpp.o
[ 64%] Building CXX object CMakeFiles/fastlio_mapping.dir/src/app/main.cpp.o
[ 66%] Building CXX object CMakeFiles/fastlio_mapping.dir/src/preprocess.cpp.o
[ 69%] Linking CXX shared library libfast_lio__rosidl_typesupport_fastrtps_cpp.so
[ 71%] Linking CXX shared library libfast_lio__rosidl_typesupport_introspection_cpp.so
[ 71%] Built target fast_lio__rosidl_typesupport_introspection_c
[ 71%] Built target fast_lio__rosidl_typesupport_introspection_cpp
[ 71%] Built target fast_lio__rosidl_typesupport_fastrtps_cpp
[ 74%] Linking CXX shared library libfast_lio__rosidl_typesupport_fastrtps_c.so
[ 74%] Built target fast_lio__rosidl_typesupport_fastrtps_c
[ 74%] Built target fast_lio
[ 76%] Generating Python code for ROS interfaces
[ 76%] Built target fast_lio__py
[ 79%] Building C object CMakeFiles/fast_lio__rosidl_generator_py.dir/rosidl_generator_py/fast_lio/msg/_pose6_d_s.c.o
[ 82%] Linking C shared library rosidl_generator_py/fast_lio/libfast_lio__rosidl_generator_py.so
[ 82%] Built target fast_lio__rosidl_generator_py
[ 87%] Building C object CMakeFiles/fast_lio__rosidl_typesupport_introspection_c__pyext.dir/rosidl_generator_py/fast_lio/_fast_lio_s.ep.rosidl_typesupport_introspection_c.c.o
[ 87%] Building C object CMakeFiles/fast_lio__rosidl_typesupport_fastrtps_c__pyext.dir/rosidl_generator_py/fast_lio/_fast_lio_s.ep.rosidl_typesupport_fastrtps_c.c.o
[ 89%] Building C object CMakeFiles/fast_lio__rosidl_typesupport_c__pyext.dir/rosidl_generator_py/fast_lio/_fast_lio_s.ep.rosidl_typesupport_c.c.o
[ 92%] Linking C shared library rosidl_generator_py/fast_lio/fast_lio_s__rosidl_typesupport_introspection_c.cpython-310-x86_64-linux-gnu.so
[ 94%] Linking C shared library rosidl_generator_py/fast_lio/fast_lio_s__rosidl_typesupport_c.cpython-310-x86_64-linux-gnu.so
[ 97%] Linking C shared library rosidl_generator_py/fast_lio/fast_lio_s__rosidl_typesupport_fastrtps_c.cpython-310-x86_64-linux-gnu.so
[ 97%] Built target fast_lio__rosidl_typesupport_introspection_c__pyext
[ 97%] Built target fast_lio__rosidl_typesupport_c__pyext
[ 97%] Built target fast_lio__rosidl_typesupport_fastrtps_c__pyext
In file included from /home/goldenboy/git_version/GoldenSLAM/include/core/slam_core.hpp:25,
                 from /home/goldenboy/git_version/GoldenSLAM/src/core/slam_core.cpp:1:
/home/goldenboy/git_version/GoldenSLAM/include/common_lib.h: In function ‘double get_time_sec(const Time&)’:
/home/goldenboy/git_version/GoldenSLAM/include/common_lib.h:259:12: error: ‘rclcpp’ has not been declared
  259 |     return rclcpp::Time(time).seconds();
      |            ^~~~~~
/home/goldenboy/git_version/GoldenSLAM/include/common_lib.h: At global scope:
/home/goldenboy/git_version/GoldenSLAM/include/common_lib.h:264:1: error: ‘rclcpp’ does not name a type
  264 | rclcpp::Time get_ros_time(double timestamp)
      | ^~~~~~
In file included from /usr/include/boost/bind.hpp:30,
                 from /home/goldenboy/git_version/GoldenSLAM/include/IKFoM_toolkit/esekfom/esekfom.hpp:42,
                 from /home/goldenboy/git_version/GoldenSLAM/include/use-ikfom.hpp:4,
                 from /home/goldenboy/git_version/GoldenSLAM/include/core/slam_core.hpp:26,
                 from /home/goldenboy/git_version/GoldenSLAM/src/core/slam_core.cpp:1:
/usr/include/boost/bind.hpp:36:1: note: ‘#pragma message: The practice of declaring the Bind placeholders (_1, _2, ...) in the global namespace is deprecated. Please use <boost/bind/bind.hpp> + using namespace boost::placeholders, or define BOOST_BIND_GLOBAL_PLACEHOLDERS to retain the current behavior.’
   36 | BOOST_PRAGMA_MESSAGE(
      | ^~~~~~~~~~~~~~~~~~~~
In file included from /home/goldenboy/git_version/GoldenSLAM/src/core/slam_core.cpp:1:
/home/goldenboy/git_version/GoldenSLAM/include/core/slam_core.hpp:121:10: error: ‘condition_variable’ in namespace ‘std’ does not name a type
  121 |     std::condition_variable sig_buffer_;
      |          ^~~~~~~~~~~~~~~~~~
In file included from /home/goldenboy/git_version/GoldenSLAM/src/core/slam_core.cpp:1:
/home/goldenboy/git_version/GoldenSLAM/include/core/slam_core.hpp:27:1: note: ‘std::condition_variable’ is defined in header ‘<condition_variable>’; did you forget to ‘#include <condition_variable>’?
   26 | #include "use-ikfom.hpp"
  +++ |+#include <condition_variable>
   27 | #include "IKFoM_toolkit/esekfom/esekfom.hpp"
In file included from /home/goldenboy/git_version/GoldenSLAM/src/core/slam_core.cpp:1:
/home/goldenboy/git_version/GoldenSLAM/include/core/slam_core.hpp:154:5: error: ‘KD_TREE’ does not name a type
  154 |     KD_TREE<PointType>         ikdtree_;
      |     ^~~~~~~
/home/goldenboy/git_version/GoldenSLAM/include/core/slam_core.hpp:155:5: error: ‘BoxPointType’ does not name a type; did you mean ‘PointType’?
  155 |     BoxPointType               LocalMap_Points_;
      |     ^~~~~~~~~~~~
      |     PointType
/home/goldenboy/git_version/GoldenSLAM/include/core/slam_core.hpp:158:17: error: ‘BoxPointType’ was not declared in this scope; did you mean ‘PointType’?
  158 |     std::vector<BoxPointType>  cub_needrm_;
      |                 ^~~~~~~~~~~~
      |                 PointType
/home/goldenboy/git_version/GoldenSLAM/include/core/slam_core.hpp:158:29: error: template argument 1 is invalid
  158 |     std::vector<BoxPointType>  cub_needrm_;
      |                             ^
/home/goldenboy/git_version/GoldenSLAM/include/core/slam_core.hpp:158:29: error: template argument 2 is invalid
In file included from /usr/include/boost/bind.hpp:30,
                 from /home/goldenboy/git_version/GoldenSLAM/include/IKFoM_toolkit/esekfom/esekfom.hpp:42,
                 from /home/goldenboy/git_version/GoldenSLAM/include/use-ikfom.hpp:4,
                 from /home/goldenboy/git_version/GoldenSLAM/include/core/slam_core.hpp:26,
                 from /home/goldenboy/git_version/GoldenSLAM/src/app/golden_slam_app.cpp:2:
/usr/include/boost/bind.hpp:36:1: note: ‘#pragma message: The practice of declaring the Bind placeholders (_1, _2, ...) in the global namespace is deprecated. Please use <boost/bind/bind.hpp> + using namespace boost::placeholders, or define BOOST_BIND_GLOBAL_PLACEHOLDERS to retain the current behavior.’
   36 | BOOST_PRAGMA_MESSAGE(
      | ^~~~~~~~~~~~~~~~~~~~
In file included from /usr/include/boost/bind.hpp:30,
                 from /home/goldenboy/git_version/GoldenSLAM/include/IKFoM_toolkit/esekfom/esekfom.hpp:42,
                 from /home/goldenboy/git_version/GoldenSLAM/include/use-ikfom.hpp:4,
                 from /home/goldenboy/git_version/GoldenSLAM/include/core/slam_core.hpp:26,
                 from /home/goldenboy/git_version/GoldenSLAM/include/platform/ros_bridge.hpp:18,
                 from /home/goldenboy/git_version/GoldenSLAM/src/platform/ros_bridge.cpp:1:
/usr/include/boost/bind.hpp:36:1: note: ‘#pragma message: The practice of declaring the Bind placeholders (_1, _2, ...) in the global namespace is deprecated. Please use <boost/bind/bind.hpp> + using namespace boost::placeholders, or define BOOST_BIND_GLOBAL_PLACEHOLDERS to retain the current behavior.’
   36 | BOOST_PRAGMA_MESSAGE(
      | ^~~~~~~~~~~~~~~~~~~~
In file included from /home/goldenboy/git_version/GoldenSLAM/src/app/golden_slam_app.cpp:2:
/home/goldenboy/git_version/GoldenSLAM/include/core/slam_core.hpp:154:5: error: ‘KD_TREE’ does not name a type
  154 |     KD_TREE<PointType>         ikdtree_;
      |     ^~~~~~~
/home/goldenboy/git_version/GoldenSLAM/include/core/slam_core.hpp:155:5: error: ‘BoxPointType’ does not name a type; did you mean ‘PointType’?
  155 |     BoxPointType               LocalMap_Points_;
      |     ^~~~~~~~~~~~
      |     PointType
/home/goldenboy/git_version/GoldenSLAM/include/core/slam_core.hpp:158:17: error: ‘BoxPointType’ was not declared in this scope; did you mean ‘PointType’?
  158 |     std::vector<BoxPointType>  cub_needrm_;
      |                 ^~~~~~~~~~~~
      |                 PointType
/home/goldenboy/git_version/GoldenSLAM/include/core/slam_core.hpp:158:29: error: template argument 1 is invalid
  158 |     std::vector<BoxPointType>  cub_needrm_;
      |                             ^
/home/goldenboy/git_version/GoldenSLAM/include/core/slam_core.hpp:158:29: error: template argument 2 is invalid
In file included from /home/goldenboy/git_version/GoldenSLAM/include/platform/ros_bridge.hpp:18,
                 from /home/goldenboy/git_version/GoldenSLAM/src/platform/ros_bridge.cpp:1:
/home/goldenboy/git_version/GoldenSLAM/include/core/slam_core.hpp:154:5: error: ‘KD_TREE’ does not name a type
  154 |     KD_TREE<PointType>         ikdtree_;
      |     ^~~~~~~
/home/goldenboy/git_version/GoldenSLAM/include/core/slam_core.hpp:155:5: error: ‘BoxPointType’ does not name a type; did you mean ‘PointType’?
  155 |     BoxPointType               LocalMap_Points_;
      |     ^~~~~~~~~~~~
      |     PointType
/home/goldenboy/git_version/GoldenSLAM/include/core/slam_core.hpp:158:17: error: ‘BoxPointType’ was not declared in this scope; did you mean ‘PointType’?
  158 |     std::vector<BoxPointType>  cub_needrm_;
      |                 ^~~~~~~~~~~~
      |                 PointType
/home/goldenboy/git_version/GoldenSLAM/include/core/slam_core.hpp:158:29: error: template argument 1 is invalid
  158 |     std::vector<BoxPointType>  cub_needrm_;
      |                             ^
/home/goldenboy/git_version/GoldenSLAM/include/core/slam_core.hpp:158:29: error: template argument 2 is invalid
/home/goldenboy/git_version/GoldenSLAM/src/platform/ros_bridge.cpp: In member function ‘void RosBridge::onImuCB(sensor_msgs::msg::Imu_<std::allocator<void> >::UniquePtr)’:
/home/goldenboy/git_version/GoldenSLAM/src/platform/ros_bridge.cpp:199:5: error: ‘last_timestamp_imu_’ was not declared in this scope
  199 |     last_timestamp_imu_ = get_time_sec(msg_in->header.stamp);
      |     ^~~~~~~~~~~~~~~~~~~
/home/goldenboy/git_version/GoldenSLAM/src/core/slam_core.cpp: In member function ‘void SlamCore::pushImu(sensor_msgs::msg::Imu_<std::allocator<void> >::SharedPtr)’:
/home/goldenboy/git_version/GoldenSLAM/src/core/slam_core.cpp:150:25: error: ‘get_ros_time’ was not declared in this scope
  150 |     msg->header.stamp = get_ros_time(get_time_sec(msg_in->header.stamp) - time_diff_lidar_to_imu_);
      |                         ^~~~~~~~~~~~
/home/goldenboy/git_version/GoldenSLAM/src/core/slam_core.cpp: In member function ‘void SlamCore::pointsCacheCollect()’:
/home/goldenboy/git_version/GoldenSLAM/src/core/slam_core.cpp:267:5: error: ‘ikdtree_’ was not declared in this scope
  267 |     ikdtree_.acquire_removed_points(points_history);
      |     ^~~~~~~~
/home/goldenboy/git_version/GoldenSLAM/src/core/slam_core.cpp: In member function ‘void SlamCore::lasermapFovSegment()’:
/home/goldenboy/git_version/GoldenSLAM/src/core/slam_core.cpp:273:17: error: request for member ‘clear’ in ‘((SlamCore*)this)->SlamCore::cub_needrm_’, which is of non-class type ‘int’
  273 |     cub_needrm_.clear();
      |                 ^~~~~
/home/goldenboy/git_version/GoldenSLAM/src/core/slam_core.cpp:278:21: error: no matching function for call to ‘SlamCore::pointBodyToWorld(V3F&, Eigen::DenseCoeffsBase<Eigen::Matrix<float, 3, 1>, 1>::Scalar*)’
  278 |     pointBodyToWorld(XAxisPoint_body_, &XAxisPoint_world_[0]);
      |     ~~~~~~~~~~~~~~~~^~~~~~~~~~~~~~~~~~~~~~~~~~~~~~~~~~~~~~~~~
/home/goldenboy/git_version/GoldenSLAM/src/core/slam_core.cpp:228:6: note: candidate: ‘void SlamCore::pointBodyToWorld(const PointType*, PointType*) const’
  228 | void SlamCore::pointBodyToWorld(PointType const* pi, PointType* po) const
      |      ^~~~~~~~
/home/goldenboy/git_version/GoldenSLAM/src/core/slam_core.cpp:228:50: note:   no known conversion for argument 1 from ‘V3F’ {aka ‘Eigen::Matrix<float, 3, 1>’} to ‘const PointType*’ {aka ‘const pcl::PointXYZINormal*’}
  228 | void SlamCore::pointBodyToWorld(PointType const* pi, PointType* po) const
      |                                 ~~~~~~~~~~~~~~~~~^~
/home/goldenboy/git_version/GoldenSLAM/src/core/slam_core.cpp:238:6: note: candidate: ‘void SlamCore::pointBodyToWorld(const V3D&, V3D&) const’
  238 | void SlamCore::pointBodyToWorld(const V3D& pi, V3D& po) const
      |      ^~~~~~~~
/home/goldenboy/git_version/GoldenSLAM/src/core/slam_core.cpp:238:53: note:   no known conversion for argument 2 from ‘Eigen::DenseCoeffsBase<Eigen::Matrix<float, 3, 1>, 1>::Scalar*’ {aka ‘float*’} to ‘V3D&’ {aka ‘Eigen::Matrix<double, 3, 1>&’}
  238 | void SlamCore::pointBodyToWorld(const V3D& pi, V3D& po) const
      |                                                ~~~~~^~
/home/goldenboy/git_version/GoldenSLAM/src/core/slam_core.cpp:296:13: error: ‘LocalMap_Points_’ was not declared in this scope
  296 |             LocalMap_Points_.vertex_min[i] = pos_LiD(i) - cube_len_ / 2.0;
      |             ^~~~~~~~~~~~~~~~
/home/goldenboy/git_version/GoldenSLAM/src/core/slam_core.cpp:308:52: error: ‘LocalMap_Points_’ was not declared in this scope
  308 |         dist_to_map_edge[i][0] = fabs(pos_LiD(i) - LocalMap_Points_.vertex_min[i]);
      |                                                    ^~~~~~~~~~~~~~~~
/home/goldenboy/git_version/GoldenSLAM/src/core/slam_core.cpp:316:5: error: ‘BoxPointType’ was not declared in this scope; did you mean ‘PointType’?
  316 |     BoxPointType New_LocalMap_Points = LocalMap_Points_;
      |     ^~~~~~~~~~~~
      |     PointType
/home/goldenboy/git_version/GoldenSLAM/src/core/slam_core.cpp:317:17: error: expected ‘;’ before ‘tmp_boxpoints’
  317 |     BoxPointType tmp_boxpoints;
      |                 ^~~~~~~~~~~~~~
      |                 ;
/home/goldenboy/git_version/GoldenSLAM/src/core/slam_core.cpp:322:9: error: ‘tmp_boxpoints’ was not declared in this scope
  322 |         tmp_boxpoints = LocalMap_Points_;
      |         ^~~~~~~~~~~~~
/home/goldenboy/git_version/GoldenSLAM/src/core/slam_core.cpp:322:25: error: ‘LocalMap_Points_’ was not declared in this scope
  322 |         tmp_boxpoints = LocalMap_Points_;
      |                         ^~~~~~~~~~~~~~~~
/home/goldenboy/git_version/GoldenSLAM/src/core/slam_core.cpp:325:13: error: ‘New_LocalMap_Points’ was not declared in this scope
  325 |             New_LocalMap_Points.vertex_max[i] -= mov_dist;
      |             ^~~~~~~~~~~~~~~~~~~
/home/goldenboy/git_version/GoldenSLAM/src/core/slam_core.cpp:328:25: error: request for member ‘push_back’ in ‘((SlamCore*)this)->SlamCore::cub_needrm_’, which is of non-class type ‘int’
  328 |             cub_needrm_.push_back(tmp_boxpoints);
      |                         ^~~~~~~~~
/home/goldenboy/git_version/GoldenSLAM/src/core/slam_core.cpp:332:13: error: ‘New_LocalMap_Points’ was not declared in this scope
  332 |             New_LocalMap_Points.vertex_max[i] += mov_dist;
      |             ^~~~~~~~~~~~~~~~~~~
/home/goldenboy/git_version/GoldenSLAM/src/core/slam_core.cpp:335:25: error: request for member ‘push_back’ in ‘((SlamCore*)this)->SlamCore::cub_needrm_’, which is of non-class type ‘int’
  335 |             cub_needrm_.push_back(tmp_boxpoints);
      |                         ^~~~~~~~~
/home/goldenboy/git_version/GoldenSLAM/src/core/slam_core.cpp:338:5: error: ‘LocalMap_Points_’ was not declared in this scope
  338 |     LocalMap_Points_ = New_LocalMap_Points;
      |     ^~~~~~~~~~~~~~~~
/home/goldenboy/git_version/GoldenSLAM/src/core/slam_core.cpp:338:24: error: ‘New_LocalMap_Points’ was not declared in this scope
  338 |     LocalMap_Points_ = New_LocalMap_Points;
      |                        ^~~~~~~~~~~~~~~~~~~
/home/goldenboy/git_version/GoldenSLAM/src/core/slam_core.cpp:342:22: error: request for member ‘empty’ in ‘((SlamCore*)this)->SlamCore::cub_needrm_’, which is of non-class type ‘int’
  342 |     if (!cub_needrm_.empty())
      |                      ^~~~~
/home/goldenboy/git_version/GoldenSLAM/src/core/slam_core.cpp:343:34: error: ‘ikdtree_’ was not declared in this scope
  343 |         kdtree_delete_counter_ = ikdtree_.Delete_Point_Boxes(cub_needrm_);
      |                                  ^~~~~~~~
/home/goldenboy/git_version/GoldenSLAM/src/core/slam_core.cpp: In member function ‘void SlamCore::mapIncremental()’:
/home/goldenboy/git_version/GoldenSLAM/src/core/slam_core.cpp:390:23: error: ‘ikdtree_’ was not declared in this scope
  390 |     add_point_size_ = ikdtree_.Add_Points(PointToAdd, true);
      |                       ^~~~~~~~
/home/goldenboy/git_version/GoldenSLAM/src/core/slam_core.cpp: In member function ‘void SlamCore::h_share_model(state_ikfom&, esekfom::dyn_share_datastruct<double>&)’:
/home/goldenboy/git_version/GoldenSLAM/src/core/slam_core.cpp:426:13: error: ‘ikdtree_’ was not declared in this scope
  426 |             ikdtree_.Nearest_Search(point_world, NUM_MATCH_POINTS, points_near, pointSearchSqDis);
      |             ^~~~~~~~
/home/goldenboy/git_version/GoldenSLAM/src/core/slam_core.cpp: In member function ‘void SlamCore::spinFrontendOnce()’:
/home/goldenboy/git_version/GoldenSLAM/src/core/slam_core.cpp:595:9: error: ‘ikdtree_’ was not declared in this scope
  595 |     if (ikdtree_.Root_Node == nullptr)
      |         ^~~~~~~~
/home/goldenboy/git_version/GoldenSLAM/src/core/slam_core.cpp:609:27: error: ‘ikdtree_’ was not declared in this scope
  609 |     int featsFromMapNum = ikdtree_.validnum();
      |                           ^~~~~~~~
gmake[2]: *** [CMakeFiles/fastlio_mapping.dir/build.make:90: CMakeFiles/fastlio_mapping.dir/src/app/golden_slam_app.cpp.o] 오류 1
gmake[2]: *** 끝나지 않은 작업을 기다리고 있습니다....
In file included from /usr/include/eigen3/Eigen/Core:164,
                 from /home/goldenboy/git_version/GoldenSLAM/include/core/slam_core.hpp:11,
                 from /home/goldenboy/git_version/GoldenSLAM/src/core/slam_core.cpp:1:
/usr/include/eigen3/Eigen/src/Core/AssignEvaluator.h: In instantiation of ‘void Eigen::internal::call_assignment_no_alias(Dst&, const Src&, const Func&) [with Dst = Eigen::Matrix<double, 24, 24, 0, 24, 24>; Src = Eigen::Matrix<double, 23, 23, 0, 23, 23>; Func = Eigen::internal::assign_op<double, double>]’:
/usr/include/eigen3/Eigen/src/Core/AssignEvaluator.h:858:27:   required from ‘void Eigen::internal::call_assignment(Dst&, const Src&, const Func&, typename Eigen::internal::enable_if<(! Eigen::internal::evaluator_assume_aliasing<Src>::value), void*>::type) [with Dst = Eigen::Matrix<double, 24, 24, 0, 24, 24>; Src = Eigen::Matrix<double, 23, 23, 0, 23, 23>; Func = Eigen::internal::assign_op<double, double>; typename Eigen::internal::enable_if<(! Eigen::internal::evaluator_assume_aliasing<Src>::value), void*>::type = void*; typename Eigen::internal::evaluator_traits<SrcXprType>::Shape = Eigen::DenseShape]’
/usr/include/eigen3/Eigen/src/Core/AssignEvaluator.h:836:18:   required from ‘void Eigen::internal::call_assignment(Dst&, const Src&) [with Dst = Eigen::Matrix<double, 24, 24, 0, 24, 24>; Src = Eigen::Matrix<double, 23, 23, 0, 23, 23>]’
/usr/include/eigen3/Eigen/src/Core/PlainObjectBase.h:779:32:   required from ‘Derived& Eigen::PlainObjectBase<Derived>::_set(const Eigen::DenseBase<OtherDerived>&) [with OtherDerived = Eigen::Matrix<double, 23, 23, 0, 23, 23>; Derived = Eigen::Matrix<double, 24, 24, 0, 24, 24>]’
/usr/include/eigen3/Eigen/src/Core/Matrix.h:225:24:   required from ‘Eigen::Matrix<_Scalar, _Rows, _Cols, _Options, _MaxRows, _MaxCols>& Eigen::Matrix<_Scalar, _Rows, _Cols, _Options, _MaxRows, _MaxCols>::operator=(const Eigen::DenseBase<OtherDerived>&) [with OtherDerived = Eigen::Matrix<double, 23, 23, 0, 23, 23>; _Scalar = double; int _Rows = 24; int _Cols = 24; int _Options = 0; int _MaxRows = 24; int _MaxCols = 24]’
/home/goldenboy/git_version/GoldenSLAM/src/core/slam_core.cpp:533:37:   required from here
/usr/include/eigen3/Eigen/src/Core/AssignEvaluator.h:887:3: error: static assertion failed: YOU_MIXED_MATRICES_OF_DIFFERENT_SIZES
  887 |   EIGEN_STATIC_ASSERT_SAME_MATRIX_SIZE(ActualDstTypeCleaned,Src)
      |   ^~~~~~~~~~~~~~~~~~~~~~~~~~~~~~~~~~~~
/usr/include/eigen3/Eigen/src/Core/AssignEvaluator.h:887:3: note: ‘(((((int)Eigen::internal::size_of_xpr_at_compile_time<Eigen::Matrix<double, 24, 24, 0, 24, 24> >::ret) == 0) && (((int)Eigen::internal::size_of_xpr_at_compile_time<Eigen::Matrix<double, 23, 23, 0, 23, 23> >::ret) == 0)) || ((((((int)Eigen::Matrix<double, 24, 24, 0, 24, 24>::RowsAtCompileTime) == ((int)Eigen::Dynamic)) || (((int)Eigen::Matrix<double, 23, 23, 0, 23, 23>::RowsAtCompileTime) == ((int)Eigen::Dynamic))) || (((int)Eigen::Matrix<double, 24, 24, 0, 24, 24>::RowsAtCompileTime) == ((int)Eigen::Matrix<double, 23, 23, 0, 23, 23>::RowsAtCompileTime))) && (((((int)Eigen::Matrix<double, 24, 24, 0, 24, 24>::ColsAtCompileTime) == ((int)Eigen::Dynamic)) || (((int)Eigen::Matrix<double, 23, 23, 0, 23, 23>::ColsAtCompileTime) == ((int)Eigen::Dynamic))) || (((int)Eigen::Matrix<double, 24, 24, 0, 24, 24>::ColsAtCompileTime) == ((int)Eigen::Matrix<double, 23, 23, 0, 23, 23>::ColsAtCompileTime)))))’ evaluates to false
gmake[2]: *** [CMakeFiles/fastlio_mapping.dir/build.make:118: CMakeFiles/fastlio_mapping.dir/src/platform/ros_bridge.cpp.o] 오류 1
gmake[2]: *** [CMakeFiles/fastlio_mapping.dir/build.make:104: CMakeFiles/fastlio_mapping.dir/src/core/slam_core.cpp.o] 오류 1
gmake[1]: *** [CMakeFiles/Makefile2:612: CMakeFiles/fastlio_mapping.dir/all] 오류 2
gmake: *** [Makefile:146: all] 오류 2
