[0.009s] Invoking command in '/home/goldenboy/git_version/GoldenSLAM/build/fast_lio': CMAKE_PREFIX_PATH=${CMAKE_PREFIX_PATH}:/opt/ros/humble /usr/bin/cmake /home/goldenboy/git_version/GoldenSLAM -DCMAKE_INSTALL_PREFIX=/home/goldenboy/git_version/GoldenSLAM/install/fast_lio
[0.139s] -- The C compiler identification is GNU 11.4.0
[0.359s] -- The CXX compiler identification is GNU 11.4.0
[0.498s] -- Detecting C compiler ABI info
[0.590s] -- Detecting C compiler ABI info - done
[0.594s] -- Check for working C compiler: /usr/bin/cc - skipped
[0.594s] -- Detecting C compile features
[0.594s] -- Detecting C compile features - done
[0.596s] -- Detecting CXX compiler ABI info
[0.665s] -- Detecting CXX compiler ABI info - done
[0.668s] -- Check for working CXX compiler: /usr/bin/c++ - skipped
[0.668s] -- Detecting CXX compile features
[0.669s] -- Detecting CXX compile features - done
[0.669s] -- Current CPU architecture: x86_64
[0.672s] -- Processor count: 24
[0.672s] -- OMP cores for MP: 3
[1.159s] -- Found PythonLibs: /usr/lib/x86_64-linux-gnu/libpython3.10.so (found version "3.10.12") 
[1.163s] -- Found ament_cmake: 1.3.14 (/opt/ros/humble/share/ament_cmake/cmake)
[1.235s] -- Found Python3: /usr/bin/python3 (found version "3.10.12") found components: Interpreter 
[1.297s] -- Found rclcpp: 16.0.18 (/opt/ros/humble/share/rclcpp/cmake)
[1.346s] -- Found rosidl_generator_c: 3.1.8 (/opt/ros/humble/share/rosidl_generator_c/cmake)
[1.349s] -- Found rosidl_adapter: 3.1.8 (/opt/ros/humble/share/rosidl_adapter/cmake)
[1.356s] -- Found rosidl_generator_cpp: 3.1.8 (/opt/ros/humble/share/rosidl_generator_cpp/cmake)
[1.366s] -- Using all available rosidl_typesupport_c: rosidl_typesupport_fastrtps_c;rosidl_typesupport_introspection_c
[1.377s] -- Using all available rosidl_typesupport_cpp: rosidl_typesupport_fastrtps_cpp;rosidl_typesupport_introspection_cpp
[1.409s] -- Found rmw_implementation_cmake: 6.1.2 (/opt/ros/humble/share/rmw_implementation_cmake/cmake)
[1.411s] -- Found rmw_fastrtps_cpp: 6.2.10 (/opt/ros/humble/share/rmw_fastrtps_cpp/cmake)
[2.277s] -- Found OpenSSL: /usr/lib/x86_64-linux-gnu/libcrypto.so (found version "3.0.2")  
[2.892s] -- Found FastRTPS: /opt/ros/humble/include  
[3.938s] -- Using RMW implementation 'rmw_fastrtps_cpp' as default
[3.953s] -- Looking for pthread.h
[4.013s] -- Looking for pthread.h - found
[4.013s] -- Performing Test CMAKE_HAVE_LIBC_PTHREAD
[4.089s] -- Performing Test CMAKE_HAVE_LIBC_PTHREAD - Success
[4.090s] -- Found Threads: TRUE  
[4.129s] -- Found rclcpp_components: 16.0.18 (/opt/ros/humble/share/rclcpp_components/cmake)
[4.149s] -- Found geometry_msgs: 4.9.1 (/opt/ros/humble/share/geometry_msgs/cmake)
[4.160s] -- Found nav_msgs: 4.9.1 (/opt/ros/humble/share/nav_msgs/cmake)
[4.173s] -- Found sensor_msgs: 4.9.1 (/opt/ros/humble/share/sensor_msgs/cmake)
[4.185s] -- Found std_srvs: 4.9.1 (/opt/ros/humble/share/std_srvs/cmake)
[4.193s] -- Found visualization_msgs: 4.9.1 (/opt/ros/humble/share/visualization_msgs/cmake)
[4.206s] -- Found pcl_ros: 2.4.5 (/opt/ros/humble/share/pcl_ros/cmake)
[4.234s] -- Checking for module 'eigen3'
[4.239s] --   Found eigen3, version 3.4.0
[4.252s] -- Found Eigen: /usr/include/eigen3 (Required is at least version "3.1") 
[4.252s] -- Eigen found (include: /usr/include/eigen3, version: 3.4.0)
[4.842s] -- Checking for module 'flann'
[4.848s] --   Found flann, version 1.9.1
[5.000s] -- Found FLANN: /usr/lib/x86_64-linux-gnu/libflann_cpp.so  
[5.000s] -- FLANN found (include: /usr/include, lib: /usr/lib/x86_64-linux-gnu/libflann_cpp.so)
[7.003s] -- Checking for module 'libusb-1.0'
[7.008s] --   Found libusb-1.0, version 1.0.25
[7.079s] -- Found libusb: /usr/lib/x86_64-linux-gnu/libusb-1.0.so  
[7.080s] -- OpenNI found (version: 1.5.4.0, include: /usr/include/ni, lib: /usr/lib/libOpenNI.so;libusb::libusb)
[7.183s] -- OpenNI2 found (version: 2.2.0.33, include: /usr/include/openni2, lib: /usr/lib/x86_64-linux-gnu/libOpenNI2.so;libusb::libusb)
[7.887s] -- Eigen found (include: /usr/include/eigen3, version: 3.4.0)
[7.890s] -- OpenNI found (version: 1.5.4.0, include: /usr/include/ni, lib: /usr/lib/libOpenNI.so;libusb::libusb)
[7.893s] -- OpenNI2 found (version: 2.2.0.33, include: /usr/include/openni2, lib: /usr/lib/x86_64-linux-gnu/libOpenNI2.so;libusb::libusb)
[8.546s] -- Found Qhull version 8.0.2
[9.186s] -- OpenNI found (version: 1.5.4.0, include: /usr/include/ni, lib: /usr/lib/libOpenNI.so;libusb::libusb)
[9.823s] -- Found PCL_COMMON: /usr/lib/x86_64-linux-gnu/libpcl_common.so  
[9.824s] -- Found PCL_KDTREE: /usr/lib/x86_64-linux-gnu/libpcl_kdtree.so  
[9.824s] -- Found PCL_OCTREE: /usr/lib/x86_64-linux-gnu/libpcl_octree.so  
[9.825s] -- Found PCL_SEARCH: /usr/lib/x86_64-linux-gnu/libpcl_search.so  
[9.825s] -- Found PCL_SAMPLE_CONSENSUS: /usr/lib/x86_64-linux-gnu/libpcl_sample_consensus.so  
[9.825s] -- Found PCL_FILTERS: /usr/lib/x86_64-linux-gnu/libpcl_filters.so  
[9.826s] -- Found PCL_2D: /usr/include/pcl-1.12  
[9.826s] -- Found PCL_GEOMETRY: /usr/include/pcl-1.12  
[9.826s] -- Found PCL_IO: /usr/lib/x86_64-linux-gnu/libpcl_io.so  
[9.827s] -- Found PCL_FEATURES: /usr/lib/x86_64-linux-gnu/libpcl_features.so  
[9.827s] -- Found PCL_ML: /usr/lib/x86_64-linux-gnu/libpcl_ml.so  
[9.827s] -- Found PCL_SEGMENTATION: /usr/lib/x86_64-linux-gnu/libpcl_segmentation.so  
[9.828s] -- Found PCL_VISUALIZATION: /usr/lib/x86_64-linux-gnu/libpcl_visualization.so  
[9.828s] -- Found PCL_SURFACE: /usr/lib/x86_64-linux-gnu/libpcl_surface.so  
[9.828s] -- Found PCL_REGISTRATION: /usr/lib/x86_64-linux-gnu/libpcl_registration.so  
[9.829s] -- Found PCL_KEYPOINTS: /usr/lib/x86_64-linux-gnu/libpcl_keypoints.so  
[9.829s] -- Found PCL_TRACKING: /usr/lib/x86_64-linux-gnu/libpcl_tracking.so  
[9.830s] -- Found PCL_RECOGNITION: /usr/lib/x86_64-linux-gnu/libpcl_recognition.so  
[9.830s] -- Found PCL_STEREO: /usr/lib/x86_64-linux-gnu/libpcl_stereo.so  
[9.830s] -- Found PCL_APPS: /usr/lib/x86_64-linux-gnu/libpcl_apps.so  
[9.831s] -- Found PCL_IN_HAND_SCANNER: /usr/include/pcl-1.12  
[9.831s] -- Found PCL_MODELER: /usr/include/pcl-1.12  
[9.831s] -- Found PCL_POINT_CLOUD_EDITOR: /usr/include/pcl-1.12  
[9.832s] -- Found PCL_OUTOFCORE: /usr/lib/x86_64-linux-gnu/libpcl_outofcore.so  
[9.832s] -- Found PCL_PEOPLE: /usr/lib/x86_64-linux-gnu/libpcl_people.so  
[9.868s] -- Found eigen3_cmake_module: 0.1.1 (/opt/ros/humble/share/eigen3_cmake_module/cmake)
[9.869s] -- Found Eigen3: TRUE (found version "3.4.0") 
[9.869s] -- Ensuring Eigen3 include directory is part of orocos-kdl CMake target
[9.919s] -- Found livox_ros_driver2: 1.0.0 (/home/goldenboy/Workspaces/sensor_ws/install/livox_ros_driver2/share/livox_ros_driver2/cmake)
[9.932s] -- Found rosidl_default_generators: 1.2.1 (/opt/ros/humble/share/rosidl_default_generators/cmake)
[9.940s] CMake Warning (dev) at CMakeLists.txt:97 (find_package):
[9.940s]   Policy CMP0074 is not set: find_package uses <PackageName>_ROOT variables.
[9.940s]   Run "cmake --help-policy CMP0074" for policy details.  Use the cmake_policy
[9.940s]   command to set the policy and suppress this warning.
[9.940s] 
[9.940s]   CMake variable PCL_ROOT is set to:
[9.940s] 
[9.940s]     /usr
[9.940s] 
[9.940s]   For compatibility, CMake is ignoring the variable.
[9.940s] This warning is for project developers.  Use -Wno-dev to suppress it.
[9.940s] 
[9.943s] -- Eigen3: /usr/include/eigen3
[9.943s] -- PCL: /usr/include/pcl-1.12
[10.070s] -- Found ament_cmake_ros: 0.10.0 (/opt/ros/humble/share/ament_cmake_ros/cmake)
[10.223s] -- Using all available rosidl_typesupport_c: rosidl_typesupport_fastrtps_c;rosidl_typesupport_introspection_c
[10.280s] -- Using all available rosidl_typesupport_cpp: rosidl_typesupport_fastrtps_cpp;rosidl_typesupport_introspection_cpp
[10.330s] -- Found PythonInterp: /usr/bin/python3 (found suitable version "3.10.12", minimum required is "3.6") 
[10.332s] -- Found python_cmake_module: 0.10.0 (/opt/ros/humble/share/python_cmake_module/cmake)
[10.342s] -- Found PythonLibs: /usr/lib/x86_64-linux-gnu/libpython3.10.so (found suitable version "3.10.12", minimum required is "3.5") 
[10.342s] -- Using PYTHON_EXECUTABLE: /usr/bin/python3
[10.342s] -- Using PYTHON_INCLUDE_DIRS: /usr/include/python3.10
[10.343s] -- Using PYTHON_LIBRARIES: /usr/lib/x86_64-linux-gnu/libpython3.10.so
[10.352s] -- Found PythonExtra: .so  
[10.434s] -- Configuring done
[10.518s] -- Generating done
[10.530s] -- Build files have been written to: /home/goldenboy/git_version/GoldenSLAM/build/fast_lio
[10.541s] Invoked command in '/home/goldenboy/git_version/GoldenSLAM/build/fast_lio' returned '0': CMAKE_PREFIX_PATH=${CMAKE_PREFIX_PATH}:/opt/ros/humble /usr/bin/cmake /home/goldenboy/git_version/GoldenSLAM -DCMAKE_INSTALL_PREFIX=/home/goldenboy/git_version/GoldenSLAM/install/fast_lio
[10.542s] Invoking command in '/home/goldenboy/git_version/GoldenSLAM/build/fast_lio': CMAKE_PREFIX_PATH=${CMAKE_PREFIX_PATH}:/opt/ros/humble /usr/bin/cmake --build /home/goldenboy/git_version/GoldenSLAM/build/fast_lio -- -j24 -l24
[10.563s] [  2%] Generating C code for ROS interfaces
[10.567s] [  5%] Generating Rust code for ROS interfaces
[10.567s] [  7%] Generating C++ code for ROS interfaces
[10.571s] [  7%] Built target ament_cmake_python_copy_fast_lio
[10.680s] running egg_info
[10.680s] creating fast_lio.egg-info
[10.681s] writing fast_lio.egg-info/PKG-INFO
[10.681s] writing dependency_links to fast_lio.egg-info/dependency_links.txt
[10.681s] writing top-level names to fast_lio.egg-info/top_level.txt
[10.681s] writing manifest file 'fast_lio.egg-info/SOURCES.txt'
[10.682s] reading manifest file 'fast_lio.egg-info/SOURCES.txt'
[10.682s] writing manifest file 'fast_lio.egg-info/SOURCES.txt'
[10.695s] [  7%] Built target ament_cmake_python_build_fast_lio_egg
[10.710s] [  7%] Built target fast_lio__rs
[10.715s] [  7%] Built target fast_lio__cpp
[10.717s] [ 10%] Building C object CMakeFiles/fast_lio__rosidl_generator_c.dir/rosidl_generator_c/fast_lio/msg/detail/pose6_d__functions.c.o
[10.720s] [ 12%] Generating C++ type support for eProsima Fast-RTPS
[10.720s] [ 15%] Generating C++ introspection for ROS interfaces
[10.720s] [ 17%] Generating C++ type support dispatch for ROS interfaces
[10.780s] [ 20%] Linking C shared library libfast_lio__rosidl_generator_c.so
[10.839s] [ 20%] Built target fast_lio__rosidl_generator_c
[10.844s] [ 28%] Generating C introspection for ROS interfaces
[10.844s] [ 28%] Generating C type support for eProsima Fast-RTPS
[10.844s] [ 28%] Generating C type support dispatch for ROS interfaces
[10.848s] [ 30%] Building CXX object CMakeFiles/fast_lio__rosidl_typesupport_cpp.dir/rosidl_typesupport_cpp/fast_lio/msg/pose6_d__type_support.cpp.o
[10.857s] [ 33%] Building CXX object CMakeFiles/fast_lio__rosidl_typesupport_introspection_cpp.dir/rosidl_typesupport_introspection_cpp/fast_lio/msg/detail/pose6_d__type_support.cpp.o
[10.861s] [ 35%] Building CXX object CMakeFiles/fast_lio__rosidl_typesupport_fastrtps_cpp.dir/rosidl_typesupport_fastrtps_cpp/fast_lio/msg/detail/dds_fastrtps/pose6_d__type_support.cpp.o
[10.978s] [ 38%] Building CXX object CMakeFiles/fast_lio__rosidl_typesupport_c.dir/rosidl_typesupport_c/fast_lio/msg/pose6_d__type_support.cpp.o
[10.990s] [ 41%] Building C object CMakeFiles/fast_lio__rosidl_typesupport_introspection_c.dir/rosidl_typesupport_introspection_c/fast_lio/msg/detail/pose6_d__type_support.c.o
[10.994s] [ 43%] Linking CXX shared library libfast_lio__rosidl_typesupport_c.so
[10.994s] [ 46%] Linking CXX shared library libfast_lio__rosidl_typesupport_cpp.so
[10.999s] [ 48%] Building CXX object CMakeFiles/fast_lio__rosidl_typesupport_fastrtps_c.dir/rosidl_typesupport_fastrtps_c/fast_lio/msg/detail/pose6_d__type_support_c.cpp.o
[11.021s] [ 51%] Linking C shared library libfast_lio__rosidl_typesupport_introspection_c.so
[11.046s] [ 51%] Built target fast_lio__rosidl_typesupport_cpp
[11.046s] [ 51%] Built target fast_lio__rosidl_typesupport_c
[11.057s] [ 56%] Building CXX object CMakeFiles/fastlio_mapping.dir/src/core/slam_core.cpp.o
[11.057s] [ 56%] Building CXX object CMakeFiles/fastlio_mapping.dir/src/app/golden_slam_app.cpp.o
[11.057s] [ 58%] Building CXX object CMakeFiles/fastlio_mapping.dir/src/platform/ros_bridge.cpp.o
[11.057s] [ 61%] Building CXX object CMakeFiles/fastlio_mapping.dir/include/ikd-Tree/ikd_Tree.cpp.o
[11.057s] [ 64%] Building CXX object CMakeFiles/fastlio_mapping.dir/src/app/main.cpp.o
[11.058s] [ 66%] Building CXX object CMakeFiles/fastlio_mapping.dir/src/preprocess.cpp.o
[11.062s] [ 69%] Linking CXX shared library libfast_lio__rosidl_typesupport_fastrtps_cpp.so
[11.073s] [ 71%] Linking CXX shared library libfast_lio__rosidl_typesupport_introspection_cpp.so
[11.100s] [ 71%] Built target fast_lio__rosidl_typesupport_introspection_c
[11.157s] [ 71%] Built target fast_lio__rosidl_typesupport_introspection_cpp
[11.173s] [ 71%] Built target fast_lio__rosidl_typesupport_fastrtps_cpp
[11.174s] [ 74%] Linking CXX shared library libfast_lio__rosidl_typesupport_fastrtps_c.so
[11.276s] [ 74%] Built target fast_lio__rosidl_typesupport_fastrtps_c
[11.285s] [ 74%] Built target fast_lio
[11.297s] [ 76%] Generating Python code for ROS interfaces
[11.534s] [ 76%] Built target fast_lio__py
[11.550s] [ 79%] Building C object CMakeFiles/fast_lio__rosidl_generator_py.dir/rosidl_generator_py/fast_lio/msg/_pose6_d_s.c.o
[11.657s] [ 82%] Linking C shared library rosidl_generator_py/fast_lio/libfast_lio__rosidl_generator_py.so
[11.727s] [ 82%] Built target fast_lio__rosidl_generator_py
[11.740s] [ 87%] Building C object CMakeFiles/fast_lio__rosidl_typesupport_introspection_c__pyext.dir/rosidl_generator_py/fast_lio/_fast_lio_s.ep.rosidl_typesupport_introspection_c.c.o
[11.740s] [ 87%] Building C object CMakeFiles/fast_lio__rosidl_typesupport_fastrtps_c__pyext.dir/rosidl_generator_py/fast_lio/_fast_lio_s.ep.rosidl_typesupport_fastrtps_c.c.o
[11.742s] [ 89%] Building C object CMakeFiles/fast_lio__rosidl_typesupport_c__pyext.dir/rosidl_generator_py/fast_lio/_fast_lio_s.ep.rosidl_typesupport_c.c.o
[11.815s] [ 92%] Linking C shared library rosidl_generator_py/fast_lio/fast_lio_s__rosidl_typesupport_introspection_c.cpython-310-x86_64-linux-gnu.so
[11.816s] [ 94%] Linking C shared library rosidl_generator_py/fast_lio/fast_lio_s__rosidl_typesupport_c.cpython-310-x86_64-linux-gnu.so
[11.824s] [ 97%] Linking C shared library rosidl_generator_py/fast_lio/fast_lio_s__rosidl_typesupport_fastrtps_c.cpython-310-x86_64-linux-gnu.so
[11.879s] [ 97%] Built target fast_lio__rosidl_typesupport_introspection_c__pyext
[11.879s] [ 97%] Built target fast_lio__rosidl_typesupport_c__pyext
[11.911s] [ 97%] Built target fast_lio__rosidl_typesupport_fastrtps_c__pyext
[14.168s] In file included from /home/goldenboy/git_version/GoldenSLAM/include/core/slam_core.hpp:25,
[14.168s]                  from /home/goldenboy/git_version/GoldenSLAM/src/core/slam_core.cpp:1:
[14.168s] /home/goldenboy/git_version/GoldenSLAM/include/common_lib.h: In function ‘double get_time_sec(const Time&)’:
[14.168s] /home/goldenboy/git_version/GoldenSLAM/include/common_lib.h:259:12: error: ‘rclcpp’ has not been declared
[14.168s]   259 |     return rclcpp::Time(time).seconds();
[14.168s]       |            ^~~~~~
[14.170s] /home/goldenboy/git_version/GoldenSLAM/include/common_lib.h: At global scope:
[14.170s] /home/goldenboy/git_version/GoldenSLAM/include/common_lib.h:264:1: error: ‘rclcpp’ does not name a type
[14.170s]   264 | rclcpp::Time get_ros_time(double timestamp)
[14.170s]       | ^~~~~~
[14.196s] In file included from /usr/include/boost/bind.hpp:30,
[14.196s]                  from /home/goldenboy/git_version/GoldenSLAM/include/IKFoM_toolkit/esekfom/esekfom.hpp:42,
[14.196s]                  from /home/goldenboy/git_version/GoldenSLAM/include/use-ikfom.hpp:4,
[14.196s]                  from /home/goldenboy/git_version/GoldenSLAM/include/core/slam_core.hpp:26,
[14.196s]                  from /home/goldenboy/git_version/GoldenSLAM/src/core/slam_core.cpp:1:
[14.196s] /usr/include/boost/bind.hpp:36:1: note: ‘#pragma message: The practice of declaring the Bind placeholders (_1, _2, ...) in the global namespace is deprecated. Please use <boost/bind/bind.hpp> + using namespace boost::placeholders, or define BOOST_BIND_GLOBAL_PLACEHOLDERS to retain the current behavior.’
[14.196s]    36 | BOOST_PRAGMA_MESSAGE(
[14.196s]       | ^~~~~~~~~~~~~~~~~~~~
[14.608s] In file included from /home/goldenboy/git_version/GoldenSLAM/src/core/slam_core.cpp:1:
[14.608s] /home/goldenboy/git_version/GoldenSLAM/include/core/slam_core.hpp:121:10: error: ‘condition_variable’ in namespace ‘std’ does not name a type
[14.608s]   121 |     std::condition_variable sig_buffer_;
[14.608s]       |          ^~~~~~~~~~~~~~~~~~
[14.608s] In file included from /home/goldenboy/git_version/GoldenSLAM/src/core/slam_core.cpp:1:
[14.608s] /home/goldenboy/git_version/GoldenSLAM/include/core/slam_core.hpp:27:1: note: ‘std::condition_variable’ is defined in header ‘<condition_variable>’; did you forget to ‘#include <condition_variable>’?
[14.608s]    26 | #include "use-ikfom.hpp"
[14.608s]   +++ |+#include <condition_variable>
[14.608s]    27 | #include "IKFoM_toolkit/esekfom/esekfom.hpp"
[14.629s] In file included from /home/goldenboy/git_version/GoldenSLAM/src/core/slam_core.cpp:1:
[14.629s] /home/goldenboy/git_version/GoldenSLAM/include/core/slam_core.hpp:154:5: error: ‘KD_TREE’ does not name a type
[14.629s]   154 |     KD_TREE<PointType>         ikdtree_;
[14.629s]       |     ^~~~~~~
[14.630s] /home/goldenboy/git_version/GoldenSLAM/include/core/slam_core.hpp:155:5: error: ‘BoxPointType’ does not name a type; did you mean ‘PointType’?
[14.630s]   155 |     BoxPointType               LocalMap_Points_;
[14.630s]       |     ^~~~~~~~~~~~
[14.630s]       |     PointType
[14.639s] /home/goldenboy/git_version/GoldenSLAM/include/core/slam_core.hpp:158:17: error: ‘BoxPointType’ was not declared in this scope; did you mean ‘PointType’?
[14.639s]   158 |     std::vector<BoxPointType>  cub_needrm_;
[14.639s]       |                 ^~~~~~~~~~~~
[14.639s]       |                 PointType
[14.639s] /home/goldenboy/git_version/GoldenSLAM/include/core/slam_core.hpp:158:29: error: template argument 1 is invalid
[14.639s]   158 |     std::vector<BoxPointType>  cub_needrm_;
[14.640s]       |                             ^
[14.640s] /home/goldenboy/git_version/GoldenSLAM/include/core/slam_core.hpp:158:29: error: template argument 2 is invalid
[15.028s] In file included from /usr/include/boost/bind.hpp:30,
[15.028s]                  from /home/goldenboy/git_version/GoldenSLAM/include/IKFoM_toolkit/esekfom/esekfom.hpp:42,
[15.028s]                  from /home/goldenboy/git_version/GoldenSLAM/include/use-ikfom.hpp:4,
[15.028s]                  from /home/goldenboy/git_version/GoldenSLAM/include/core/slam_core.hpp:26,
[15.028s]                  from /home/goldenboy/git_version/GoldenSLAM/src/app/golden_slam_app.cpp:2:
[15.028s] /usr/include/boost/bind.hpp:36:1: note: ‘#pragma message: The practice of declaring the Bind placeholders (_1, _2, ...) in the global namespace is deprecated. Please use <boost/bind/bind.hpp> + using namespace boost::placeholders, or define BOOST_BIND_GLOBAL_PLACEHOLDERS to retain the current behavior.’
[15.028s]    36 | BOOST_PRAGMA_MESSAGE(
[15.028s]       | ^~~~~~~~~~~~~~~~~~~~
[15.289s] In file included from /usr/include/boost/bind.hpp:30,
[15.289s]                  from /home/goldenboy/git_version/GoldenSLAM/include/IKFoM_toolkit/esekfom/esekfom.hpp:42,
[15.289s]                  from /home/goldenboy/git_version/GoldenSLAM/include/use-ikfom.hpp:4,
[15.289s]                  from /home/goldenboy/git_version/GoldenSLAM/include/core/slam_core.hpp:26,
[15.289s]                  from /home/goldenboy/git_version/GoldenSLAM/include/platform/ros_bridge.hpp:18,
[15.289s]                  from /home/goldenboy/git_version/GoldenSLAM/src/platform/ros_bridge.cpp:1:
[15.289s] /usr/include/boost/bind.hpp:36:1: note: ‘#pragma message: The practice of declaring the Bind placeholders (_1, _2, ...) in the global namespace is deprecated. Please use <boost/bind/bind.hpp> + using namespace boost::placeholders, or define BOOST_BIND_GLOBAL_PLACEHOLDERS to retain the current behavior.’
[15.289s]    36 | BOOST_PRAGMA_MESSAGE(
[15.289s]       | ^~~~~~~~~~~~~~~~~~~~
[15.499s] In file included from /home/goldenboy/git_version/GoldenSLAM/src/app/golden_slam_app.cpp:2:
[15.499s] /home/goldenboy/git_version/GoldenSLAM/include/core/slam_core.hpp:154:5: error: ‘KD_TREE’ does not name a type
[15.499s]   154 |     KD_TREE<PointType>         ikdtree_;
[15.499s]       |     ^~~~~~~
[15.501s] /home/goldenboy/git_version/GoldenSLAM/include/core/slam_core.hpp:155:5: error: ‘BoxPointType’ does not name a type; did you mean ‘PointType’?
[15.501s]   155 |     BoxPointType               LocalMap_Points_;
[15.501s]       |     ^~~~~~~~~~~~
[15.501s]       |     PointType
[15.507s] /home/goldenboy/git_version/GoldenSLAM/include/core/slam_core.hpp:158:17: error: ‘BoxPointType’ was not declared in this scope; did you mean ‘PointType’?
[15.507s]   158 |     std::vector<BoxPointType>  cub_needrm_;
[15.507s]       |                 ^~~~~~~~~~~~
[15.508s]       |                 PointType
[15.508s] /home/goldenboy/git_version/GoldenSLAM/include/core/slam_core.hpp:158:29: error: template argument 1 is invalid
[15.508s]   158 |     std::vector<BoxPointType>  cub_needrm_;
[15.508s]       |                             ^
[15.508s] /home/goldenboy/git_version/GoldenSLAM/include/core/slam_core.hpp:158:29: error: template argument 2 is invalid
[15.754s] In file included from /home/goldenboy/git_version/GoldenSLAM/include/platform/ros_bridge.hpp:18,
[15.754s]                  from /home/goldenboy/git_version/GoldenSLAM/src/platform/ros_bridge.cpp:1:
[15.754s] /home/goldenboy/git_version/GoldenSLAM/include/core/slam_core.hpp:154:5: error: ‘KD_TREE’ does not name a type
[15.754s]   154 |     KD_TREE<PointType>         ikdtree_;
[15.754s]       |     ^~~~~~~
[15.756s] /home/goldenboy/git_version/GoldenSLAM/include/core/slam_core.hpp:155:5: error: ‘BoxPointType’ does not name a type; did you mean ‘PointType’?
[15.757s]   155 |     BoxPointType               LocalMap_Points_;
[15.757s]       |     ^~~~~~~~~~~~
[15.757s]       |     PointType
[15.764s] /home/goldenboy/git_version/GoldenSLAM/include/core/slam_core.hpp:158:17: error: ‘BoxPointType’ was not declared in this scope; did you mean ‘PointType’?
[15.764s]   158 |     std::vector<BoxPointType>  cub_needrm_;
[15.764s]       |                 ^~~~~~~~~~~~
[15.764s]       |                 PointType
[15.764s] /home/goldenboy/git_version/GoldenSLAM/include/core/slam_core.hpp:158:29: error: template argument 1 is invalid
[15.764s]   158 |     std::vector<BoxPointType>  cub_needrm_;
[15.764s]       |                             ^
[15.764s] /home/goldenboy/git_version/GoldenSLAM/include/core/slam_core.hpp:158:29: error: template argument 2 is invalid
[16.147s] /home/goldenboy/git_version/GoldenSLAM/src/platform/ros_bridge.cpp: In member function ‘void RosBridge::onImuCB(sensor_msgs::msg::Imu_<std::allocator<void> >::UniquePtr)’:
[16.147s] /home/goldenboy/git_version/GoldenSLAM/src/platform/ros_bridge.cpp:199:5: error: ‘last_timestamp_imu_’ was not declared in this scope
[16.147s]   199 |     last_timestamp_imu_ = get_time_sec(msg_in->header.stamp);
[16.147s]       |     ^~~~~~~~~~~~~~~~~~~
[16.728s] /home/goldenboy/git_version/GoldenSLAM/src/core/slam_core.cpp: In member function ‘void SlamCore::pushImu(sensor_msgs::msg::Imu_<std::allocator<void> >::SharedPtr)’:
[16.728s] /home/goldenboy/git_version/GoldenSLAM/src/core/slam_core.cpp:150:25: error: ‘get_ros_time’ was not declared in this scope
[16.728s]   150 |     msg->header.stamp = get_ros_time(get_time_sec(msg_in->header.stamp) - time_diff_lidar_to_imu_);
[16.728s]       |                         ^~~~~~~~~~~~
[16.740s] /home/goldenboy/git_version/GoldenSLAM/src/core/slam_core.cpp: In member function ‘void SlamCore::pointsCacheCollect()’:
[16.740s] /home/goldenboy/git_version/GoldenSLAM/src/core/slam_core.cpp:267:5: error: ‘ikdtree_’ was not declared in this scope
[16.740s]   267 |     ikdtree_.acquire_removed_points(points_history);
[16.740s]       |     ^~~~~~~~
[16.740s] /home/goldenboy/git_version/GoldenSLAM/src/core/slam_core.cpp: In member function ‘void SlamCore::lasermapFovSegment()’:
[16.740s] /home/goldenboy/git_version/GoldenSLAM/src/core/slam_core.cpp:273:17: error: request for member ‘clear’ in ‘((SlamCore*)this)->SlamCore::cub_needrm_’, which is of non-class type ‘int’
[16.740s]   273 |     cub_needrm_.clear();
[16.740s]       |                 ^~~~~
[16.740s] /home/goldenboy/git_version/GoldenSLAM/src/core/slam_core.cpp:278:21: error: no matching function for call to ‘SlamCore::pointBodyToWorld(V3F&, Eigen::DenseCoeffsBase<Eigen::Matrix<float, 3, 1>, 1>::Scalar*)’
[16.740s]   278 |     pointBodyToWorld(XAxisPoint_body_, &XAxisPoint_world_[0]);
[16.740s]       |     ~~~~~~~~~~~~~~~~^~~~~~~~~~~~~~~~~~~~~~~~~~~~~~~~~~~~~~~~~
[16.740s] /home/goldenboy/git_version/GoldenSLAM/src/core/slam_core.cpp:228:6: note: candidate: ‘void SlamCore::pointBodyToWorld(const PointType*, PointType*) const’
[16.740s]   228 | void SlamCore::pointBodyToWorld(PointType const* pi, PointType* po) const
[16.740s]       |      ^~~~~~~~
[16.740s] /home/goldenboy/git_version/GoldenSLAM/src/core/slam_core.cpp:228:50: note:   no known conversion for argument 1 from ‘V3F’ {aka ‘Eigen::Matrix<float, 3, 1>’} to ‘const PointType*’ {aka ‘const pcl::PointXYZINormal*’}
[16.740s]   228 | void SlamCore::pointBodyToWorld(PointType const* pi, PointType* po) const
[16.740s]       |                                 ~~~~~~~~~~~~~~~~~^~
[16.740s] /home/goldenboy/git_version/GoldenSLAM/src/core/slam_core.cpp:238:6: note: candidate: ‘void SlamCore::pointBodyToWorld(const V3D&, V3D&) const’
[16.740s]   238 | void SlamCore::pointBodyToWorld(const V3D& pi, V3D& po) const
[16.740s]       |      ^~~~~~~~
[16.740s] /home/goldenboy/git_version/GoldenSLAM/src/core/slam_core.cpp:238:53: note:   no known conversion for argument 2 from ‘Eigen::DenseCoeffsBase<Eigen::Matrix<float, 3, 1>, 1>::Scalar*’ {aka ‘float*’} to ‘V3D&’ {aka ‘Eigen::Matrix<double, 3, 1>&’}
[16.740s]   238 | void SlamCore::pointBodyToWorld(const V3D& pi, V3D& po) const
[16.740s]       |                                                ~~~~~^~
[16.752s] /home/goldenboy/git_version/GoldenSLAM/src/core/slam_core.cpp:296:13: error: ‘LocalMap_Points_’ was not declared in this scope
[16.752s]   296 |             LocalMap_Points_.vertex_min[i] = pos_LiD(i) - cube_len_ / 2.0;
[16.752s]       |             ^~~~~~~~~~~~~~~~
[16.765s] /home/goldenboy/git_version/GoldenSLAM/src/core/slam_core.cpp:308:52: error: ‘LocalMap_Points_’ was not declared in this scope
[16.765s]   308 |         dist_to_map_edge[i][0] = fabs(pos_LiD(i) - LocalMap_Points_.vertex_min[i]);
[16.765s]       |                                                    ^~~~~~~~~~~~~~~~
[16.773s] /home/goldenboy/git_version/GoldenSLAM/src/core/slam_core.cpp:316:5: error: ‘BoxPointType’ was not declared in this scope; did you mean ‘PointType’?
[16.773s]   316 |     BoxPointType New_LocalMap_Points = LocalMap_Points_;
[16.773s]       |     ^~~~~~~~~~~~
[16.773s]       |     PointType
[16.773s] /home/goldenboy/git_version/GoldenSLAM/src/core/slam_core.cpp:317:17: error: expected ‘;’ before ‘tmp_boxpoints’
[16.773s]   317 |     BoxPointType tmp_boxpoints;
[16.773s]       |                 ^~~~~~~~~~~~~~
[16.773s]       |                 ;
[16.782s] /home/goldenboy/git_version/GoldenSLAM/src/core/slam_core.cpp:322:9: error: ‘tmp_boxpoints’ was not declared in this scope
[16.782s]   322 |         tmp_boxpoints = LocalMap_Points_;
[16.782s]       |         ^~~~~~~~~~~~~
[16.793s] /home/goldenboy/git_version/GoldenSLAM/src/core/slam_core.cpp:322:25: error: ‘LocalMap_Points_’ was not declared in this scope
[16.793s]   322 |         tmp_boxpoints = LocalMap_Points_;
[16.793s]       |                         ^~~~~~~~~~~~~~~~
[16.806s] /home/goldenboy/git_version/GoldenSLAM/src/core/slam_core.cpp:325:13: error: ‘New_LocalMap_Points’ was not declared in this scope
[16.806s]   325 |             New_LocalMap_Points.vertex_max[i] -= mov_dist;
[16.806s]       |             ^~~~~~~~~~~~~~~~~~~
[16.806s] /home/goldenboy/git_version/GoldenSLAM/src/core/slam_core.cpp:328:25: error: request for member ‘push_back’ in ‘((SlamCore*)this)->SlamCore::cub_needrm_’, which is of non-class type ‘int’
[16.806s]   328 |             cub_needrm_.push_back(tmp_boxpoints);
[16.806s]       |                         ^~~~~~~~~
[16.819s] /home/goldenboy/git_version/GoldenSLAM/src/core/slam_core.cpp:332:13: error: ‘New_LocalMap_Points’ was not declared in this scope
[16.819s]   332 |             New_LocalMap_Points.vertex_max[i] += mov_dist;
[16.819s]       |             ^~~~~~~~~~~~~~~~~~~
[16.819s] /home/goldenboy/git_version/GoldenSLAM/src/core/slam_core.cpp:335:25: error: request for member ‘push_back’ in ‘((SlamCore*)this)->SlamCore::cub_needrm_’, which is of non-class type ‘int’
[16.819s]   335 |             cub_needrm_.push_back(tmp_boxpoints);
[16.819s]       |                         ^~~~~~~~~
[16.831s] /home/goldenboy/git_version/GoldenSLAM/src/core/slam_core.cpp:338:5: error: ‘LocalMap_Points_’ was not declared in this scope
[16.831s]   338 |     LocalMap_Points_ = New_LocalMap_Points;
[16.831s]       |     ^~~~~~~~~~~~~~~~
[16.844s] /home/goldenboy/git_version/GoldenSLAM/src/core/slam_core.cpp:338:24: error: ‘New_LocalMap_Points’ was not declared in this scope
[16.844s]   338 |     LocalMap_Points_ = New_LocalMap_Points;
[16.844s]       |                        ^~~~~~~~~~~~~~~~~~~
[16.844s] /home/goldenboy/git_version/GoldenSLAM/src/core/slam_core.cpp:342:22: error: request for member ‘empty’ in ‘((SlamCore*)this)->SlamCore::cub_needrm_’, which is of non-class type ‘int’
[16.845s]   342 |     if (!cub_needrm_.empty())
[16.845s]       |                      ^~~~~
[16.850s] /home/goldenboy/git_version/GoldenSLAM/src/core/slam_core.cpp:343:34: error: ‘ikdtree_’ was not declared in this scope
[16.850s]   343 |         kdtree_delete_counter_ = ikdtree_.Delete_Point_Boxes(cub_needrm_);
[16.850s]       |                                  ^~~~~~~~
[16.856s] /home/goldenboy/git_version/GoldenSLAM/src/core/slam_core.cpp: In member function ‘void SlamCore::mapIncremental()’:
[16.856s] /home/goldenboy/git_version/GoldenSLAM/src/core/slam_core.cpp:390:23: error: ‘ikdtree_’ was not declared in this scope
[16.856s]   390 |     add_point_size_ = ikdtree_.Add_Points(PointToAdd, true);
[16.856s]       |                       ^~~~~~~~
[16.863s] /home/goldenboy/git_version/GoldenSLAM/src/core/slam_core.cpp: In member function ‘void SlamCore::h_share_model(state_ikfom&, esekfom::dyn_share_datastruct<double>&)’:
[16.863s] /home/goldenboy/git_version/GoldenSLAM/src/core/slam_core.cpp:426:13: error: ‘ikdtree_’ was not declared in this scope
[16.863s]   426 |             ikdtree_.Nearest_Search(point_world, NUM_MATCH_POINTS, points_near, pointSearchSqDis);
[16.863s]       |             ^~~~~~~~
[16.905s] /home/goldenboy/git_version/GoldenSLAM/src/core/slam_core.cpp: In member function ‘void SlamCore::spinFrontendOnce()’:
[16.905s] /home/goldenboy/git_version/GoldenSLAM/src/core/slam_core.cpp:595:9: error: ‘ikdtree_’ was not declared in this scope
[16.905s]   595 |     if (ikdtree_.Root_Node == nullptr)
[16.905s]       |         ^~~~~~~~
[16.910s] /home/goldenboy/git_version/GoldenSLAM/src/core/slam_core.cpp:609:27: error: ‘ikdtree_’ was not declared in this scope
[16.910s]   609 |     int featsFromMapNum = ikdtree_.validnum();
[16.910s]       |                           ^~~~~~~~
[18.802s] gmake[2]: *** [CMakeFiles/fastlio_mapping.dir/build.make:90: CMakeFiles/fastlio_mapping.dir/src/app/golden_slam_app.cpp.o] 오류 1
[18.802s] gmake[2]: *** 끝나지 않은 작업을 기다리고 있습니다....
[19.959s] In file included from /usr/include/eigen3/Eigen/Core:164,
[19.959s]                  from /home/goldenboy/git_version/GoldenSLAM/include/core/slam_core.hpp:11,
[19.959s]                  from /home/goldenboy/git_version/GoldenSLAM/src/core/slam_core.cpp:1:
[19.959s] /usr/include/eigen3/Eigen/src/Core/AssignEvaluator.h: In instantiation of ‘void Eigen::internal::call_assignment_no_alias(Dst&, const Src&, const Func&) [with Dst = Eigen::Matrix<double, 24, 24, 0, 24, 24>; Src = Eigen::Matrix<double, 23, 23, 0, 23, 23>; Func = Eigen::internal::assign_op<double, double>]’:
[19.960s] /usr/include/eigen3/Eigen/src/Core/AssignEvaluator.h:858:27:   required from ‘void Eigen::internal::call_assignment(Dst&, const Src&, const Func&, typename Eigen::internal::enable_if<(! Eigen::internal::evaluator_assume_aliasing<Src>::value), void*>::type) [with Dst = Eigen::Matrix<double, 24, 24, 0, 24, 24>; Src = Eigen::Matrix<double, 23, 23, 0, 23, 23>; Func = Eigen::internal::assign_op<double, double>; typename Eigen::internal::enable_if<(! Eigen::internal::evaluator_assume_aliasing<Src>::value), void*>::type = void*; typename Eigen::internal::evaluator_traits<SrcXprType>::Shape = Eigen::DenseShape]’
[19.960s] /usr/include/eigen3/Eigen/src/Core/AssignEvaluator.h:836:18:   required from ‘void Eigen::internal::call_assignment(Dst&, const Src&) [with Dst = Eigen::Matrix<double, 24, 24, 0, 24, 24>; Src = Eigen::Matrix<double, 23, 23, 0, 23, 23>]’
[19.960s] /usr/include/eigen3/Eigen/src/Core/PlainObjectBase.h:779:32:   required from ‘Derived& Eigen::PlainObjectBase<Derived>::_set(const Eigen::DenseBase<OtherDerived>&) [with OtherDerived = Eigen::Matrix<double, 23, 23, 0, 23, 23>; Derived = Eigen::Matrix<double, 24, 24, 0, 24, 24>]’
[19.960s] /usr/include/eigen3/Eigen/src/Core/Matrix.h:225:24:   required from ‘Eigen::Matrix<_Scalar, _Rows, _Cols, _Options, _MaxRows, _MaxCols>& Eigen::Matrix<_Scalar, _Rows, _Cols, _Options, _MaxRows, _MaxCols>::operator=(const Eigen::DenseBase<OtherDerived>&) [with OtherDerived = Eigen::Matrix<double, 23, 23, 0, 23, 23>; _Scalar = double; int _Rows = 24; int _Cols = 24; int _Options = 0; int _MaxRows = 24; int _MaxCols = 24]’
[19.960s] /home/goldenboy/git_version/GoldenSLAM/src/core/slam_core.cpp:533:37:   required from here
[19.960s] /usr/include/eigen3/Eigen/src/Core/AssignEvaluator.h:887:3: error: static assertion failed: YOU_MIXED_MATRICES_OF_DIFFERENT_SIZES
[19.960s]   887 |   EIGEN_STATIC_ASSERT_SAME_MATRIX_SIZE(ActualDstTypeCleaned,Src)
[19.960s]       |   ^~~~~~~~~~~~~~~~~~~~~~~~~~~~~~~~~~~~
[19.960s] /usr/include/eigen3/Eigen/src/Core/AssignEvaluator.h:887:3: note: ‘(((((int)Eigen::internal::size_of_xpr_at_compile_time<Eigen::Matrix<double, 24, 24, 0, 24, 24> >::ret) == 0) && (((int)Eigen::internal::size_of_xpr_at_compile_time<Eigen::Matrix<double, 23, 23, 0, 23, 23> >::ret) == 0)) || ((((((int)Eigen::Matrix<double, 24, 24, 0, 24, 24>::RowsAtCompileTime) == ((int)Eigen::Dynamic)) || (((int)Eigen::Matrix<double, 23, 23, 0, 23, 23>::RowsAtCompileTime) == ((int)Eigen::Dynamic))) || (((int)Eigen::Matrix<double, 24, 24, 0, 24, 24>::RowsAtCompileTime) == ((int)Eigen::Matrix<double, 23, 23, 0, 23, 23>::RowsAtCompileTime))) && (((((int)Eigen::Matrix<double, 24, 24, 0, 24, 24>::ColsAtCompileTime) == ((int)Eigen::Dynamic)) || (((int)Eigen::Matrix<double, 23, 23, 0, 23, 23>::ColsAtCompileTime) == ((int)Eigen::Dynamic))) || (((int)Eigen::Matrix<double, 24, 24, 0, 24, 24>::ColsAtCompileTime) == ((int)Eigen::Matrix<double, 23, 23, 0, 23, 23>::ColsAtCompileTime)))))’ evaluates to false
[22.056s] gmake[2]: *** [CMakeFiles/fastlio_mapping.dir/build.make:118: CMakeFiles/fastlio_mapping.dir/src/platform/ros_bridge.cpp.o] 오류 1
[36.146s] gmake[2]: *** [CMakeFiles/fastlio_mapping.dir/build.make:104: CMakeFiles/fastlio_mapping.dir/src/core/slam_core.cpp.o] 오류 1
[36.147s] gmake[1]: *** [CMakeFiles/Makefile2:612: CMakeFiles/fastlio_mapping.dir/all] 오류 2
[36.147s] gmake: *** [Makefile:146: all] 오류 2
[36.154s] Invoked command in '/home/goldenboy/git_version/GoldenSLAM/build/fast_lio' returned '2': CMAKE_PREFIX_PATH=${CMAKE_PREFIX_PATH}:/opt/ros/humble /usr/bin/cmake --build /home/goldenboy/git_version/GoldenSLAM/build/fast_lio -- -j24 -l24
