/home/goldenboy/git_version/GoldenSLAM/src/platform/ros_bridge.cpp: In member function ‘void RosBridge::onStandardLidarCB(sensor_msgs::msg::PointCloud2_<std::allocator<void> >::UniquePtr)’:
/home/goldenboy/git_version/GoldenSLAM/src/platform/ros_bridge.cpp:194:23: error: ‘__get_time_sec’ was not declared in this scope; did you mean ‘___get_time_sec’?
  194 |     double cur_time = __get_time_sec(msg->header.stamp);
      |                       ^~~~~~~~~~~~~~
      |                       ___get_time_sec
/home/goldenboy/git_version/GoldenSLAM/src/platform/ros_bridge.cpp: In member function ‘void RosBridge::onLivoxLidarCB(livox_ros_driver2::msg::CustomMsg_<std::allocator<void> >::UniquePtr)’:
/home/goldenboy/git_version/GoldenSLAM/src/platform/ros_bridge.cpp:205:23: error: ‘__get_time_sec’ was not declared in this scope; did you mean ‘___get_time_sec’?
  205 |     double cur_time = __get_time_sec(msg->header.stamp);
      |                       ^~~~~~~~~~~~~~
      |                       ___get_time_sec
/home/goldenboy/git_version/GoldenSLAM/src/platform/ros_bridge.cpp: In member function ‘void RosBridge::publishOdometry(const SlamSnapshot&)’:
/home/goldenboy/git_version/GoldenSLAM/src/platform/ros_bridge.cpp:279:38: error: ‘__get_ros_time’ was not declared in this scope; did you mean ‘___get_ros_time’?
  279 |     odomAftMapped_.header.stamp    = __get_ros_time(snap.lidar_end_time);
      |                                      ^~~~~~~~~~~~~~
      |                                      ___get_ros_time
/home/goldenboy/git_version/GoldenSLAM/src/platform/ros_bridge.cpp: In member function ‘void RosBridge::publishPath(const SlamSnapshot&)’:
/home/goldenboy/git_version/GoldenSLAM/src/platform/ros_bridge.cpp:313:38: error: ‘__get_ros_time’ was not declared in this scope; did you mean ‘___get_ros_time’?
  313 |     msg_body_pose_.header.stamp    = __get_ros_time(snap.lidar_end_time);
      |                                      ^~~~~~~~~~~~~~
      |                                      ___get_ros_time
/home/goldenboy/git_version/GoldenSLAM/src/platform/ros_bridge.cpp: In member function ‘void RosBridge::publishFrameWorld(const SlamSnapshot&)’:
/home/goldenboy/git_version/GoldenSLAM/src/platform/ros_bridge.cpp:350:37: error: ‘__get_ros_time’ was not declared in this scope; did you mean ‘___get_ros_time’?
  350 |     laserCloudmsg.header.stamp    = __get_ros_time(snap.lidar_end_time);
      |                                     ^~~~~~~~~~~~~~
      |                                     ___get_ros_time
/home/goldenboy/git_version/GoldenSLAM/src/platform/ros_bridge.cpp: In member function ‘void RosBridge::publishFrameBody(const SlamSnapshot&)’:
/home/goldenboy/git_version/GoldenSLAM/src/platform/ros_bridge.cpp:374:37: error: ‘__get_ros_time’ was not declared in this scope; did you mean ‘___get_ros_time’?
  374 |     laserCloudmsg.header.stamp    = __get_ros_time(snap.lidar_end_time);
      |                                     ^~~~~~~~~~~~~~
      |                                     ___get_ros_time
/home/goldenboy/git_version/GoldenSLAM/src/platform/ros_bridge.cpp: In member function ‘void RosBridge::publishEffectWorld(const SlamSnapshot&)’:
/home/goldenboy/git_version/GoldenSLAM/src/platform/ros_bridge.cpp:397:27: error: ‘__get_ros_time’ was not declared in this scope; did you mean ‘___get_ros_time’?
  397 |     msg.header.stamp    = __get_ros_time(snap.lidar_end_time);
      |                           ^~~~~~~~~~~~~~
      |                           ___get_ros_time
/home/goldenboy/git_version/GoldenSLAM/src/platform/ros_bridge.cpp: In member function ‘void RosBridge::publishMap(const SlamSnapshot&)’:
/home/goldenboy/git_version/GoldenSLAM/src/platform/ros_bridge.cpp:409:37: error: ‘__get_ros_time’ was not declared in this scope; did you mean ‘___get_ros_time’?
  409 |     laserCloudmsg.header.stamp    = __get_ros_time(snap.lidar_end_time);
      |                                     ^~~~~~~~~~~~~~
      |                                     ___get_ros_time
gmake[2]: *** [CMakeFiles/fastlio_mapping.dir/build.make:118: CMakeFiles/fastlio_mapping.dir/src/platform/ros_bridge.cpp.o] 오류 1
gmake[1]: *** [CMakeFiles/Makefile2:612: CMakeFiles/fastlio_mapping.dir/all] 오류 2
gmake: *** [Makefile:146: all] 오류 2
