[  2%] Built target fast_lio__rs
[  5%] Built target fast_lio__cpp
[ 12%] Built target fast_lio__rosidl_generator_c
[ 12%] Built target ament_cmake_python_copy_fast_lio
[ 28%] Built target fast_lio__rosidl_typesupport_c
[ 48%] Built target fast_lio__rosidl_typesupport_fastrtps_c
[ 51%] Built target fast_lio__rosidl_typesupport_fastrtps_cpp
[ 48%] Built target fast_lio__rosidl_typesupport_introspection_c
[ 51%] Built target fast_lio__rosidl_typesupport_cpp
[ 58%] Built target fast_lio__rosidl_typesupport_introspection_cpp
[ 58%] Built target fast_lio
[ 61%] Built target fast_lio__py
Consolidate compiler generated dependencies of target fastlio_mapping
[ 66%] Built target fast_lio__rosidl_generator_py
[ 69%] Building CXX object CMakeFiles/fastlio_mapping.dir/src/platform/ros_bridge.cpp.o
[ 84%] Built target fast_lio__rosidl_typesupport_c__pyext
[ 84%] Built target fast_lio__rosidl_typesupport_introspection_c__pyext
[ 84%] Built target fast_lio__rosidl_typesupport_fastrtps_c__pyext
running egg_info
writing fast_lio.egg-info/PKG-INFO
writing dependency_links to fast_lio.egg-info/dependency_links.txt
writing top-level names to fast_lio.egg-info/top_level.txt
reading manifest file 'fast_lio.egg-info/SOURCES.txt'
writing manifest file 'fast_lio.egg-info/SOURCES.txt'
[ 84%] Built target ament_cmake_python_build_fast_lio_egg
