[0.005s] Invoking command in '/home/goldenboy/git_version/GoldenSLAM/build/fast_lio': CMAKE_PREFIX_PATH=${CMAKE_PREFIX_PATH}:/opt/ros/humble /usr/bin/cmake --build /home/goldenboy/git_version/GoldenSLAM/build/fast_lio -- -j24 -l24
[0.031s] [  2%] Built target fast_lio__rs
[0.031s] [  5%] Built target fast_lio__cpp
[0.031s] [ 12%] Built target fast_lio__rosidl_generator_c
[0.037s] [ 12%] Built target ament_cmake_python_copy_fast_lio
[0.041s] [ 28%] Built target fast_lio__rosidl_typesupport_c
[0.042s] [ 48%] Built target fast_lio__rosidl_typesupport_fastrtps_c
[0.042s] [ 51%] Built target fast_lio__rosidl_typesupport_fastrtps_cpp
[0.042s] [ 48%] Built target fast_lio__rosidl_typesupport_introspection_c
[0.042s] [ 51%] Built target fast_lio__rosidl_typesupport_cpp
[0.042s] [ 58%] Built target fast_lio__rosidl_typesupport_introspection_cpp
[0.050s] [ 58%] Built target fast_lio
[0.059s] [ 61%] Built target fast_lio__py
[0.063s] Consolidate compiler generated dependencies of target fastlio_mapping
[0.068s] [ 66%] Built target fast_lio__rosidl_generator_py
[0.073s] [ 69%] Building CXX object CMakeFiles/fastlio_mapping.dir/src/platform/ros_bridge.cpp.o
[0.078s] [ 84%] Built target fast_lio__rosidl_typesupport_c__pyext
[0.078s] [ 84%] Built target fast_lio__rosidl_typesupport_introspection_c__pyext
[0.078s] [ 84%] Built target fast_lio__rosidl_typesupport_fastrtps_c__pyext
[0.144s] running egg_info
[0.144s] writing fast_lio.egg-info/PKG-INFO
[0.145s] writing dependency_links to fast_lio.egg-info/dependency_links.txt
[0.145s] writing top-level names to fast_lio.egg-info/top_level.txt
[0.146s] reading manifest file 'fast_lio.egg-info/SOURCES.txt'
[0.146s] writing manifest file 'fast_lio.egg-info/SOURCES.txt'
[0.161s] [ 84%] Built target ament_cmake_python_build_fast_lio_egg
[2.876s] /home/goldenboy/git_version/GoldenSLAM/src/platform/ros_bridge.cpp: In member function ‘void RosBridge::onStandardLidarCB(sensor_msgs::msg::PointCloud2_<std::allocator<void> >::UniquePtr)’:
[2.876s] /home/goldenboy/git_version/GoldenSLAM/src/platform/ros_bridge.cpp:194:23: error: ‘__get_time_sec’ was not declared in this scope; did you mean ‘___get_time_sec’?
[2.876s]   194 |     double cur_time = __get_time_sec(msg->header.stamp);
[2.876s]       |                       ^~~~~~~~~~~~~~
[2.876s]       |                       ___get_time_sec
[2.887s] /home/goldenboy/git_version/GoldenSLAM/src/platform/ros_bridge.cpp: In member function ‘void RosBridge::onLivoxLidarCB(livox_ros_driver2::msg::CustomMsg_<std::allocator<void> >::UniquePtr)’:
[2.887s] /home/goldenboy/git_version/GoldenSLAM/src/platform/ros_bridge.cpp:205:23: error: ‘__get_time_sec’ was not declared in this scope; did you mean ‘___get_time_sec’?
[2.887s]   205 |     double cur_time = __get_time_sec(msg->header.stamp);
[2.887s]       |                       ^~~~~~~~~~~~~~
[2.887s]       |                       ___get_time_sec
[2.903s] /home/goldenboy/git_version/GoldenSLAM/src/platform/ros_bridge.cpp: In member function ‘void RosBridge::publishOdometry(const SlamSnapshot&)’:
[2.903s] /home/goldenboy/git_version/GoldenSLAM/src/platform/ros_bridge.cpp:279:38: error: ‘__get_ros_time’ was not declared in this scope; did you mean ‘___get_ros_time’?
[2.903s]   279 |     odomAftMapped_.header.stamp    = __get_ros_time(snap.lidar_end_time);
[2.903s]       |                                      ^~~~~~~~~~~~~~
[2.903s]       |                                      ___get_ros_time
[2.910s] /home/goldenboy/git_version/GoldenSLAM/src/platform/ros_bridge.cpp: In member function ‘void RosBridge::publishPath(const SlamSnapshot&)’:
[2.910s] /home/goldenboy/git_version/GoldenSLAM/src/platform/ros_bridge.cpp:313:38: error: ‘__get_ros_time’ was not declared in this scope; did you mean ‘___get_ros_time’?
[2.910s]   313 |     msg_body_pose_.header.stamp    = __get_ros_time(snap.lidar_end_time);
[2.910s]       |                                      ^~~~~~~~~~~~~~
[2.910s]       |                                      ___get_ros_time
[2.938s] /home/goldenboy/git_version/GoldenSLAM/src/platform/ros_bridge.cpp: In member function ‘void RosBridge::publishFrameWorld(const SlamSnapshot&)’:
[2.938s] /home/goldenboy/git_version/GoldenSLAM/src/platform/ros_bridge.cpp:350:37: error: ‘__get_ros_time’ was not declared in this scope; did you mean ‘___get_ros_time’?
[2.938s]   350 |     laserCloudmsg.header.stamp    = __get_ros_time(snap.lidar_end_time);
[2.938s]       |                                     ^~~~~~~~~~~~~~
[2.938s]       |                                     ___get_ros_time
[2.946s] /home/goldenboy/git_version/GoldenSLAM/src/platform/ros_bridge.cpp: In member function ‘void RosBridge::publishFrameBody(const SlamSnapshot&)’:
[2.946s] /home/goldenboy/git_version/GoldenSLAM/src/platform/ros_bridge.cpp:374:37: error: ‘__get_ros_time’ was not declared in this scope; did you mean ‘___get_ros_time’?
[2.946s]   374 |     laserCloudmsg.header.stamp    = __get_ros_time(snap.lidar_end_time);
[2.946s]       |                                     ^~~~~~~~~~~~~~
[2.946s]       |                                     ___get_ros_time
[2.953s] /home/goldenboy/git_version/GoldenSLAM/src/platform/ros_bridge.cpp: In member function ‘void RosBridge::publishEffectWorld(const SlamSnapshot&)’:
[2.953s] /home/goldenboy/git_version/GoldenSLAM/src/platform/ros_bridge.cpp:397:27: error: ‘__get_ros_time’ was not declared in this scope; did you mean ‘___get_ros_time’?
[2.953s]   397 |     msg.header.stamp    = __get_ros_time(snap.lidar_end_time);
[2.953s]       |                           ^~~~~~~~~~~~~~
[2.953s]       |                           ___get_ros_time
[2.959s] /home/goldenboy/git_version/GoldenSLAM/src/platform/ros_bridge.cpp: In member function ‘void RosBridge::publishMap(const SlamSnapshot&)’:
[2.959s] /home/goldenboy/git_version/GoldenSLAM/src/platform/ros_bridge.cpp:409:37: error: ‘__get_ros_time’ was not declared in this scope; did you mean ‘___get_ros_time’?
[2.959s]   409 |     laserCloudmsg.header.stamp    = __get_ros_time(snap.lidar_end_time);
[2.959s]       |                                     ^~~~~~~~~~~~~~
[2.959s]       |                                     ___get_ros_time
[6.026s] gmake[2]: *** [CMakeFiles/fastlio_mapping.dir/build.make:118: CMakeFiles/fastlio_mapping.dir/src/platform/ros_bridge.cpp.o] 오류 1
[6.026s] gmake[1]: *** [CMakeFiles/Makefile2:612: CMakeFiles/fastlio_mapping.dir/all] 오류 2
[6.026s] gmake: *** [Makefile:146: all] 오류 2
[6.028s] Invoked command in '/home/goldenboy/git_version/GoldenSLAM/build/fast_lio' returned '2': CMAKE_PREFIX_PATH=${CMAKE_PREFIX_PATH}:/opt/ros/humble /usr/bin/cmake --build /home/goldenboy/git_version/GoldenSLAM/build/fast_lio -- -j24 -l24
