[0.102s] DEBUG:colcon:Command line arguments: ['/usr/bin/colcon', 'build', '--packages-select', 'fast_lio']
[0.102s] DEBUG:colcon:Parsed command line arguments: Namespace(log_base=None, log_level=None, verb_name='build', build_base='build', install_base='install', merge_install=False, symlink_install=False, test_result_base=None, continue_on_error=False, executor='parallel', parallel_workers=24, event_handlers=None, ignore_user_meta=False, metas=['./colcon.meta'], base_paths=['.'], packages_ignore=None, packages_ignore_regex=None, paths=None, packages_up_to=None, packages_up_to_regex=None, packages_above=None, packages_above_and_dependencies=None, packages_above_depth=None, packages_select_by_dep=None, packages_skip_by_dep=None, packages_skip_up_to=None, packages_select_build_failed=False, packages_skip_build_finished=False, packages_select_test_failures=False, packages_skip_test_passed=False, packages_select=['fast_lio'], packages_skip=None, packages_select_regex=None, packages_skip_regex=None, packages_start=None, packages_end=None, allow_overriding=[], cmake_args=None, cmake_target=None, cmake_target_skip_unavailable=False, cmake_clean_cache=False, cmake_clean_first=False, cmake_force_configure=False, ament_cmake_args=None, catkin_cmake_args=None, catkin_skip_building_tests=False, mixin_files=None, mixin=None, verb_parser=<colcon_mixin.mixin.mixin_argument.MixinArgumentDecorator object at 0x7f3b01052770>, verb_extension=<colcon_core.verb.build.BuildVerb object at 0x7f3b010522c0>, main=<bound method BuildVerb.main of <colcon_core.verb.build.BuildVerb object at 0x7f3b010522c0>>, mixin_verb=('build',))
[0.188s] Level 1:colcon.colcon_core.package_discovery:discover_packages(colcon_meta) check parameters
[0.188s] Level 1:colcon.colcon_core.package_discovery:discover_packages(recursive) check parameters
[0.188s] Level 1:colcon.colcon_core.package_discovery:discover_packages(ignore) check parameters
[0.188s] Level 1:colcon.colcon_core.package_discovery:discover_packages(path) check parameters
[0.188s] Level 1:colcon.colcon_core.package_discovery:discover_packages(colcon_meta) discover
[0.188s] Level 1:colcon.colcon_core.package_discovery:discover_packages(recursive) discover
[0.188s] INFO:colcon.colcon_core.package_discovery:Crawling recursively for packages in '/home/goldenboy/git_version/GoldenSLAM'
[0.188s] Level 1:colcon.colcon_core.package_identification:_identify(.) by extensions ['ignore', 'ignore_ament_install']
[0.188s] Level 1:colcon.colcon_core.package_identification:_identify(.) by extension 'ignore'
[0.188s] Level 1:colcon.colcon_core.package_identification:_identify(.) by extension 'ignore_ament_install'
[0.188s] Level 1:colcon.colcon_core.package_identification:_identify(.) by extensions ['colcon_pkg']
[0.188s] Level 1:colcon.colcon_core.package_identification:_identify(.) by extension 'colcon_pkg'
[0.188s] Level 1:colcon.colcon_core.package_identification:_identify(.) by extensions ['colcon_meta']
[0.188s] Level 1:colcon.colcon_core.package_identification:_identify(.) by extension 'colcon_meta'
[0.188s] Level 1:colcon.colcon_core.package_identification:_identify(.) by extensions ['ros']
[0.188s] Level 1:colcon.colcon_core.package_identification:_identify(.) by extension 'ros'
[0.196s] DEBUG:colcon.colcon_core.package_identification:Package '.' with type 'ros.ament_cmake' and name 'fast_lio'
[0.196s] Level 1:colcon.colcon_core.package_discovery:discover_packages(recursive) using defaults
[0.196s] Level 1:colcon.colcon_core.package_discovery:discover_packages(ignore) discover
[0.196s] Level 1:colcon.colcon_core.package_discovery:discover_packages(ignore) using defaults
[0.196s] Level 1:colcon.colcon_core.package_discovery:discover_packages(path) discover
[0.196s] Level 1:colcon.colcon_core.package_discovery:discover_packages(path) using defaults
[0.212s] Level 1:colcon.colcon_core.package_discovery:discover_packages(prefix_path) check parameters
[0.212s] Level 1:colcon.colcon_core.package_discovery:discover_packages(prefix_path) discover
[0.214s] DEBUG:colcon.colcon_installed_package_information.package_discovery:Found 1 installed packages in /home/goldenboy/Workspaces/sensor_ws/install
[0.214s] DEBUG:colcon.colcon_installed_package_information.package_discovery:Found 274 installed packages in /opt/ros/humble
[0.215s] Level 1:colcon.colcon_core.package_discovery:discover_packages(prefix_path) using defaults
[0.231s] Level 5:colcon.colcon_core.verb:set package 'fast_lio' build argument 'cmake_args' from command line to 'None'
[0.231s] Level 5:colcon.colcon_core.verb:set package 'fast_lio' build argument 'cmake_target' from command line to 'None'
[0.231s] Level 5:colcon.colcon_core.verb:set package 'fast_lio' build argument 'cmake_target_skip_unavailable' from command line to 'False'
[0.231s] Level 5:colcon.colcon_core.verb:set package 'fast_lio' build argument 'cmake_clean_cache' from command line to 'False'
[0.231s] Level 5:colcon.colcon_core.verb:set package 'fast_lio' build argument 'cmake_clean_first' from command line to 'False'
[0.231s] Level 5:colcon.colcon_core.verb:set package 'fast_lio' build argument 'cmake_force_configure' from command line to 'False'
[0.231s] Level 5:colcon.colcon_core.verb:set package 'fast_lio' build argument 'ament_cmake_args' from command line to 'None'
[0.231s] Level 5:colcon.colcon_core.verb:set package 'fast_lio' build argument 'catkin_cmake_args' from command line to 'None'
[0.231s] Level 5:colcon.colcon_core.verb:set package 'fast_lio' build argument 'catkin_skip_building_tests' from command line to 'False'
[0.231s] DEBUG:colcon.colcon_core.verb:Building package 'fast_lio' with the following arguments: {'ament_cmake_args': None, 'build_base': '/home/goldenboy/git_version/GoldenSLAM/build/fast_lio', 'catkin_cmake_args': None, 'catkin_skip_building_tests': False, 'cmake_args': None, 'cmake_clean_cache': False, 'cmake_clean_first': False, 'cmake_force_configure': False, 'cmake_target': None, 'cmake_target_skip_unavailable': False, 'install_base': '/home/goldenboy/git_version/GoldenSLAM/install/fast_lio', 'merge_install': False, 'path': '/home/goldenboy/git_version/GoldenSLAM', 'symlink_install': False, 'test_result_base': None}
[0.231s] INFO:colcon.colcon_core.executor:Executing jobs using 'parallel' executor
[0.232s] DEBUG:colcon.colcon_parallel_executor.executor.parallel:run_until_complete
[0.232s] INFO:colcon.colcon_ros.task.ament_cmake.build:Building ROS package in '/home/goldenboy/git_version/GoldenSLAM' with build type 'ament_cmake'
[0.232s] INFO:colcon.colcon_cmake.task.cmake.build:Building CMake package in '/home/goldenboy/git_version/GoldenSLAM'
[0.233s] INFO:colcon.colcon_core.plugin_system:Skipping extension 'colcon_core.shell.bat': Not used on non-Windows systems
[0.233s] INFO:colcon.colcon_core.shell:Skip shell extension 'powershell' for command environment: Not usable outside of PowerShell
[0.233s] DEBUG:colcon.colcon_core.shell:Skip shell extension 'dsv' for command environment
[0.237s] DEBUG:colcon.colcon_core.event_handler.log_command:Invoking command in '/home/goldenboy/git_version/GoldenSLAM/build/fast_lio': CMAKE_PREFIX_PATH=${CMAKE_PREFIX_PATH}:/opt/ros/humble /usr/bin/cmake --build /home/goldenboy/git_version/GoldenSLAM/build/fast_lio -- -j24 -l24
[0.395s] DEBUG:colcon.colcon_core.event_handler.log_command:Invoked command in '/home/goldenboy/git_version/GoldenSLAM/build/fast_lio' returned '0': CMAKE_PREFIX_PATH=${CMAKE_PREFIX_PATH}:/opt/ros/humble /usr/bin/cmake --build /home/goldenboy/git_version/GoldenSLAM/build/fast_lio -- -j24 -l24
[0.399s] DEBUG:colcon.colcon_core.event_handler.log_command:Invoking command in '/home/goldenboy/git_version/GoldenSLAM/build/fast_lio': CMAKE_PREFIX_PATH=${CMAKE_PREFIX_PATH}:/opt/ros/humble /usr/bin/cmake --install /home/goldenboy/git_version/GoldenSLAM/build/fast_lio
[0.423s] Level 1:colcon.colcon_core.environment:create_environment_scripts_only(fast_lio)
[0.427s] Level 1:colcon.colcon_core.environment:checking '/home/goldenboy/git_version/GoldenSLAM/install/fast_lio' for CMake module files
[0.427s] DEBUG:colcon.colcon_core.event_handler.log_command:Invoked command in '/home/goldenboy/git_version/GoldenSLAM/build/fast_lio' returned '0': CMAKE_PREFIX_PATH=${CMAKE_PREFIX_PATH}:/opt/ros/humble /usr/bin/cmake --install /home/goldenboy/git_version/GoldenSLAM/build/fast_lio
[0.427s] Level 1:colcon.colcon_core.environment:checking '/home/goldenboy/git_version/GoldenSLAM/install/fast_lio' for CMake config files
[0.428s] Level 1:colcon.colcon_core.shell:create_environment_hook('fast_lio', 'cmake_prefix_path')
[0.428s] INFO:colcon.colcon_core.shell:Creating environment hook '/home/goldenboy/git_version/GoldenSLAM/install/fast_lio/share/fast_lio/hook/cmake_prefix_path.ps1'
[0.428s] INFO:colcon.colcon_core.shell:Creating environment descriptor '/home/goldenboy/git_version/GoldenSLAM/install/fast_lio/share/fast_lio/hook/cmake_prefix_path.dsv'
[0.428s] INFO:colcon.colcon_core.shell:Creating environment hook '/home/goldenboy/git_version/GoldenSLAM/install/fast_lio/share/fast_lio/hook/cmake_prefix_path.sh'
[0.429s] Level 1:colcon.colcon_core.environment:checking '/home/goldenboy/git_version/GoldenSLAM/install/fast_lio/lib'
[0.429s] Level 1:colcon.colcon_core.shell:create_environment_hook('fast_lio', 'ld_library_path_lib')
[0.429s] INFO:colcon.colcon_core.shell:Creating environment hook '/home/goldenboy/git_version/GoldenSLAM/install/fast_lio/share/fast_lio/hook/ld_library_path_lib.ps1'
[0.429s] INFO:colcon.colcon_core.shell:Creating environment descriptor '/home/goldenboy/git_version/GoldenSLAM/install/fast_lio/share/fast_lio/hook/ld_library_path_lib.dsv'
[0.429s] INFO:colcon.colcon_core.shell:Creating environment hook '/home/goldenboy/git_version/GoldenSLAM/install/fast_lio/share/fast_lio/hook/ld_library_path_lib.sh'
[0.429s] Level 1:colcon.colcon_core.environment:checking '/home/goldenboy/git_version/GoldenSLAM/install/fast_lio/bin'
[0.429s] Level 1:colcon.colcon_core.environment:checking '/home/goldenboy/git_version/GoldenSLAM/install/fast_lio/lib/pkgconfig/fast_lio.pc'
[0.430s] Level 1:colcon.colcon_core.environment:checking '/home/goldenboy/git_version/GoldenSLAM/install/fast_lio/lib/python3.10/site-packages'
[0.430s] Level 1:colcon.colcon_core.environment:checking '/home/goldenboy/git_version/GoldenSLAM/install/fast_lio/bin'
[0.430s] INFO:colcon.colcon_core.shell:Creating package script '/home/goldenboy/git_version/GoldenSLAM/install/fast_lio/share/fast_lio/package.ps1'
[0.430s] INFO:colcon.colcon_core.shell:Creating package descriptor '/home/goldenboy/git_version/GoldenSLAM/install/fast_lio/share/fast_lio/package.dsv'
[0.431s] INFO:colcon.colcon_core.shell:Creating package script '/home/goldenboy/git_version/GoldenSLAM/install/fast_lio/share/fast_lio/package.sh'
[0.431s] INFO:colcon.colcon_core.shell:Creating package script '/home/goldenboy/git_version/GoldenSLAM/install/fast_lio/share/fast_lio/package.bash'
[0.432s] INFO:colcon.colcon_core.shell:Creating package script '/home/goldenboy/git_version/GoldenSLAM/install/fast_lio/share/fast_lio/package.zsh'
[0.432s] Level 1:colcon.colcon_core.environment:create_file_with_runtime_dependencies(/home/goldenboy/git_version/GoldenSLAM/install/fast_lio/share/colcon-core/packages/fast_lio)
[0.432s] Level 1:colcon.colcon_core.environment:create_environment_scripts_only(fast_lio)
[0.432s] Level 1:colcon.colcon_core.environment:checking '/home/goldenboy/git_version/GoldenSLAM/install/fast_lio' for CMake module files
[0.433s] Level 1:colcon.colcon_core.environment:checking '/home/goldenboy/git_version/GoldenSLAM/install/fast_lio' for CMake config files
[0.433s] Level 1:colcon.colcon_core.shell:create_environment_hook('fast_lio', 'cmake_prefix_path')
[0.433s] INFO:colcon.colcon_core.shell:Creating environment hook '/home/goldenboy/git_version/GoldenSLAM/install/fast_lio/share/fast_lio/hook/cmake_prefix_path.ps1'
[0.433s] INFO:colcon.colcon_core.shell:Creating environment descriptor '/home/goldenboy/git_version/GoldenSLAM/install/fast_lio/share/fast_lio/hook/cmake_prefix_path.dsv'
[0.433s] INFO:colcon.colcon_core.shell:Creating environment hook '/home/goldenboy/git_version/GoldenSLAM/install/fast_lio/share/fast_lio/hook/cmake_prefix_path.sh'
[0.434s] Level 1:colcon.colcon_core.environment:checking '/home/goldenboy/git_version/GoldenSLAM/install/fast_lio/lib'
[0.434s] Level 1:colcon.colcon_core.shell:create_environment_hook('fast_lio', 'ld_library_path_lib')
[0.434s] INFO:colcon.colcon_core.shell:Creating environment hook '/home/goldenboy/git_version/GoldenSLAM/install/fast_lio/share/fast_lio/hook/ld_library_path_lib.ps1'
[0.434s] INFO:colcon.colcon_core.shell:Creating environment descriptor '/home/goldenboy/git_version/GoldenSLAM/install/fast_lio/share/fast_lio/hook/ld_library_path_lib.dsv'
[0.434s] INFO:colcon.colcon_core.shell:Creating environment hook '/home/goldenboy/git_version/GoldenSLAM/install/fast_lio/share/fast_lio/hook/ld_library_path_lib.sh'
[0.434s] Level 1:colcon.colcon_core.environment:checking '/home/goldenboy/git_version/GoldenSLAM/install/fast_lio/bin'
[0.434s] Level 1:colcon.colcon_core.environment:checking '/home/goldenboy/git_version/GoldenSLAM/install/fast_lio/lib/pkgconfig/fast_lio.pc'
[0.434s] Level 1:colcon.colcon_core.environment:checking '/home/goldenboy/git_version/GoldenSLAM/install/fast_lio/lib/python3.10/site-packages'
[0.435s] Level 1:colcon.colcon_core.environment:checking '/home/goldenboy/git_version/GoldenSLAM/install/fast_lio/bin'
[0.435s] INFO:colcon.colcon_core.shell:Creating package script '/home/goldenboy/git_version/GoldenSLAM/install/fast_lio/share/fast_lio/package.ps1'
[0.435s] INFO:colcon.colcon_core.shell:Creating package descriptor '/home/goldenboy/git_version/GoldenSLAM/install/fast_lio/share/fast_lio/package.dsv'
[0.435s] INFO:colcon.colcon_core.shell:Creating package script '/home/goldenboy/git_version/GoldenSLAM/install/fast_lio/share/fast_lio/package.sh'
[0.435s] INFO:colcon.colcon_core.shell:Creating package script '/home/goldenboy/git_version/GoldenSLAM/install/fast_lio/share/fast_lio/package.bash'
[0.435s] INFO:colcon.colcon_core.shell:Creating package script '/home/goldenboy/git_version/GoldenSLAM/install/fast_lio/share/fast_lio/package.zsh'
[0.436s] Level 1:colcon.colcon_core.environment:create_file_with_runtime_dependencies(/home/goldenboy/git_version/GoldenSLAM/install/fast_lio/share/colcon-core/packages/fast_lio)
[0.436s] DEBUG:colcon.colcon_parallel_executor.executor.parallel:closing loop
[0.436s] DEBUG:colcon.colcon_parallel_executor.executor.parallel:loop closed
[0.436s] DEBUG:colcon.colcon_parallel_executor.executor.parallel:run_until_complete finished with '0'
[0.436s] DEBUG:colcon.colcon_core.event_reactor:joining thread
[0.454s] INFO:colcon.colcon_core.plugin_system:Skipping extension 'colcon_notification.desktop_notification.notify_send': Could not find 'notify-send'
[0.454s] INFO:colcon.colcon_core.plugin_system:Skipping extension 'colcon_notification.desktop_notification.terminal_notifier': Not used on non-Darwin systems
[0.454s] INFO:colcon.colcon_core.plugin_system:Skipping extension 'colcon_notification.desktop_notification.win32': Not used on non-Windows systems
[0.454s] INFO:colcon.colcon_notification.desktop_notification:Sending desktop notification using 'notify2'
[0.455s] DEBUG:colcon.colcon_notification.desktop_notification.notify2:Failed to initialize notify2: org.freedesktop.DBus.Error.ServiceUnknown: The name org.freedesktop.Notifications was not provided by any .service files
[0.455s] DEBUG:colcon.colcon_core.event_reactor:joined thread
[0.455s] INFO:colcon.colcon_core.shell:Creating prefix script '/home/goldenboy/git_version/GoldenSLAM/install/local_setup.ps1'
[0.456s] INFO:colcon.colcon_core.shell:Creating prefix util module '/home/goldenboy/git_version/GoldenSLAM/install/_local_setup_util_ps1.py'
[0.456s] INFO:colcon.colcon_core.shell:Creating prefix chain script '/home/goldenboy/git_version/GoldenSLAM/install/setup.ps1'
[0.457s] INFO:colcon.colcon_core.shell:Creating prefix script '/home/goldenboy/git_version/GoldenSLAM/install/local_setup.sh'
[0.457s] INFO:colcon.colcon_core.shell:Creating prefix util module '/home/goldenboy/git_version/GoldenSLAM/install/_local_setup_util_sh.py'
[0.457s] INFO:colcon.colcon_core.shell:Creating prefix chain script '/home/goldenboy/git_version/GoldenSLAM/install/setup.sh'
[0.458s] INFO:colcon.colcon_core.shell:Creating prefix script '/home/goldenboy/git_version/GoldenSLAM/install/local_setup.bash'
[0.458s] INFO:colcon.colcon_core.shell:Creating prefix chain script '/home/goldenboy/git_version/GoldenSLAM/install/setup.bash'
[0.458s] INFO:colcon.colcon_core.shell:Creating prefix script '/home/goldenboy/git_version/GoldenSLAM/install/local_setup.zsh'
[0.459s] INFO:colcon.colcon_core.shell:Creating prefix chain script '/home/goldenboy/git_version/GoldenSLAM/install/setup.zsh'
