[0.157s] DEBUG:colcon:Command line arguments: ['/usr/bin/colcon', 'build', '--packages-select', 'golden_slam']
[0.157s] DEBUG:colcon:Parsed command line arguments: Namespace(log_base=None, log_level=None, verb_name='build', build_base='build', install_base='install', merge_install=False, symlink_install=False, test_result_base=None, continue_on_error=False, executor='parallel', parallel_workers=24, event_handlers=None, ignore_user_meta=False, metas=['./colcon.meta'], base_paths=['.'], packages_ignore=None, packages_ignore_regex=None, paths=None, packages_up_to=None, packages_up_to_regex=None, packages_above=None, packages_above_and_dependencies=None, packages_above_depth=None, packages_select_by_dep=None, packages_skip_by_dep=None, packages_skip_up_to=None, packages_select_build_failed=False, packages_skip_build_finished=False, packages_select_test_failures=False, packages_skip_test_passed=False, packages_select=['golden_slam'], packages_skip=None, packages_select_regex=None, packages_skip_regex=None, packages_start=None, packages_end=None, allow_overriding=[], cmake_args=None, cmake_target=None, cmake_target_skip_unavailable=False, cmake_clean_cache=False, cmake_clean_first=False, cmake_force_configure=False, ament_cmake_args=None, catkin_cmake_args=None, catkin_skip_building_tests=False, mixin_files=None, mixin=None, verb_parser=<colcon_mixin.mixin.mixin_argument.MixinArgumentDecorator object at 0x7f02f3fea710>, verb_extension=<colcon_core.verb.build.BuildVerb object at 0x7f02f3fea260>, main=<bound method BuildVerb.main of <colcon_core.verb.build.BuildVerb object at 0x7f02f3fea260>>, mixin_verb=('build',))
[0.340s] Level 1:colcon.colcon_core.package_discovery:discover_packages(colcon_meta) check parameters
[0.340s] Level 1:colcon.colcon_core.package_discovery:discover_packages(recursive) check parameters
[0.340s] Level 1:colcon.colcon_core.package_discovery:discover_packages(ignore) check parameters
[0.340s] Level 1:colcon.colcon_core.package_discovery:discover_packages(path) check parameters
[0.340s] Level 1:colcon.colcon_core.package_discovery:discover_packages(colcon_meta) discover
[0.340s] Level 1:colcon.colcon_core.package_discovery:discover_packages(recursive) discover
[0.340s] INFO:colcon.colcon_core.package_discovery:Crawling recursively for packages in '/home/goldenboy/git_version/GoldenSLAM'
[0.340s] Level 1:colcon.colcon_core.package_identification:_identify(.) by extensions ['ignore', 'ignore_ament_install']
[0.341s] Level 1:colcon.colcon_core.package_identification:_identify(.) by extension 'ignore'
[0.341s] Level 1:colcon.colcon_core.package_identification:_identify(.) by extension 'ignore_ament_install'
[0.341s] Level 1:colcon.colcon_core.package_identification:_identify(.) by extensions ['colcon_pkg']
[0.341s] Level 1:colcon.colcon_core.package_identification:_identify(.) by extension 'colcon_pkg'
[0.341s] Level 1:colcon.colcon_core.package_identification:_identify(.) by extensions ['colcon_meta']
[0.341s] Level 1:colcon.colcon_core.package_identification:_identify(.) by extension 'colcon_meta'
[0.341s] Level 1:colcon.colcon_core.package_identification:_identify(.) by extensions ['ros']
[0.341s] Level 1:colcon.colcon_core.package_identification:_identify(.) by extension 'ros'
[0.351s] DEBUG:colcon.colcon_core.package_identification:Package '.' with type 'ros.ament_cmake' and name 'golden_slam'
[0.351s] Level 1:colcon.colcon_core.package_discovery:discover_packages(recursive) using defaults
[0.351s] Level 1:colcon.colcon_core.package_discovery:discover_packages(ignore) discover
[0.351s] Level 1:colcon.colcon_core.package_discovery:discover_packages(ignore) using defaults
[0.351s] Level 1:colcon.colcon_core.package_discovery:discover_packages(path) discover
[0.351s] Level 1:colcon.colcon_core.package_discovery:discover_packages(path) using defaults
[0.373s] Level 1:colcon.colcon_core.package_discovery:discover_packages(prefix_path) check parameters
[0.373s] Level 1:colcon.colcon_core.package_discovery:discover_packages(prefix_path) discover
[0.375s] DEBUG:colcon.colcon_installed_package_information.package_discovery:Found 1 installed packages in /home/goldenboy/Workspaces/sensor_ws/install
[0.376s] DEBUG:colcon.colcon_installed_package_information.package_discovery:Found 274 installed packages in /opt/ros/humble
[0.377s] Level 1:colcon.colcon_core.package_discovery:discover_packages(prefix_path) using defaults
[0.423s] Level 5:colcon.colcon_core.verb:set package 'golden_slam' build argument 'cmake_args' from command line to 'None'
[0.423s] Level 5:colcon.colcon_core.verb:set package 'golden_slam' build argument 'cmake_target' from command line to 'None'
[0.423s] Level 5:colcon.colcon_core.verb:set package 'golden_slam' build argument 'cmake_target_skip_unavailable' from command line to 'False'
[0.423s] Level 5:colcon.colcon_core.verb:set package 'golden_slam' build argument 'cmake_clean_cache' from command line to 'False'
[0.424s] Level 5:colcon.colcon_core.verb:set package 'golden_slam' build argument 'cmake_clean_first' from command line to 'False'
[0.424s] Level 5:colcon.colcon_core.verb:set package 'golden_slam' build argument 'cmake_force_configure' from command line to 'False'
[0.424s] Level 5:colcon.colcon_core.verb:set package 'golden_slam' build argument 'ament_cmake_args' from command line to 'None'
[0.424s] Level 5:colcon.colcon_core.verb:set package 'golden_slam' build argument 'catkin_cmake_args' from command line to 'None'
[0.424s] Level 5:colcon.colcon_core.verb:set package 'golden_slam' build argument 'catkin_skip_building_tests' from command line to 'False'
[0.424s] DEBUG:colcon.colcon_core.verb:Building package 'golden_slam' with the following arguments: {'ament_cmake_args': None, 'build_base': '/home/goldenboy/git_version/GoldenSLAM/build/golden_slam', 'catkin_cmake_args': None, 'catkin_skip_building_tests': False, 'cmake_args': None, 'cmake_clean_cache': False, 'cmake_clean_first': False, 'cmake_force_configure': False, 'cmake_target': None, 'cmake_target_skip_unavailable': False, 'install_base': '/home/goldenboy/git_version/GoldenSLAM/install/golden_slam', 'merge_install': False, 'path': '/home/goldenboy/git_version/GoldenSLAM', 'symlink_install': False, 'test_result_base': None}
[0.424s] INFO:colcon.colcon_core.executor:Executing jobs using 'parallel' executor
[0.424s] DEBUG:colcon.colcon_parallel_executor.executor.parallel:run_until_complete
[0.424s] INFO:colcon.colcon_ros.task.ament_cmake.build:Building ROS package in '/home/goldenboy/git_version/GoldenSLAM' with build type 'ament_cmake'
[0.424s] INFO:colcon.colcon_cmake.task.cmake.build:Building CMake package in '/home/goldenboy/git_version/GoldenSLAM'
[0.427s] INFO:colcon.colcon_core.plugin_system:Skipping extension 'colcon_core.shell.bat': Not used on non-Windows systems
[0.427s] INFO:colcon.colcon_core.shell:Skip shell extension 'powershell' for command environment: Not usable outside of PowerShell
[0.427s] DEBUG:colcon.colcon_core.shell:Skip shell extension 'dsv' for command environment
[0.432s] DEBUG:colcon.colcon_core.event_handler.log_command:Invoking command in '/home/goldenboy/git_version/GoldenSLAM/build/golden_slam': CMAKE_PREFIX_PATH=${CMAKE_PREFIX_PATH}:/opt/ros/humble /usr/bin/cmake /home/goldenboy/git_version/GoldenSLAM -DCMAKE_INSTALL_PREFIX=/home/goldenboy/git_version/GoldenSLAM/install/golden_slam
[10.196s] DEBUG:colcon.colcon_core.event_handler.log_command:Invoked command in '/home/goldenboy/git_version/GoldenSLAM/build/golden_slam' returned '0': CMAKE_PREFIX_PATH=${CMAKE_PREFIX_PATH}:/opt/ros/humble /usr/bin/cmake /home/goldenboy/git_version/GoldenSLAM -DCMAKE_INSTALL_PREFIX=/home/goldenboy/git_version/GoldenSLAM/install/golden_slam
[10.197s] DEBUG:colcon.colcon_core.event_handler.log_command:Invoking command in '/home/goldenboy/git_version/GoldenSLAM/build/golden_slam': CMAKE_PREFIX_PATH=${CMAKE_PREFIX_PATH}:/opt/ros/humble /usr/bin/cmake --build /home/goldenboy/git_version/GoldenSLAM/build/golden_slam -- -j24 -l24
[22.147s] DEBUG:colcon.colcon_core.event_handler.log_command:Invoked command in '/home/goldenboy/git_version/GoldenSLAM/build/golden_slam' returned '0': CMAKE_PREFIX_PATH=${CMAKE_PREFIX_PATH}:/opt/ros/humble /usr/bin/cmake --build /home/goldenboy/git_version/GoldenSLAM/build/golden_slam -- -j24 -l24
[22.152s] DEBUG:colcon.colcon_core.event_handler.log_command:Invoking command in '/home/goldenboy/git_version/GoldenSLAM/build/golden_slam': CMAKE_PREFIX_PATH=${CMAKE_PREFIX_PATH}:/opt/ros/humble /usr/bin/cmake --install /home/goldenboy/git_version/GoldenSLAM/build/golden_slam
[22.162s] Level 1:colcon.colcon_core.environment:create_environment_scripts_only(golden_slam)
[22.163s] DEBUG:colcon.colcon_core.event_handler.log_command:Invoked command in '/home/goldenboy/git_version/GoldenSLAM/build/golden_slam' returned '0': CMAKE_PREFIX_PATH=${CMAKE_PREFIX_PATH}:/opt/ros/humble /usr/bin/cmake --install /home/goldenboy/git_version/GoldenSLAM/build/golden_slam
[22.167s] Level 1:colcon.colcon_core.environment:checking '/home/goldenboy/git_version/GoldenSLAM/install/golden_slam' for CMake module files
[22.167s] Level 1:colcon.colcon_core.environment:checking '/home/goldenboy/git_version/GoldenSLAM/install/golden_slam' for CMake config files
[22.167s] Level 1:colcon.colcon_core.shell:create_environment_hook('golden_slam', 'cmake_prefix_path')
[22.167s] INFO:colcon.colcon_core.shell:Creating environment hook '/home/goldenboy/git_version/GoldenSLAM/install/golden_slam/share/golden_slam/hook/cmake_prefix_path.ps1'
[22.168s] INFO:colcon.colcon_core.shell:Creating environment descriptor '/home/goldenboy/git_version/GoldenSLAM/install/golden_slam/share/golden_slam/hook/cmake_prefix_path.dsv'
[22.169s] INFO:colcon.colcon_core.shell:Creating environment hook '/home/goldenboy/git_version/GoldenSLAM/install/golden_slam/share/golden_slam/hook/cmake_prefix_path.sh'
[22.169s] Level 1:colcon.colcon_core.environment:checking '/home/goldenboy/git_version/GoldenSLAM/install/golden_slam/lib'
[22.169s] Level 1:colcon.colcon_core.environment:checking '/home/goldenboy/git_version/GoldenSLAM/install/golden_slam/bin'
[22.169s] Level 1:colcon.colcon_core.environment:checking '/home/goldenboy/git_version/GoldenSLAM/install/golden_slam/lib/pkgconfig/golden_slam.pc'
[22.170s] Level 1:colcon.colcon_core.environment:checking '/home/goldenboy/git_version/GoldenSLAM/install/golden_slam/lib/python3.10/site-packages'
[22.170s] Level 1:colcon.colcon_core.environment:checking '/home/goldenboy/git_version/GoldenSLAM/install/golden_slam/bin'
[22.170s] INFO:colcon.colcon_core.shell:Creating package script '/home/goldenboy/git_version/GoldenSLAM/install/golden_slam/share/golden_slam/package.ps1'
[22.171s] INFO:colcon.colcon_core.shell:Creating package descriptor '/home/goldenboy/git_version/GoldenSLAM/install/golden_slam/share/golden_slam/package.dsv'
[22.171s] INFO:colcon.colcon_core.shell:Creating package script '/home/goldenboy/git_version/GoldenSLAM/install/golden_slam/share/golden_slam/package.sh'
[22.172s] INFO:colcon.colcon_core.shell:Creating package script '/home/goldenboy/git_version/GoldenSLAM/install/golden_slam/share/golden_slam/package.bash'
[22.172s] INFO:colcon.colcon_core.shell:Creating package script '/home/goldenboy/git_version/GoldenSLAM/install/golden_slam/share/golden_slam/package.zsh'
[22.173s] Level 1:colcon.colcon_core.environment:create_file_with_runtime_dependencies(/home/goldenboy/git_version/GoldenSLAM/install/golden_slam/share/colcon-core/packages/golden_slam)
[22.173s] Level 1:colcon.colcon_core.environment:create_environment_scripts_only(golden_slam)
[22.173s] Level 1:colcon.colcon_core.environment:checking '/home/goldenboy/git_version/GoldenSLAM/install/golden_slam' for CMake module files
[22.174s] Level 1:colcon.colcon_core.environment:checking '/home/goldenboy/git_version/GoldenSLAM/install/golden_slam' for CMake config files
[22.174s] Level 1:colcon.colcon_core.shell:create_environment_hook('golden_slam', 'cmake_prefix_path')
[22.174s] INFO:colcon.colcon_core.shell:Creating environment hook '/home/goldenboy/git_version/GoldenSLAM/install/golden_slam/share/golden_slam/hook/cmake_prefix_path.ps1'
[22.174s] INFO:colcon.colcon_core.shell:Creating environment descriptor '/home/goldenboy/git_version/GoldenSLAM/install/golden_slam/share/golden_slam/hook/cmake_prefix_path.dsv'
[22.174s] INFO:colcon.colcon_core.shell:Creating environment hook '/home/goldenboy/git_version/GoldenSLAM/install/golden_slam/share/golden_slam/hook/cmake_prefix_path.sh'
[22.174s] Level 1:colcon.colcon_core.environment:checking '/home/goldenboy/git_version/GoldenSLAM/install/golden_slam/lib'
[22.174s] Level 1:colcon.colcon_core.environment:checking '/home/goldenboy/git_version/GoldenSLAM/install/golden_slam/bin'
[22.175s] Level 1:colcon.colcon_core.environment:checking '/home/goldenboy/git_version/GoldenSLAM/install/golden_slam/lib/pkgconfig/golden_slam.pc'
[22.175s] Level 1:colcon.colcon_core.environment:checking '/home/goldenboy/git_version/GoldenSLAM/install/golden_slam/lib/python3.10/site-packages'
[22.175s] Level 1:colcon.colcon_core.environment:checking '/home/goldenboy/git_version/GoldenSLAM/install/golden_slam/bin'
[22.175s] INFO:colcon.colcon_core.shell:Creating package script '/home/goldenboy/git_version/GoldenSLAM/install/golden_slam/share/golden_slam/package.ps1'
[22.175s] INFO:colcon.colcon_core.shell:Creating package descriptor '/home/goldenboy/git_version/GoldenSLAM/install/golden_slam/share/golden_slam/package.dsv'
[22.175s] INFO:colcon.colcon_core.shell:Creating package script '/home/goldenboy/git_version/GoldenSLAM/install/golden_slam/share/golden_slam/package.sh'
[22.176s] INFO:colcon.colcon_core.shell:Creating package script '/home/goldenboy/git_version/GoldenSLAM/install/golden_slam/share/golden_slam/package.bash'
[22.176s] INFO:colcon.colcon_core.shell:Creating package script '/home/goldenboy/git_version/GoldenSLAM/install/golden_slam/share/golden_slam/package.zsh'
[22.176s] Level 1:colcon.colcon_core.environment:create_file_with_runtime_dependencies(/home/goldenboy/git_version/GoldenSLAM/install/golden_slam/share/colcon-core/packages/golden_slam)
[22.176s] DEBUG:colcon.colcon_parallel_executor.executor.parallel:closing loop
[22.176s] DEBUG:colcon.colcon_parallel_executor.executor.parallel:loop closed
[22.177s] DEBUG:colcon.colcon_parallel_executor.executor.parallel:run_until_complete finished with '0'
[22.177s] DEBUG:colcon.colcon_core.event_reactor:joining thread
[22.241s] INFO:colcon.colcon_core.plugin_system:Skipping extension 'colcon_notification.desktop_notification.notify_send': Could not find 'notify-send'
[22.242s] INFO:colcon.colcon_core.plugin_system:Skipping extension 'colcon_notification.desktop_notification.terminal_notifier': Not used on non-Darwin systems
[22.242s] INFO:colcon.colcon_core.plugin_system:Skipping extension 'colcon_notification.desktop_notification.win32': Not used on non-Windows systems
[22.242s] INFO:colcon.colcon_notification.desktop_notification:Sending desktop notification using 'notify2'
[22.243s] DEBUG:colcon.colcon_notification.desktop_notification.notify2:Failed to initialize notify2: org.freedesktop.DBus.Error.ServiceUnknown: The name org.freedesktop.Notifications was not provided by any .service files
[22.243s] DEBUG:colcon.colcon_core.event_reactor:joined thread
[22.243s] INFO:colcon.colcon_core.shell:Creating prefix script '/home/goldenboy/git_version/GoldenSLAM/install/local_setup.ps1'
[22.244s] INFO:colcon.colcon_core.shell:Creating prefix util module '/home/goldenboy/git_version/GoldenSLAM/install/_local_setup_util_ps1.py'
[22.245s] INFO:colcon.colcon_core.shell:Creating prefix chain script '/home/goldenboy/git_version/GoldenSLAM/install/setup.ps1'
[22.245s] INFO:colcon.colcon_core.shell:Creating prefix script '/home/goldenboy/git_version/GoldenSLAM/install/local_setup.sh'
[22.246s] INFO:colcon.colcon_core.shell:Creating prefix util module '/home/goldenboy/git_version/GoldenSLAM/install/_local_setup_util_sh.py'
[22.246s] INFO:colcon.colcon_core.shell:Creating prefix chain script '/home/goldenboy/git_version/GoldenSLAM/install/setup.sh'
[22.247s] INFO:colcon.colcon_core.shell:Creating prefix script '/home/goldenboy/git_version/GoldenSLAM/install/local_setup.bash'
[22.247s] INFO:colcon.colcon_core.shell:Creating prefix chain script '/home/goldenboy/git_version/GoldenSLAM/install/setup.bash'
[22.248s] INFO:colcon.colcon_core.shell:Creating prefix script '/home/goldenboy/git_version/GoldenSLAM/install/local_setup.zsh'
[22.248s] INFO:colcon.colcon_core.shell:Creating prefix chain script '/home/goldenboy/git_version/GoldenSLAM/install/setup.zsh'
