In file included from /usr/include/boost/smart_ptr/detail/sp_thread_sleep.hpp:22,
                 from /usr/include/boost/smart_ptr/detail/yield_k.hpp:23,
                 from /usr/include/boost/smart_ptr/detail/spinlock_gcc_atomic.hpp:14,
                 from /usr/include/boost/smart_ptr/detail/spinlock.hpp:42,
                 from /usr/include/boost/smart_ptr/detail/spinlock_pool.hpp:25,
                 from /usr/include/boost/smart_ptr/shared_ptr.hpp:29,
                 from /usr/include/boost/shared_ptr.hpp:17,
                 from /usr/include/boost/date_time/microsec_time_clock.hpp:18,
                 from /usr/include/boost/interprocess/detail/posix_time_types_wrk.hpp:31,
                 from /usr/include/boost/interprocess/detail/os_thread_functions.hpp:36,
                 from /usr/include/boost/interprocess/sync/file_lock.hpp:26,
                 from /usr/include/pcl-1.12/pcl/io/pcd_io.h:46,
                 from /home/goldenboy/git_version/GoldenSLAM/include/core/slam_core.hpp:27,
                 from /home/goldenboy/git_version/GoldenSLAM/src/app/golden_slam_app.cpp:2:
/usr/include/boost/bind.hpp:36:1: note: ‘#pragma message: The practice of declaring the Bind placeholders (_1, _2, ...) in the global namespace is deprecated. Please use <boost/bind/bind.hpp> + using namespace boost::placeholders, or define BOOST_BIND_GLOBAL_PLACEHOLDERS to retain the current behavior.’
   36 | BOOST_PRAGMA_MESSAGE(
      | ^~~~~~~~~~~~~~~~~~~~
In file included from /usr/include/boost/smart_ptr/detail/sp_thread_sleep.hpp:22,
                 from /usr/include/boost/smart_ptr/detail/yield_k.hpp:23,
                 from /usr/include/boost/smart_ptr/detail/spinlock_gcc_atomic.hpp:14,
                 from /usr/include/boost/smart_ptr/detail/spinlock.hpp:42,
                 from /usr/include/boost/smart_ptr/detail/spinlock_pool.hpp:25,
                 from /usr/include/boost/smart_ptr/shared_ptr.hpp:29,
                 from /usr/include/boost/shared_ptr.hpp:17,
                 from /usr/include/boost/date_time/microsec_time_clock.hpp:18,
                 from /usr/include/boost/interprocess/detail/posix_time_types_wrk.hpp:31,
                 from /usr/include/boost/interprocess/detail/os_thread_functions.hpp:36,
                 from /usr/include/boost/interprocess/sync/file_lock.hpp:26,
                 from /usr/include/pcl-1.12/pcl/io/pcd_io.h:46,
                 from /home/goldenboy/git_version/GoldenSLAM/include/core/slam_core.hpp:27,
                 from /home/goldenboy/git_version/GoldenSLAM/include/platform/ros_bridge.hpp:18,
                 from /home/goldenboy/git_version/GoldenSLAM/src/platform/ros_bridge.cpp:1:
/usr/include/boost/bind.hpp:36:1: note: ‘#pragma message: The practice of declaring the Bind placeholders (_1, _2, ...) in the global namespace is deprecated. Please use <boost/bind/bind.hpp> + using namespace boost::placeholders, or define BOOST_BIND_GLOBAL_PLACEHOLDERS to retain the current behavior.’
   36 | BOOST_PRAGMA_MESSAGE(
      | ^~~~~~~~~~~~~~~~~~~~
In file included from /usr/include/boost/smart_ptr/detail/sp_thread_sleep.hpp:22,
                 from /usr/include/boost/smart_ptr/detail/yield_k.hpp:23,
                 from /usr/include/boost/smart_ptr/detail/spinlock_gcc_atomic.hpp:14,
                 from /usr/include/boost/smart_ptr/detail/spinlock.hpp:42,
                 from /usr/include/boost/smart_ptr/detail/spinlock_pool.hpp:25,
                 from /usr/include/boost/smart_ptr/shared_ptr.hpp:29,
                 from /usr/include/boost/shared_ptr.hpp:17,
                 from /usr/include/boost/date_time/microsec_time_clock.hpp:18,
                 from /usr/include/boost/interprocess/detail/posix_time_types_wrk.hpp:31,
                 from /usr/include/boost/interprocess/detail/os_thread_functions.hpp:36,
                 from /usr/include/boost/interprocess/sync/file_lock.hpp:26,
                 from /usr/include/pcl-1.12/pcl/io/pcd_io.h:46,
                 from /home/goldenboy/git_version/GoldenSLAM/include/core/slam_core.hpp:27,
                 from /home/goldenboy/git_version/GoldenSLAM/src/core/slam_core.cpp:1:
/usr/include/boost/bind.hpp:36:1: note: ‘#pragma message: The practice of declaring the Bind placeholders (_1, _2, ...) in the global namespace is deprecated. Please use <boost/bind/bind.hpp> + using namespace boost::placeholders, or define BOOST_BIND_GLOBAL_PLACEHOLDERS to retain the current behavior.’
   36 | BOOST_PRAGMA_MESSAGE(
      | ^~~~~~~~~~~~~~~~~~~~
/usr/bin/ld: CMakeFiles/fastlio_mapping.dir/src/core/slam_core.cpp.o: in function `df_dw(state_ikfom&, input_ikfom const&)':
slam_core.cpp:(.text+0x4f60): multiple definition of `df_dw(state_ikfom&, input_ikfom const&)'; CMakeFiles/fastlio_mapping.dir/src/app/golden_slam_app.cpp.o:golden_slam_app.cpp:(.text+0x3e0): first defined here
/usr/bin/ld: CMakeFiles/fastlio_mapping.dir/src/core/slam_core.cpp.o: in function `get_f(state_ikfom&, input_ikfom const&)':
slam_core.cpp:(.text+0x5750): multiple definition of `get_f(state_ikfom&, input_ikfom const&)'; CMakeFiles/fastlio_mapping.dir/src/app/golden_slam_app.cpp.o:golden_slam_app.cpp:(.text+0x170): first defined here
/usr/bin/ld: CMakeFiles/fastlio_mapping.dir/src/core/slam_core.cpp.o: in function `calc_dist(pcl::PointXYZINormal, pcl::PointXYZINormal)':
slam_core.cpp:(.text+0x8e00): multiple definition of `calc_dist(pcl::PointXYZINormal, pcl::PointXYZINormal)'; CMakeFiles/fastlio_mapping.dir/src/app/golden_slam_app.cpp.o:golden_slam_app.cpp:(.text+0x0): first defined here
/usr/bin/ld: CMakeFiles/fastlio_mapping.dir/src/core/slam_core.cpp.o: in function `get_ros_time(double)':
slam_core.cpp:(.text+0x8e40): multiple definition of `get_ros_time(double)'; CMakeFiles/fastlio_mapping.dir/src/app/golden_slam_app.cpp.o:golden_slam_app.cpp:(.text+0x40): first defined here
/usr/bin/ld: CMakeFiles/fastlio_mapping.dir/src/core/slam_core.cpp.o: in function `process_noise_cov()':
slam_core.cpp:(.text+0x8ed0): multiple definition of `process_noise_cov()'; CMakeFiles/fastlio_mapping.dir/src/app/golden_slam_app.cpp.o:golden_slam_app.cpp:(.text+0xd0): first defined here
/usr/bin/ld: CMakeFiles/fastlio_mapping.dir/src/core/slam_core.cpp.o: in function `SO3ToEuler(MTK::SO3<double, 0> const&)':
slam_core.cpp:(.text+0x8f70): multiple definition of `SO3ToEuler(MTK::SO3<double, 0> const&)'; CMakeFiles/fastlio_mapping.dir/src/app/golden_slam_app.cpp.o:golden_slam_app.cpp:(.text+0x650): first defined here
/usr/bin/ld: CMakeFiles/fastlio_mapping.dir/src/core/slam_core.cpp.o:(.bss+0x20): multiple definition of `Zero3d'; CMakeFiles/fastlio_mapping.dir/src/app/golden_slam_app.cpp.o:(.bss+0x10): first defined here
/usr/bin/ld: CMakeFiles/fastlio_mapping.dir/src/core/slam_core.cpp.o: in function `df_dx(state_ikfom&, input_ikfom const&)':
slam_core.cpp:(.text+0xf040): multiple definition of `df_dx(state_ikfom&, input_ikfom const&)'; CMakeFiles/fastlio_mapping.dir/src/app/golden_slam_app.cpp.o:golden_slam_app.cpp:(.text+0xd70): first defined here
/usr/bin/ld: CMakeFiles/fastlio_mapping.dir/src/core/slam_core.cpp.o:(.bss+0x80): multiple definition of `Eye3d'; CMakeFiles/fastlio_mapping.dir/src/app/golden_slam_app.cpp.o:(.bss+0x80): first defined here
/usr/bin/ld: CMakeFiles/fastlio_mapping.dir/src/core/slam_core.cpp.o:(.bss+0x40): multiple definition of `Eye3f'; CMakeFiles/fastlio_mapping.dir/src/app/golden_slam_app.cpp.o:(.bss+0x40): first defined here
/usr/bin/ld: CMakeFiles/fastlio_mapping.dir/src/core/slam_core.cpp.o:(.bss+0x8): multiple definition of `Zero3f'; CMakeFiles/fastlio_mapping.dir/src/app/golden_slam_app.cpp.o:(.bss+0x0): first defined here
/usr/bin/ld: CMakeFiles/fastlio_mapping.dir/src/core/slam_core.cpp.o: in function `get_time_sec(builtin_interfaces::msg::Time_<std::allocator<void> > const&)':
slam_core.cpp:(.text+0x172f0): multiple definition of `get_time_sec(builtin_interfaces::msg::Time_<std::allocator<void> > const&)'; CMakeFiles/fastlio_mapping.dir/src/app/golden_slam_app.cpp.o:golden_slam_app.cpp:(.text+0x12f0): first defined here
/usr/bin/ld: CMakeFiles/fastlio_mapping.dir/src/platform/ros_bridge.cpp.o: in function `calc_dist(pcl::PointXYZINormal, pcl::PointXYZINormal)':
ros_bridge.cpp:(.text+0x590): multiple definition of `calc_dist(pcl::PointXYZINormal, pcl::PointXYZINormal)'; CMakeFiles/fastlio_mapping.dir/src/app/golden_slam_app.cpp.o:golden_slam_app.cpp:(.text+0x0): first defined here
/usr/bin/ld: CMakeFiles/fastlio_mapping.dir/src/platform/ros_bridge.cpp.o: in function `get_ros_time(double)':
ros_bridge.cpp:(.text+0x5d0): multiple definition of `get_ros_time(double)'; CMakeFiles/fastlio_mapping.dir/src/app/golden_slam_app.cpp.o:golden_slam_app.cpp:(.text+0x40): first defined here
/usr/bin/ld: CMakeFiles/fastlio_mapping.dir/src/platform/ros_bridge.cpp.o: in function `process_noise_cov()':
ros_bridge.cpp:(.text+0x660): multiple definition of `process_noise_cov()'; CMakeFiles/fastlio_mapping.dir/src/app/golden_slam_app.cpp.o:golden_slam_app.cpp:(.text+0xd0): first defined here
/usr/bin/ld: CMakeFiles/fastlio_mapping.dir/src/platform/ros_bridge.cpp.o: in function `get_f(state_ikfom&, input_ikfom const&)':
ros_bridge.cpp:(.text+0x700): multiple definition of `get_f(state_ikfom&, input_ikfom const&)'; CMakeFiles/fastlio_mapping.dir/src/app/golden_slam_app.cpp.o:golden_slam_app.cpp:(.text+0x170): first defined here
/usr/bin/ld: CMakeFiles/fastlio_mapping.dir/src/platform/ros_bridge.cpp.o: in function `df_dw(state_ikfom&, input_ikfom const&)':
ros_bridge.cpp:(.text+0x970): multiple definition of `df_dw(state_ikfom&, input_ikfom const&)'; CMakeFiles/fastlio_mapping.dir/src/app/golden_slam_app.cpp.o:golden_slam_app.cpp:(.text+0x3e0): first defined here
/usr/bin/ld: CMakeFiles/fastlio_mapping.dir/src/platform/ros_bridge.cpp.o: in function `SO3ToEuler(MTK::SO3<double, 0> const&)':
ros_bridge.cpp:(.text+0xbe0): multiple definition of `SO3ToEuler(MTK::SO3<double, 0> const&)'; CMakeFiles/fastlio_mapping.dir/src/app/golden_slam_app.cpp.o:golden_slam_app.cpp:(.text+0x650): first defined here
/usr/bin/ld: CMakeFiles/fastlio_mapping.dir/src/platform/ros_bridge.cpp.o: in function `df_dx(state_ikfom&, input_ikfom const&)':
ros_bridge.cpp:(.text+0x60a0): multiple definition of `df_dx(state_ikfom&, input_ikfom const&)'; CMakeFiles/fastlio_mapping.dir/src/app/golden_slam_app.cpp.o:golden_slam_app.cpp:(.text+0xd70): first defined here
/usr/bin/ld: CMakeFiles/fastlio_mapping.dir/src/platform/ros_bridge.cpp.o:(.bss+0x80): multiple definition of `Eye3d'; CMakeFiles/fastlio_mapping.dir/src/app/golden_slam_app.cpp.o:(.bss+0x80): first defined here
/usr/bin/ld: CMakeFiles/fastlio_mapping.dir/src/platform/ros_bridge.cpp.o:(.bss+0x40): multiple definition of `Eye3f'; CMakeFiles/fastlio_mapping.dir/src/app/golden_slam_app.cpp.o:(.bss+0x40): first defined here
/usr/bin/ld: CMakeFiles/fastlio_mapping.dir/src/platform/ros_bridge.cpp.o:(.bss+0x10): multiple definition of `Zero3d'; CMakeFiles/fastlio_mapping.dir/src/app/golden_slam_app.cpp.o:(.bss+0x10): first defined here
/usr/bin/ld: CMakeFiles/fastlio_mapping.dir/src/platform/ros_bridge.cpp.o:(.bss+0x0): multiple definition of `Zero3f'; CMakeFiles/fastlio_mapping.dir/src/app/golden_slam_app.cpp.o:(.bss+0x0): first defined here
/usr/bin/ld: CMakeFiles/fastlio_mapping.dir/src/platform/ros_bridge.cpp.o: in function `get_time_sec(builtin_interfaces::msg::Time_<std::allocator<void> > const&)':
ros_bridge.cpp:(.text+0x9060): multiple definition of `get_time_sec(builtin_interfaces::msg::Time_<std::allocator<void> > const&)'; CMakeFiles/fastlio_mapping.dir/src/app/golden_slam_app.cpp.o:golden_slam_app.cpp:(.text+0x12f0): first defined here
collect2: error: ld returned 1 exit status
gmake[2]: *** [CMakeFiles/fastlio_mapping.dir/build.make:530: fastlio_mapping] 오류 1
gmake[1]: *** [CMakeFiles/Makefile2:612: CMakeFiles/fastlio_mapping.dir/all] 오류 2
gmake: *** [Makefile:146: all] 오류 2
