[  2%] Built target fast_lio__rs
[  5%] Built target fast_lio__cpp
[ 12%] Built target fast_lio__rosidl_generator_c
[ 12%] Built target ament_cmake_python_copy_fast_lio
[ 23%] Built target fast_lio__rosidl_typesupport_cpp
[ 28%] Built target fast_lio__rosidl_typesupport_fastrtps_cpp
[ 35%] Built target fast_lio__rosidl_typesupport_introspection_cpp
[ 58%] Built target fast_lio__rosidl_typesupport_introspection_c
[ 58%] Built target fast_lio__rosidl_typesupport_fastrtps_c
[ 58%] Built target fast_lio__rosidl_typesupport_c
[ 58%] Built target fast_lio
Consolidate compiler generated dependencies of target fastlio_mapping
[ 61%] Built target fast_lio__py
[ 64%] Building CXX object CMakeFiles/fastlio_mapping.dir/src/app/golden_slam_app.cpp.o
[ 69%] Built target fast_lio__rosidl_generator_py
[ 71%] Building CXX object CMakeFiles/fastlio_mapping.dir/src/core/slam_core.cpp.o
[ 74%] Building CXX object CMakeFiles/fastlio_mapping.dir/src/platform/ros_bridge.cpp.o
[ 79%] Built target fast_lio__rosidl_typesupport_introspection_c__pyext
[ 84%] Built target fast_lio__rosidl_typesupport_fastrtps_c__pyext
[ 89%] Built target fast_lio__rosidl_typesupport_c__pyext
running egg_info
writing fast_lio.egg-info/PKG-INFO
writing dependency_links to fast_lio.egg-info/dependency_links.txt
writing top-level names to fast_lio.egg-info/top_level.txt
reading manifest file 'fast_lio.egg-info/SOURCES.txt'
writing manifest file 'fast_lio.egg-info/SOURCES.txt'
[ 89%] Built target ament_cmake_python_build_fast_lio_egg
[ 92%] Linking CXX executable fastlio_mapping
