[0.007s] Invoking command in '/home/goldenboy/git_version/GoldenSLAM/build/fast_lio': CMAKE_PREFIX_PATH=${CMAKE_PREFIX_PATH}:/opt/ros/humble /usr/bin/cmake --build /home/goldenboy/git_version/GoldenSLAM/build/fast_lio -- -j24 -l24
[0.038s] [  2%] Built target fast_lio__rs
[0.038s] [  5%] Built target fast_lio__cpp
[0.039s] [ 12%] Built target fast_lio__rosidl_generator_c
[0.043s] [ 12%] Built target ament_cmake_python_copy_fast_lio
[0.049s] [ 23%] Built target fast_lio__rosidl_typesupport_cpp
[0.049s] [ 28%] Built target fast_lio__rosidl_typesupport_fastrtps_cpp
[0.049s] [ 35%] Built target fast_lio__rosidl_typesupport_introspection_cpp
[0.054s] [ 58%] Built target fast_lio__rosidl_typesupport_introspection_c
[0.055s] [ 58%] Built target fast_lio__rosidl_typesupport_fastrtps_c
[0.055s] [ 58%] Built target fast_lio__rosidl_typesupport_c
[0.065s] [ 58%] Built target fast_lio
[0.073s] Consolidate compiler generated dependencies of target fastlio_mapping
[0.075s] [ 61%] Built target fast_lio__py
[0.085s] [ 64%] Building CXX object CMakeFiles/fastlio_mapping.dir/src/app/golden_slam_app.cpp.o
[0.085s] [ 69%] Built target fast_lio__rosidl_generator_py
[0.086s] [ 71%] Building CXX object CMakeFiles/fastlio_mapping.dir/src/core/slam_core.cpp.o
[0.087s] [ 74%] Building CXX object CMakeFiles/fastlio_mapping.dir/src/platform/ros_bridge.cpp.o
[0.097s] [ 79%] Built target fast_lio__rosidl_typesupport_introspection_c__pyext
[0.097s] [ 84%] Built target fast_lio__rosidl_typesupport_fastrtps_c__pyext
[0.097s] [ 89%] Built target fast_lio__rosidl_typesupport_c__pyext
[0.157s] running egg_info
[0.157s] writing fast_lio.egg-info/PKG-INFO
[0.157s] writing dependency_links to fast_lio.egg-info/dependency_links.txt
[0.158s] writing top-level names to fast_lio.egg-info/top_level.txt
[0.158s] reading manifest file 'fast_lio.egg-info/SOURCES.txt'
[0.159s] writing manifest file 'fast_lio.egg-info/SOURCES.txt'
[0.173s] [ 89%] Built target ament_cmake_python_build_fast_lio_egg
[3.407s] In file included from /usr/include/boost/smart_ptr/detail/sp_thread_sleep.hpp:22,
[3.407s]                  from /usr/include/boost/smart_ptr/detail/yield_k.hpp:23,
[3.407s]                  from /usr/include/boost/smart_ptr/detail/spinlock_gcc_atomic.hpp:14,
[3.407s]                  from /usr/include/boost/smart_ptr/detail/spinlock.hpp:42,
[3.407s]                  from /usr/include/boost/smart_ptr/detail/spinlock_pool.hpp:25,
[3.407s]                  from /usr/include/boost/smart_ptr/shared_ptr.hpp:29,
[3.407s]                  from /usr/include/boost/shared_ptr.hpp:17,
[3.407s]                  from /usr/include/boost/date_time/microsec_time_clock.hpp:18,
[3.407s]                  from /usr/include/boost/interprocess/detail/posix_time_types_wrk.hpp:31,
[3.407s]                  from /usr/include/boost/interprocess/detail/os_thread_functions.hpp:36,
[3.407s]                  from /usr/include/boost/interprocess/sync/file_lock.hpp:26,
[3.407s]                  from /usr/include/pcl-1.12/pcl/io/pcd_io.h:46,
[3.407s]                  from /home/goldenboy/git_version/GoldenSLAM/include/core/slam_core.hpp:27,
[3.407s]                  from /home/goldenboy/git_version/GoldenSLAM/src/app/golden_slam_app.cpp:2:
[3.407s] /usr/include/boost/bind.hpp:36:1: note: ‘#pragma message: The practice of declaring the Bind placeholders (_1, _2, ...) in the global namespace is deprecated. Please use <boost/bind/bind.hpp> + using namespace boost::placeholders, or define BOOST_BIND_GLOBAL_PLACEHOLDERS to retain the current behavior.’
[3.407s]    36 | BOOST_PRAGMA_MESSAGE(
[3.407s]       | ^~~~~~~~~~~~~~~~~~~~
[3.447s] In file included from /usr/include/boost/smart_ptr/detail/sp_thread_sleep.hpp:22,
[3.447s]                  from /usr/include/boost/smart_ptr/detail/yield_k.hpp:23,
[3.447s]                  from /usr/include/boost/smart_ptr/detail/spinlock_gcc_atomic.hpp:14,
[3.447s]                  from /usr/include/boost/smart_ptr/detail/spinlock.hpp:42,
[3.447s]                  from /usr/include/boost/smart_ptr/detail/spinlock_pool.hpp:25,
[3.447s]                  from /usr/include/boost/smart_ptr/shared_ptr.hpp:29,
[3.447s]                  from /usr/include/boost/shared_ptr.hpp:17,
[3.447s]                  from /usr/include/boost/date_time/microsec_time_clock.hpp:18,
[3.447s]                  from /usr/include/boost/interprocess/detail/posix_time_types_wrk.hpp:31,
[3.447s]                  from /usr/include/boost/interprocess/detail/os_thread_functions.hpp:36,
[3.447s]                  from /usr/include/boost/interprocess/sync/file_lock.hpp:26,
[3.447s]                  from /usr/include/pcl-1.12/pcl/io/pcd_io.h:46,
[3.447s]                  from /home/goldenboy/git_version/GoldenSLAM/include/core/slam_core.hpp:27,
[3.447s]                  from /home/goldenboy/git_version/GoldenSLAM/include/platform/ros_bridge.hpp:18,
[3.447s]                  from /home/goldenboy/git_version/GoldenSLAM/src/platform/ros_bridge.cpp:1:
[3.447s] /usr/include/boost/bind.hpp:36:1: note: ‘#pragma message: The practice of declaring the Bind placeholders (_1, _2, ...) in the global namespace is deprecated. Please use <boost/bind/bind.hpp> + using namespace boost::placeholders, or define BOOST_BIND_GLOBAL_PLACEHOLDERS to retain the current behavior.’
[3.447s]    36 | BOOST_PRAGMA_MESSAGE(
[3.447s]       | ^~~~~~~~~~~~~~~~~~~~
[3.520s] In file included from /usr/include/boost/smart_ptr/detail/sp_thread_sleep.hpp:22,
[3.521s]                  from /usr/include/boost/smart_ptr/detail/yield_k.hpp:23,
[3.521s]                  from /usr/include/boost/smart_ptr/detail/spinlock_gcc_atomic.hpp:14,
[3.521s]                  from /usr/include/boost/smart_ptr/detail/spinlock.hpp:42,
[3.521s]                  from /usr/include/boost/smart_ptr/detail/spinlock_pool.hpp:25,
[3.521s]                  from /usr/include/boost/smart_ptr/shared_ptr.hpp:29,
[3.521s]                  from /usr/include/boost/shared_ptr.hpp:17,
[3.521s]                  from /usr/include/boost/date_time/microsec_time_clock.hpp:18,
[3.521s]                  from /usr/include/boost/interprocess/detail/posix_time_types_wrk.hpp:31,
[3.521s]                  from /usr/include/boost/interprocess/detail/os_thread_functions.hpp:36,
[3.521s]                  from /usr/include/boost/interprocess/sync/file_lock.hpp:26,
[3.521s]                  from /usr/include/pcl-1.12/pcl/io/pcd_io.h:46,
[3.521s]                  from /home/goldenboy/git_version/GoldenSLAM/include/core/slam_core.hpp:27,
[3.521s]                  from /home/goldenboy/git_version/GoldenSLAM/src/core/slam_core.cpp:1:
[3.521s] /usr/include/boost/bind.hpp:36:1: note: ‘#pragma message: The practice of declaring the Bind placeholders (_1, _2, ...) in the global namespace is deprecated. Please use <boost/bind/bind.hpp> + using namespace boost::placeholders, or define BOOST_BIND_GLOBAL_PLACEHOLDERS to retain the current behavior.’
[3.521s]    36 | BOOST_PRAGMA_MESSAGE(
[3.521s]       | ^~~~~~~~~~~~~~~~~~~~
[34.026s] [ 92%] Linking CXX executable fastlio_mapping
[34.071s] /usr/bin/ld: CMakeFiles/fastlio_mapping.dir/src/core/slam_core.cpp.o: in function `df_dw(state_ikfom&, input_ikfom const&)':
[34.071s] slam_core.cpp:(.text+0x4f60): multiple definition of `df_dw(state_ikfom&, input_ikfom const&)'; CMakeFiles/fastlio_mapping.dir/src/app/golden_slam_app.cpp.o:golden_slam_app.cpp:(.text+0x3e0): first defined here
[34.071s] /usr/bin/ld: CMakeFiles/fastlio_mapping.dir/src/core/slam_core.cpp.o: in function `get_f(state_ikfom&, input_ikfom const&)':
[34.071s] slam_core.cpp:(.text+0x5750): multiple definition of `get_f(state_ikfom&, input_ikfom const&)'; CMakeFiles/fastlio_mapping.dir/src/app/golden_slam_app.cpp.o:golden_slam_app.cpp:(.text+0x170): first defined here
[34.071s] /usr/bin/ld: CMakeFiles/fastlio_mapping.dir/src/core/slam_core.cpp.o: in function `calc_dist(pcl::PointXYZINormal, pcl::PointXYZINormal)':
[34.071s] slam_core.cpp:(.text+0x8e00): multiple definition of `calc_dist(pcl::PointXYZINormal, pcl::PointXYZINormal)'; CMakeFiles/fastlio_mapping.dir/src/app/golden_slam_app.cpp.o:golden_slam_app.cpp:(.text+0x0): first defined here
[34.071s] /usr/bin/ld: CMakeFiles/fastlio_mapping.dir/src/core/slam_core.cpp.o: in function `get_ros_time(double)':
[34.071s] slam_core.cpp:(.text+0x8e40): multiple definition of `get_ros_time(double)'; CMakeFiles/fastlio_mapping.dir/src/app/golden_slam_app.cpp.o:golden_slam_app.cpp:(.text+0x40): first defined here
[34.071s] /usr/bin/ld: CMakeFiles/fastlio_mapping.dir/src/core/slam_core.cpp.o: in function `process_noise_cov()':
[34.071s] slam_core.cpp:(.text+0x8ed0): multiple definition of `process_noise_cov()'; CMakeFiles/fastlio_mapping.dir/src/app/golden_slam_app.cpp.o:golden_slam_app.cpp:(.text+0xd0): first defined here
[34.071s] /usr/bin/ld: CMakeFiles/fastlio_mapping.dir/src/core/slam_core.cpp.o: in function `SO3ToEuler(MTK::SO3<double, 0> const&)':
[34.071s] slam_core.cpp:(.text+0x8f70): multiple definition of `SO3ToEuler(MTK::SO3<double, 0> const&)'; CMakeFiles/fastlio_mapping.dir/src/app/golden_slam_app.cpp.o:golden_slam_app.cpp:(.text+0x650): first defined here
[34.071s] /usr/bin/ld: CMakeFiles/fastlio_mapping.dir/src/core/slam_core.cpp.o:(.bss+0x20): multiple definition of `Zero3d'; CMakeFiles/fastlio_mapping.dir/src/app/golden_slam_app.cpp.o:(.bss+0x10): first defined here
[34.071s] /usr/bin/ld: CMakeFiles/fastlio_mapping.dir/src/core/slam_core.cpp.o: in function `df_dx(state_ikfom&, input_ikfom const&)':
[34.071s] slam_core.cpp:(.text+0xf040): multiple definition of `df_dx(state_ikfom&, input_ikfom const&)'; CMakeFiles/fastlio_mapping.dir/src/app/golden_slam_app.cpp.o:golden_slam_app.cpp:(.text+0xd70): first defined here
[34.071s] /usr/bin/ld: CMakeFiles/fastlio_mapping.dir/src/core/slam_core.cpp.o:(.bss+0x80): multiple definition of `Eye3d'; CMakeFiles/fastlio_mapping.dir/src/app/golden_slam_app.cpp.o:(.bss+0x80): first defined here
[34.071s] /usr/bin/ld: CMakeFiles/fastlio_mapping.dir/src/core/slam_core.cpp.o:(.bss+0x40): multiple definition of `Eye3f'; CMakeFiles/fastlio_mapping.dir/src/app/golden_slam_app.cpp.o:(.bss+0x40): first defined here
[34.071s] /usr/bin/ld: CMakeFiles/fastlio_mapping.dir/src/core/slam_core.cpp.o:(.bss+0x8): multiple definition of `Zero3f'; CMakeFiles/fastlio_mapping.dir/src/app/golden_slam_app.cpp.o:(.bss+0x0): first defined here
[34.071s] /usr/bin/ld: CMakeFiles/fastlio_mapping.dir/src/core/slam_core.cpp.o: in function `get_time_sec(builtin_interfaces::msg::Time_<std::allocator<void> > const&)':
[34.071s] slam_core.cpp:(.text+0x172f0): multiple definition of `get_time_sec(builtin_interfaces::msg::Time_<std::allocator<void> > const&)'; CMakeFiles/fastlio_mapping.dir/src/app/golden_slam_app.cpp.o:golden_slam_app.cpp:(.text+0x12f0): first defined here
[34.076s] /usr/bin/ld: CMakeFiles/fastlio_mapping.dir/src/platform/ros_bridge.cpp.o: in function `calc_dist(pcl::PointXYZINormal, pcl::PointXYZINormal)':
[34.077s] ros_bridge.cpp:(.text+0x590): multiple definition of `calc_dist(pcl::PointXYZINormal, pcl::PointXYZINormal)'; CMakeFiles/fastlio_mapping.dir/src/app/golden_slam_app.cpp.o:golden_slam_app.cpp:(.text+0x0): first defined here
[34.077s] /usr/bin/ld: CMakeFiles/fastlio_mapping.dir/src/platform/ros_bridge.cpp.o: in function `get_ros_time(double)':
[34.077s] ros_bridge.cpp:(.text+0x5d0): multiple definition of `get_ros_time(double)'; CMakeFiles/fastlio_mapping.dir/src/app/golden_slam_app.cpp.o:golden_slam_app.cpp:(.text+0x40): first defined here
[34.077s] /usr/bin/ld: CMakeFiles/fastlio_mapping.dir/src/platform/ros_bridge.cpp.o: in function `process_noise_cov()':
[34.077s] ros_bridge.cpp:(.text+0x660): multiple definition of `process_noise_cov()'; CMakeFiles/fastlio_mapping.dir/src/app/golden_slam_app.cpp.o:golden_slam_app.cpp:(.text+0xd0): first defined here
[34.077s] /usr/bin/ld: CMakeFiles/fastlio_mapping.dir/src/platform/ros_bridge.cpp.o: in function `get_f(state_ikfom&, input_ikfom const&)':
[34.077s] ros_bridge.cpp:(.text+0x700): multiple definition of `get_f(state_ikfom&, input_ikfom const&)'; CMakeFiles/fastlio_mapping.dir/src/app/golden_slam_app.cpp.o:golden_slam_app.cpp:(.text+0x170): first defined here
[34.077s] /usr/bin/ld: CMakeFiles/fastlio_mapping.dir/src/platform/ros_bridge.cpp.o: in function `df_dw(state_ikfom&, input_ikfom const&)':
[34.077s] ros_bridge.cpp:(.text+0x970): multiple definition of `df_dw(state_ikfom&, input_ikfom const&)'; CMakeFiles/fastlio_mapping.dir/src/app/golden_slam_app.cpp.o:golden_slam_app.cpp:(.text+0x3e0): first defined here
[34.077s] /usr/bin/ld: CMakeFiles/fastlio_mapping.dir/src/platform/ros_bridge.cpp.o: in function `SO3ToEuler(MTK::SO3<double, 0> const&)':
[34.077s] ros_bridge.cpp:(.text+0xbe0): multiple definition of `SO3ToEuler(MTK::SO3<double, 0> const&)'; CMakeFiles/fastlio_mapping.dir/src/app/golden_slam_app.cpp.o:golden_slam_app.cpp:(.text+0x650): first defined here
[34.077s] /usr/bin/ld: CMakeFiles/fastlio_mapping.dir/src/platform/ros_bridge.cpp.o: in function `df_dx(state_ikfom&, input_ikfom const&)':
[34.077s] ros_bridge.cpp:(.text+0x60a0): multiple definition of `df_dx(state_ikfom&, input_ikfom const&)'; CMakeFiles/fastlio_mapping.dir/src/app/golden_slam_app.cpp.o:golden_slam_app.cpp:(.text+0xd70): first defined here
[34.077s] /usr/bin/ld: CMakeFiles/fastlio_mapping.dir/src/platform/ros_bridge.cpp.o:(.bss+0x80): multiple definition of `Eye3d'; CMakeFiles/fastlio_mapping.dir/src/app/golden_slam_app.cpp.o:(.bss+0x80): first defined here
[34.077s] /usr/bin/ld: CMakeFiles/fastlio_mapping.dir/src/platform/ros_bridge.cpp.o:(.bss+0x40): multiple definition of `Eye3f'; CMakeFiles/fastlio_mapping.dir/src/app/golden_slam_app.cpp.o:(.bss+0x40): first defined here
[34.077s] /usr/bin/ld: CMakeFiles/fastlio_mapping.dir/src/platform/ros_bridge.cpp.o:(.bss+0x10): multiple definition of `Zero3d'; CMakeFiles/fastlio_mapping.dir/src/app/golden_slam_app.cpp.o:(.bss+0x10): first defined here
[34.077s] /usr/bin/ld: CMakeFiles/fastlio_mapping.dir/src/platform/ros_bridge.cpp.o:(.bss+0x0): multiple definition of `Zero3f'; CMakeFiles/fastlio_mapping.dir/src/app/golden_slam_app.cpp.o:(.bss+0x0): first defined here
[34.077s] /usr/bin/ld: CMakeFiles/fastlio_mapping.dir/src/platform/ros_bridge.cpp.o: in function `get_time_sec(builtin_interfaces::msg::Time_<std::allocator<void> > const&)':
[34.077s] ros_bridge.cpp:(.text+0x9060): multiple definition of `get_time_sec(builtin_interfaces::msg::Time_<std::allocator<void> > const&)'; CMakeFiles/fastlio_mapping.dir/src/app/golden_slam_app.cpp.o:golden_slam_app.cpp:(.text+0x12f0): first defined here
[34.754s] collect2: error: ld returned 1 exit status
[34.755s] gmake[2]: *** [CMakeFiles/fastlio_mapping.dir/build.make:530: fastlio_mapping] 오류 1
[34.756s] gmake[1]: *** [CMakeFiles/Makefile2:612: CMakeFiles/fastlio_mapping.dir/all] 오류 2
[34.756s] gmake: *** [Makefile:146: all] 오류 2
[34.758s] Invoked command in '/home/goldenboy/git_version/GoldenSLAM/build/fast_lio' returned '2': CMAKE_PREFIX_PATH=${CMAKE_PREFIX_PATH}:/opt/ros/humble /usr/bin/cmake --build /home/goldenboy/git_version/GoldenSLAM/build/fast_lio -- -j24 -l24
