[35m[1mConsolidate compiler generated dependencies of target golden_slam_node[0m
[ 20%] [32mBuilding CXX object CMakeFiles/golden_slam_node.dir/src/app/golden_slam_app.cpp.o[0m
[01m[K/home/goldenboy/git_version/GoldenSLAM/src/app/golden_slam_app.cpp:[m[K In member function ‘[01m[Kint GoldenSlamApp::run()[m[K’:
[01m[K/home/goldenboy/git_version/GoldenSLAM/src/app/golden_slam_app.cpp:22:1:[m[K [01;35m[Kwarning: [m[Kno return statement in function returning non-void [[01;35m[K]8;;https://gcc.gnu.org/onlinedocs/gcc/Warning-Options.html#index-Wreturn-type-Wreturn-type]8;;[m[K]
   22 | [01;35m[K}[m[K
      | [01;35m[K^[m[K
[ 40%] [32m[1mLinking CXX executable golden_slam_node[0m
[100%] Built target golden_slam_node
-- Install configuration: "Release"
-- Installing: /home/goldenboy/git_version/GoldenSLAM/install/golden_slam/lib/golden_slam/golden_slam_node
-- Set runtime path of "/home/goldenboy/git_version/GoldenSLAM/install/golden_slam/lib/golden_slam/golden_slam_node" to ""
-- Up-to-date: /home/goldenboy/git_version/GoldenSLAM/install/golden_slam/share/golden_slam/launch
-- Up-to-date: /home/goldenboy/git_version/GoldenSLAM/install/golden_slam/share/golden_slam/launch/golden_slam.launch.py
-- Up-to-date: /home/goldenboy/git_version/GoldenSLAM/install/golden_slam/include/
-- Up-to-date: /home/goldenboy/git_version/GoldenSLAM/install/golden_slam/include//platform
-- Up-to-date: /home/goldenboy/git_version/GoldenSLAM/install/golden_slam/include//platform/ros_bridge.hpp
-- Up-to-date: /home/goldenboy/git_version/GoldenSLAM/install/golden_slam/include//ui
-- Up-to-date: /home/goldenboy/git_version/GoldenSLAM/install/golden_slam/include//app
-- Up-to-date: /home/goldenboy/git_version/GoldenSLAM/install/golden_slam/include//app/golden_slam_app.hpp
-- Up-to-date: /home/goldenboy/git_version/GoldenSLAM/install/golden_slam/include//core
-- Up-to-date: /home/goldenboy/git_version/GoldenSLAM/install/golden_slam/include//core/slam_core.hpp
-- Up-to-date: /home/goldenboy/git_version/GoldenSLAM/install/golden_slam/share/ament_index/resource_index/package_run_dependencies/golden_slam
-- Up-to-date: /home/goldenboy/git_version/GoldenSLAM/install/golden_slam/share/ament_index/resource_index/parent_prefix_path/golden_slam
-- Up-to-date: /home/goldenboy/git_version/GoldenSLAM/install/golden_slam/share/golden_slam/environment/ament_prefix_path.sh
-- Up-to-date: /home/goldenboy/git_version/GoldenSLAM/install/golden_slam/share/golden_slam/environment/ament_prefix_path.dsv
-- Up-to-date: /home/goldenboy/git_version/GoldenSLAM/install/golden_slam/share/golden_slam/environment/path.sh
-- Up-to-date: /home/goldenboy/git_version/GoldenSLAM/install/golden_slam/share/golden_slam/environment/path.dsv
-- Up-to-date: /home/goldenboy/git_version/GoldenSLAM/install/golden_slam/share/golden_slam/local_setup.bash
-- Up-to-date: /home/goldenboy/git_version/GoldenSLAM/install/golden_slam/share/golden_slam/local_setup.sh
-- Up-to-date: /home/goldenboy/git_version/GoldenSLAM/install/golden_slam/share/golden_slam/local_setup.zsh
-- Up-to-date: /home/goldenboy/git_version/GoldenSLAM/install/golden_slam/share/golden_slam/local_setup.dsv
-- Installing: /home/goldenboy/git_version/GoldenSLAM/install/golden_slam/share/golden_slam/package.dsv
-- Up-to-date: /home/goldenboy/git_version/GoldenSLAM/install/golden_slam/share/ament_index/resource_index/packages/golden_slam
-- Up-to-date: /home/goldenboy/git_version/GoldenSLAM/install/golden_slam/share/golden_slam/cmake/golden_slamConfig.cmake
-- Up-to-date: /home/goldenboy/git_version/GoldenSLAM/install/golden_slam/share/golden_slam/cmake/golden_slamConfig-version.cmake
-- Up-to-date: /home/goldenboy/git_version/GoldenSLAM/install/golden_slam/share/golden_slam/package.xml
