[0.093s] DEBUG:colcon:Command line arguments: ['/usr/bin/colcon', 'build']
[0.093s] DEBUG:colcon:Parsed command line arguments: Namespace(log_base=None, log_level=None, verb_name='build', build_base='build', install_base='install', merge_install=False, symlink_install=False, test_result_base=None, continue_on_error=False, executor='parallel', parallel_workers=24, event_handlers=None, ignore_user_meta=False, metas=['./colcon.meta'], base_paths=['.'], packages_ignore=None, packages_ignore_regex=None, paths=None, packages_up_to=None, packages_up_to_regex=None, packages_above=None, packages_above_and_dependencies=None, packages_above_depth=None, packages_select_by_dep=None, packages_skip_by_dep=None, packages_skip_up_to=None, packages_select_build_failed=False, packages_skip_build_finished=False, packages_select_test_failures=False, packages_skip_test_passed=False, packages_select=None, packages_skip=None, packages_select_regex=None, packages_skip_regex=None, packages_start=None, packages_end=None, allow_overriding=[], cmake_args=None, cmake_target=None, cmake_target_skip_unavailable=False, cmake_clean_cache=False, cmake_clean_first=False, cmake_force_configure=False, ament_cmake_args=None, catkin_cmake_args=None, catkin_skip_building_tests=False, mixin_files=None, mixin=None, verb_parser=<colcon_mixin.mixin.mixin_argument.MixinArgumentDecorator object at 0x7fc08e9062f0>, verb_extension=<colcon_core.verb.build.BuildVerb object at 0x7fc08e905e40>, main=<bound method BuildVerb.main of <colcon_core.verb.build.BuildVerb object at 0x7fc08e905e40>>, mixin_verb=('build',))
[0.166s] Level 1:colcon.colcon_core.package_discovery:discover_packages(colcon_meta) check parameters
[0.166s] Level 1:colcon.colcon_core.package_discovery:discover_packages(recursive) check parameters
[0.166s] Level 1:colcon.colcon_core.package_discovery:discover_packages(ignore) check parameters
[0.166s] Level 1:colcon.colcon_core.package_discovery:discover_packages(path) check parameters
[0.166s] Level 1:colcon.colcon_core.package_discovery:discover_packages(colcon_meta) discover
[0.166s] Level 1:colcon.colcon_core.package_discovery:discover_packages(recursive) discover
[0.166s] INFO:colcon.colcon_core.package_discovery:Crawling recursively for packages in '/home/goldenboy/git_version/GoldenSLAM'
[0.166s] Level 1:colcon.colcon_core.package_identification:_identify(.) by extensions ['ignore', 'ignore_ament_install']
[0.166s] Level 1:colcon.colcon_core.package_identification:_identify(.) by extension 'ignore'
[0.166s] Level 1:colcon.colcon_core.package_identification:_identify(.) by extension 'ignore_ament_install'
[0.166s] Level 1:colcon.colcon_core.package_identification:_identify(.) by extensions ['colcon_pkg']
[0.166s] Level 1:colcon.colcon_core.package_identification:_identify(.) by extension 'colcon_pkg'
[0.166s] Level 1:colcon.colcon_core.package_identification:_identify(.) by extensions ['colcon_meta']
[0.166s] Level 1:colcon.colcon_core.package_identification:_identify(.) by extension 'colcon_meta'
[0.167s] Level 1:colcon.colcon_core.package_identification:_identify(.) by extensions ['ros']
[0.167s] Level 1:colcon.colcon_core.package_identification:_identify(.) by extension 'ros'
[0.174s] DEBUG:colcon.colcon_core.package_identification:Package '.' with type 'ros.ament_cmake' and name 'golden_slam'
[0.174s] Level 1:colcon.colcon_core.package_discovery:discover_packages(recursive) using defaults
[0.175s] Level 1:colcon.colcon_core.package_discovery:discover_packages(ignore) discover
[0.175s] Level 1:colcon.colcon_core.package_discovery:discover_packages(ignore) using defaults
[0.175s] Level 1:colcon.colcon_core.package_discovery:discover_packages(path) discover
[0.175s] Level 1:colcon.colcon_core.package_discovery:discover_packages(path) using defaults
[0.190s] Level 1:colcon.colcon_core.package_discovery:discover_packages(prefix_path) check parameters
[0.190s] Level 1:colcon.colcon_core.package_discovery:discover_packages(prefix_path) discover
[0.191s] DEBUG:colcon.colcon_installed_package_information.package_discovery:Found 1 installed packages in /home/goldenboy/Workspaces/golden_slam_ws/src/GoldenSLAM/install
[0.192s] DEBUG:colcon.colcon_installed_package_information.package_discovery:Found 274 installed packages in /opt/ros/humble
[0.192s] Level 1:colcon.colcon_core.package_discovery:discover_packages(prefix_path) using defaults
[0.208s] Level 5:colcon.colcon_core.verb:set package 'golden_slam' build argument 'cmake_args' from command line to 'None'
[0.208s] Level 5:colcon.colcon_core.verb:set package 'golden_slam' build argument 'cmake_target' from command line to 'None'
[0.208s] Level 5:colcon.colcon_core.verb:set package 'golden_slam' build argument 'cmake_target_skip_unavailable' from command line to 'False'
[0.208s] Level 5:colcon.colcon_core.verb:set package 'golden_slam' build argument 'cmake_clean_cache' from command line to 'False'
[0.208s] Level 5:colcon.colcon_core.verb:set package 'golden_slam' build argument 'cmake_clean_first' from command line to 'False'
[0.208s] Level 5:colcon.colcon_core.verb:set package 'golden_slam' build argument 'cmake_force_configure' from command line to 'False'
[0.208s] Level 5:colcon.colcon_core.verb:set package 'golden_slam' build argument 'ament_cmake_args' from command line to 'None'
[0.208s] Level 5:colcon.colcon_core.verb:set package 'golden_slam' build argument 'catkin_cmake_args' from command line to 'None'
[0.208s] Level 5:colcon.colcon_core.verb:set package 'golden_slam' build argument 'catkin_skip_building_tests' from command line to 'False'
[0.208s] DEBUG:colcon.colcon_core.verb:Building package 'golden_slam' with the following arguments: {'ament_cmake_args': None, 'build_base': '/home/goldenboy/git_version/GoldenSLAM/build/golden_slam', 'catkin_cmake_args': None, 'catkin_skip_building_tests': False, 'cmake_args': None, 'cmake_clean_cache': False, 'cmake_clean_first': False, 'cmake_force_configure': False, 'cmake_target': None, 'cmake_target_skip_unavailable': False, 'install_base': '/home/goldenboy/git_version/GoldenSLAM/install/golden_slam', 'merge_install': False, 'path': '/home/goldenboy/git_version/GoldenSLAM', 'symlink_install': False, 'test_result_base': None}
[0.208s] INFO:colcon.colcon_core.executor:Executing jobs using 'parallel' executor
[0.209s] DEBUG:colcon.colcon_parallel_executor.executor.parallel:run_until_complete
[0.209s] INFO:colcon.colcon_ros.task.ament_cmake.build:Building ROS package in '/home/goldenboy/git_version/GoldenSLAM' with build type 'ament_cmake'
[0.209s] INFO:colcon.colcon_cmake.task.cmake.build:Building CMake package in '/home/goldenboy/git_version/GoldenSLAM'
[0.210s] INFO:colcon.colcon_core.plugin_system:Skipping extension 'colcon_core.shell.bat': Not used on non-Windows systems
[0.211s] INFO:colcon.colcon_core.shell:Skip shell extension 'powershell' for command environment: Not usable outside of PowerShell
[0.211s] DEBUG:colcon.colcon_core.shell:Skip shell extension 'dsv' for command environment
[0.216s] DEBUG:colcon.colcon_core.event_handler.log_command:Invoking command in '/home/goldenboy/git_version/GoldenSLAM/build/golden_slam': CMAKE_PREFIX_PATH=${CMAKE_PREFIX_PATH}:/opt/ros/humble /usr/bin/cmake --build /home/goldenboy/git_version/GoldenSLAM/build/golden_slam -- -j24 -l24
[5.545s] DEBUG:colcon.colcon_core.event_handler.log_command:Invoked command in '/home/goldenboy/git_version/GoldenSLAM/build/golden_slam' returned '0': CMAKE_PREFIX_PATH=${CMAKE_PREFIX_PATH}:/opt/ros/humble /usr/bin/cmake --build /home/goldenboy/git_version/GoldenSLAM/build/golden_slam -- -j24 -l24
[5.551s] DEBUG:colcon.colcon_core.event_handler.log_command:Invoking command in '/home/goldenboy/git_version/GoldenSLAM/build/golden_slam': CMAKE_PREFIX_PATH=${CMAKE_PREFIX_PATH}:/opt/ros/humble /usr/bin/cmake --install /home/goldenboy/git_version/GoldenSLAM/build/golden_slam
[5.560s] Level 1:colcon.colcon_core.environment:create_environment_scripts_only(golden_slam)
[5.561s] DEBUG:colcon.colcon_core.event_handler.log_command:Invoked command in '/home/goldenboy/git_version/GoldenSLAM/build/golden_slam' returned '0': CMAKE_PREFIX_PATH=${CMAKE_PREFIX_PATH}:/opt/ros/humble /usr/bin/cmake --install /home/goldenboy/git_version/GoldenSLAM/build/golden_slam
[5.568s] Level 1:colcon.colcon_core.environment:checking '/home/goldenboy/git_version/GoldenSLAM/install/golden_slam' for CMake module files
[5.569s] Level 1:colcon.colcon_core.environment:checking '/home/goldenboy/git_version/GoldenSLAM/install/golden_slam' for CMake config files
[5.569s] Level 1:colcon.colcon_core.shell:create_environment_hook('golden_slam', 'cmake_prefix_path')
[5.570s] INFO:colcon.colcon_core.shell:Creating environment hook '/home/goldenboy/git_version/GoldenSLAM/install/golden_slam/share/golden_slam/hook/cmake_prefix_path.ps1'
[5.574s] INFO:colcon.colcon_core.shell:Creating environment descriptor '/home/goldenboy/git_version/GoldenSLAM/install/golden_slam/share/golden_slam/hook/cmake_prefix_path.dsv'
[5.574s] INFO:colcon.colcon_core.shell:Creating environment hook '/home/goldenboy/git_version/GoldenSLAM/install/golden_slam/share/golden_slam/hook/cmake_prefix_path.sh'
[5.575s] Level 1:colcon.colcon_core.environment:checking '/home/goldenboy/git_version/GoldenSLAM/install/golden_slam/lib'
[5.575s] Level 1:colcon.colcon_core.environment:checking '/home/goldenboy/git_version/GoldenSLAM/install/golden_slam/bin'
[5.576s] Level 1:colcon.colcon_core.environment:checking '/home/goldenboy/git_version/GoldenSLAM/install/golden_slam/lib/pkgconfig/golden_slam.pc'
[5.576s] Level 1:colcon.colcon_core.environment:checking '/home/goldenboy/git_version/GoldenSLAM/install/golden_slam/lib/python3.10/site-packages'
[5.576s] Level 1:colcon.colcon_core.environment:checking '/home/goldenboy/git_version/GoldenSLAM/install/golden_slam/bin'
[5.576s] INFO:colcon.colcon_core.shell:Creating package script '/home/goldenboy/git_version/GoldenSLAM/install/golden_slam/share/golden_slam/package.ps1'
[5.577s] INFO:colcon.colcon_core.shell:Creating package descriptor '/home/goldenboy/git_version/GoldenSLAM/install/golden_slam/share/golden_slam/package.dsv'
[5.577s] INFO:colcon.colcon_core.shell:Creating package script '/home/goldenboy/git_version/GoldenSLAM/install/golden_slam/share/golden_slam/package.sh'
[5.578s] INFO:colcon.colcon_core.shell:Creating package script '/home/goldenboy/git_version/GoldenSLAM/install/golden_slam/share/golden_slam/package.bash'
[5.578s] INFO:colcon.colcon_core.shell:Creating package script '/home/goldenboy/git_version/GoldenSLAM/install/golden_slam/share/golden_slam/package.zsh'
[5.579s] Level 1:colcon.colcon_core.environment:create_file_with_runtime_dependencies(/home/goldenboy/git_version/GoldenSLAM/install/golden_slam/share/colcon-core/packages/golden_slam)
[5.579s] Level 1:colcon.colcon_core.environment:create_environment_scripts_only(golden_slam)
[5.579s] Level 1:colcon.colcon_core.environment:checking '/home/goldenboy/git_version/GoldenSLAM/install/golden_slam' for CMake module files
[5.579s] Level 1:colcon.colcon_core.environment:checking '/home/goldenboy/git_version/GoldenSLAM/install/golden_slam' for CMake config files
[5.579s] Level 1:colcon.colcon_core.shell:create_environment_hook('golden_slam', 'cmake_prefix_path')
[5.579s] INFO:colcon.colcon_core.shell:Creating environment hook '/home/goldenboy/git_version/GoldenSLAM/install/golden_slam/share/golden_slam/hook/cmake_prefix_path.ps1'
[5.580s] INFO:colcon.colcon_core.shell:Creating environment descriptor '/home/goldenboy/git_version/GoldenSLAM/install/golden_slam/share/golden_slam/hook/cmake_prefix_path.dsv'
[5.580s] INFO:colcon.colcon_core.shell:Creating environment hook '/home/goldenboy/git_version/GoldenSLAM/install/golden_slam/share/golden_slam/hook/cmake_prefix_path.sh'
[5.580s] Level 1:colcon.colcon_core.environment:checking '/home/goldenboy/git_version/GoldenSLAM/install/golden_slam/lib'
[5.580s] Level 1:colcon.colcon_core.environment:checking '/home/goldenboy/git_version/GoldenSLAM/install/golden_slam/bin'
[5.580s] Level 1:colcon.colcon_core.environment:checking '/home/goldenboy/git_version/GoldenSLAM/install/golden_slam/lib/pkgconfig/golden_slam.pc'
[5.580s] Level 1:colcon.colcon_core.environment:checking '/home/goldenboy/git_version/GoldenSLAM/install/golden_slam/lib/python3.10/site-packages'
[5.580s] Level 1:colcon.colcon_core.environment:checking '/home/goldenboy/git_version/GoldenSLAM/install/golden_slam/bin'
[5.581s] INFO:colcon.colcon_core.shell:Creating package script '/home/goldenboy/git_version/GoldenSLAM/install/golden_slam/share/golden_slam/package.ps1'
[5.581s] INFO:colcon.colcon_core.shell:Creating package descriptor '/home/goldenboy/git_version/GoldenSLAM/install/golden_slam/share/golden_slam/package.dsv'
[5.581s] INFO:colcon.colcon_core.shell:Creating package script '/home/goldenboy/git_version/GoldenSLAM/install/golden_slam/share/golden_slam/package.sh'
[5.581s] INFO:colcon.colcon_core.shell:Creating package script '/home/goldenboy/git_version/GoldenSLAM/install/golden_slam/share/golden_slam/package.bash'
[5.582s] INFO:colcon.colcon_core.shell:Creating package script '/home/goldenboy/git_version/GoldenSLAM/install/golden_slam/share/golden_slam/package.zsh'
[5.582s] Level 1:colcon.colcon_core.environment:create_file_with_runtime_dependencies(/home/goldenboy/git_version/GoldenSLAM/install/golden_slam/share/colcon-core/packages/golden_slam)
[5.582s] DEBUG:colcon.colcon_parallel_executor.executor.parallel:closing loop
[5.582s] DEBUG:colcon.colcon_parallel_executor.executor.parallel:loop closed
[5.583s] DEBUG:colcon.colcon_parallel_executor.executor.parallel:run_until_complete finished with '0'
[5.583s] DEBUG:colcon.colcon_core.event_reactor:joining thread
[5.624s] INFO:colcon.colcon_core.plugin_system:Skipping extension 'colcon_notification.desktop_notification.notify_send': Could not find 'notify-send'
[5.624s] INFO:colcon.colcon_core.plugin_system:Skipping extension 'colcon_notification.desktop_notification.terminal_notifier': Not used on non-Darwin systems
[5.624s] INFO:colcon.colcon_core.plugin_system:Skipping extension 'colcon_notification.desktop_notification.win32': Not used on non-Windows systems
[5.624s] INFO:colcon.colcon_notification.desktop_notification:Sending desktop notification using 'notify2'
[5.625s] DEBUG:colcon.colcon_notification.desktop_notification.notify2:Failed to initialize notify2: org.freedesktop.DBus.Error.ServiceUnknown: The name org.freedesktop.Notifications was not provided by any .service files
[5.625s] DEBUG:colcon.colcon_core.event_reactor:joined thread
[5.626s] INFO:colcon.colcon_core.shell:Creating prefix script '/home/goldenboy/git_version/GoldenSLAM/install/local_setup.ps1'
[5.627s] INFO:colcon.colcon_core.shell:Creating prefix util module '/home/goldenboy/git_version/GoldenSLAM/install/_local_setup_util_ps1.py'
[5.629s] INFO:colcon.colcon_core.shell:Creating prefix chain script '/home/goldenboy/git_version/GoldenSLAM/install/setup.ps1'
[5.630s] INFO:colcon.colcon_core.shell:Creating prefix script '/home/goldenboy/git_version/GoldenSLAM/install/local_setup.sh'
[5.630s] INFO:colcon.colcon_core.shell:Creating prefix util module '/home/goldenboy/git_version/GoldenSLAM/install/_local_setup_util_sh.py'
[5.630s] INFO:colcon.colcon_core.shell:Creating prefix chain script '/home/goldenboy/git_version/GoldenSLAM/install/setup.sh'
[5.631s] INFO:colcon.colcon_core.shell:Creating prefix script '/home/goldenboy/git_version/GoldenSLAM/install/local_setup.bash'
[5.631s] INFO:colcon.colcon_core.shell:Creating prefix chain script '/home/goldenboy/git_version/GoldenSLAM/install/setup.bash'
[5.632s] INFO:colcon.colcon_core.shell:Creating prefix script '/home/goldenboy/git_version/GoldenSLAM/install/local_setup.zsh'
[5.633s] INFO:colcon.colcon_core.shell:Creating prefix chain script '/home/goldenboy/git_version/GoldenSLAM/install/setup.zsh'
