In file included from /home/goldenboy/git_version/GoldenSLAM/src/core/slam_core.cpp:1:
/home/goldenboy/git_version/GoldenSLAM/include/core/slam_core.hpp: In constructor ‘SlamCore::SlamCore()’:
/home/goldenboy/git_version/GoldenSLAM/include/core/slam_core.hpp:169:17: warning: ‘SlamCore::map_insert_count_’ will be initialized after [-Wreorder]
  169 |     std::size_t map_insert_count_;
      |                 ^~~~~~~~~~~~~~~~~
/home/goldenboy/git_version/GoldenSLAM/include/core/slam_core.hpp:164:21: warning:   ‘Eigen::Matrix3d SlamCore::R_body_lidar_’ [-Wreorder]
  164 |     Eigen::Matrix3d R_body_lidar_;
      |                     ^~~~~~~~~~~~~
/home/goldenboy/git_version/GoldenSLAM/src/core/slam_core.cpp:32:1: warning:   when initialized here [-Wreorder]
   32 | SlamCore::SlamCore()
      | ^~~~~~~~
/home/goldenboy/git_version/GoldenSLAM/src/core/slam_core.cpp: In member function ‘void SlamCore::debugImuDt(double)’:
/home/goldenboy/git_version/GoldenSLAM/src/core/slam_core.cpp:303:22: warning: unused variable ‘hz’ [-Wunused-variable]
  303 |         const double hz = 1.0 / dt;
      |                      ^~
/home/goldenboy/git_version/GoldenSLAM/src/core/slam_core.cpp: In member function ‘void SlamCore::debugNearestSearch(const CloudTConstPtr&)’:
/home/goldenboy/git_version/GoldenSLAM/src/core/slam_core.cpp:551:16: warning: unused variable ‘search_ok’ [-Wunused-variable]
  551 |     const bool search_ok = ikd_tree_map_.nearestSearch(query_point,5,nearest_points,squared_distances);
      |                ^~~~~~~~~
/home/goldenboy/git_version/GoldenSLAM/src/platform/ros_bridge.cpp: In member function ‘void RosBridge::onLidarCB(livox_ros_driver2::msg::CustomMsg_<std::allocator<void> >::SharedPtr)’:
/home/goldenboy/git_version/GoldenSLAM/src/platform/ros_bridge.cpp:155:16: warning: unused variable ‘raw_size’ [-Wunused-variable]
  155 |     const auto raw_size = msg->point_num;
      |                ^~~~~~~~
/home/goldenboy/git_version/GoldenSLAM/src/platform/ros_bridge.cpp:156:16: warning: unused variable ‘preprocced_size’ [-Wunused-variable]
  156 |     const auto preprocced_size = cloud->points.size();
      |                ^~~~~~~~~~~~~~~
/home/goldenboy/git_version/GoldenSLAM/src/platform/ros_bridge.cpp: In member function ‘void RosBridge::mapSaveCB(std_srvs::srv::Trigger_Request_<std::allocator<void> >::ConstSharedPtr, std_srvs::srv::Trigger_Response_<std::allocator<void> >::SharedPtr)’:
/home/goldenboy/git_version/GoldenSLAM/src/platform/ros_bridge.cpp:180:75: warning: unused parameter ‘req’ [-Wunused-parameter]
  180 | void RosBridge::mapSaveCB(std_srvs::srv::Trigger::Request::ConstSharedPtr req, std_srvs::srv::Trigger::Response::SharedPtr res)
      |                           ~~~~~~~~~~~~~~~~~~~~~~~~~~~~~~~~~~~~~~~~~~~~~~~~^~~
/home/goldenboy/git_version/GoldenSLAM/src/platform/ros_bridge.cpp:180:124: warning: unused parameter ‘res’ [-Wunused-parameter]
  180 | void RosBridge::mapSaveCB(std_srvs::srv::Trigger::Request::ConstSharedPtr req, std_srvs::srv::Trigger::Response::SharedPtr res)
      |                                                                                ~~~~~~~~~~~~~~~~~~~~~~~~~~~~~~~~~~~~~~~~~~~~^~~
