[0.005s] Invoking command in '/home/goldenboy/git_version/GoldenSLAM/build/fast_lio': CMAKE_PREFIX_PATH=${CMAKE_PREFIX_PATH}:/opt/ros/humble /usr/bin/cmake --build /home/goldenboy/git_version/GoldenSLAM/build/fast_lio -- -j24 -l24
[0.035s] Consolidate compiler generated dependencies of target fast_lio__rosidl_generator_c
[0.038s] [  5%] Built target fast_lio__cpp
[0.038s] [  5%] Built target fast_lio__rs
[0.039s] [ 12%] Built target fast_lio__rosidl_generator_c
[0.044s] [ 12%] Built target ament_cmake_python_copy_fast_lio
[0.045s] Consolidate compiler generated dependencies of target fast_lio__rosidl_typesupport_fastrtps_c
[0.045s] Consolidate compiler generated dependencies of target fast_lio__rosidl_typesupport_fastrtps_cpp
[0.046s] Consolidate compiler generated dependencies of target fast_lio__rosidl_typesupport_introspection_c
[0.046s] Consolidate compiler generated dependencies of target fast_lio__rosidl_typesupport_introspection_cpp
[0.046s] Consolidate compiler generated dependencies of target fast_lio__rosidl_typesupport_c
[0.046s] Consolidate compiler generated dependencies of target fast_lio__rosidl_typesupport_cpp
[0.052s] [ 20%] Built target fast_lio__rosidl_typesupport_introspection_cpp
[0.052s] [ 28%] Built target fast_lio__rosidl_typesupport_cpp
[0.052s] [ 35%] Built target fast_lio__rosidl_typesupport_introspection_c
[0.052s] [ 46%] Built target fast_lio__rosidl_typesupport_fastrtps_c
[0.052s] [ 56%] Built target fast_lio__rosidl_typesupport_fastrtps_cpp
[0.052s] [ 58%] Built target fast_lio__rosidl_typesupport_c
[0.063s] [ 58%] Built target fast_lio
[0.071s] Consolidate compiler generated dependencies of target fastlio_mapping
[0.075s] [ 61%] Built target fast_lio__py
[0.081s] Consolidate compiler generated dependencies of target fast_lio__rosidl_generator_py
[0.083s] [ 64%] Building CXX object CMakeFiles/fastlio_mapping.dir/src/app/golden_slam_app.cpp.o
[0.084s] [ 66%] Building CXX object CMakeFiles/fastlio_mapping.dir/src/core/slam_core.cpp.o
[0.085s] [ 69%] Building CXX object CMakeFiles/fastlio_mapping.dir/src/platform/ros_bridge.cpp.o
[0.086s] [ 74%] Built target fast_lio__rosidl_generator_py
[0.095s] Consolidate compiler generated dependencies of target fast_lio__rosidl_typesupport_introspection_c__pyext
[0.095s] Consolidate compiler generated dependencies of target fast_lio__rosidl_typesupport_c__pyext
[0.096s] Consolidate compiler generated dependencies of target fast_lio__rosidl_typesupport_fastrtps_c__pyext
[0.101s] [ 79%] Built target fast_lio__rosidl_typesupport_introspection_c__pyext
[0.102s] [ 84%] Built target fast_lio__rosidl_typesupport_fastrtps_c__pyext
[0.104s] [ 89%] Built target fast_lio__rosidl_typesupport_c__pyext
[0.169s] running egg_info
[0.170s] writing fast_lio.egg-info/PKG-INFO
[0.170s] writing dependency_links to fast_lio.egg-info/dependency_links.txt
[0.170s] writing top-level names to fast_lio.egg-info/top_level.txt
[0.172s] reading manifest file 'fast_lio.egg-info/SOURCES.txt'
[0.172s] writing manifest file 'fast_lio.egg-info/SOURCES.txt'
[0.188s] [ 89%] Built target ament_cmake_python_build_fast_lio_egg
[2.829s] In file included from /home/goldenboy/git_version/GoldenSLAM/include/core/slam_core.hpp:25,
[2.830s]                  from /home/goldenboy/git_version/GoldenSLAM/src/core/slam_core.cpp:1:
[2.830s] /home/goldenboy/git_version/GoldenSLAM/include/common_lib.h: In function ‘double get_time_sec(const Time&)’:
[2.830s] /home/goldenboy/git_version/GoldenSLAM/include/common_lib.h:259:12: error: ‘rclcpp’ has not been declared
[2.830s]   259 |     return rclcpp::Time(time).seconds();
[2.830s]       |            ^~~~~~
[2.830s] /home/goldenboy/git_version/GoldenSLAM/include/common_lib.h: At global scope:
[2.830s] /home/goldenboy/git_version/GoldenSLAM/include/common_lib.h:264:1: error: ‘rclcpp’ does not name a type
[2.830s]   264 | rclcpp::Time get_ros_time(double timestamp)
[2.830s]       | ^~~~~~
[2.851s] In file included from /usr/include/boost/bind.hpp:30,
[2.851s]                  from /home/goldenboy/git_version/GoldenSLAM/include/IKFoM_toolkit/esekfom/esekfom.hpp:42,
[2.851s]                  from /home/goldenboy/git_version/GoldenSLAM/include/use-ikfom.hpp:4,
[2.851s]                  from /home/goldenboy/git_version/GoldenSLAM/include/core/slam_core.hpp:26,
[2.851s]                  from /home/goldenboy/git_version/GoldenSLAM/src/core/slam_core.cpp:1:
[2.851s] /usr/include/boost/bind.hpp:36:1: note: ‘#pragma message: The practice of declaring the Bind placeholders (_1, _2, ...) in the global namespace is deprecated. Please use <boost/bind/bind.hpp> + using namespace boost::placeholders, or define BOOST_BIND_GLOBAL_PLACEHOLDERS to retain the current behavior.’
[2.851s]    36 | BOOST_PRAGMA_MESSAGE(
[2.851s]       | ^~~~~~~~~~~~~~~~~~~~
[3.284s] In file included from /home/goldenboy/git_version/GoldenSLAM/src/core/slam_core.cpp:1:
[3.284s] /home/goldenboy/git_version/GoldenSLAM/include/core/slam_core.hpp:121:10: error: ‘condition_variable’ in namespace ‘std’ does not name a type
[3.284s]   121 |     std::condition_variable sig_buffer_;
[3.284s]       |          ^~~~~~~~~~~~~~~~~~
[3.284s] In file included from /home/goldenboy/git_version/GoldenSLAM/src/core/slam_core.cpp:1:
[3.284s] /home/goldenboy/git_version/GoldenSLAM/include/core/slam_core.hpp:27:1: note: ‘std::condition_variable’ is defined in header ‘<condition_variable>’; did you forget to ‘#include <condition_variable>’?
[3.284s]    26 | #include "use-ikfom.hpp"
[3.284s]   +++ |+#include <condition_variable>
[3.284s]    27 | #include "IKFoM_toolkit/esekfom/esekfom.hpp"
[3.309s] In file included from /home/goldenboy/git_version/GoldenSLAM/src/core/slam_core.cpp:1:
[3.309s] /home/goldenboy/git_version/GoldenSLAM/include/core/slam_core.hpp:154:5: error: ‘KD_TREE’ does not name a type
[3.309s]   154 |     KD_TREE<PointType>         ikdtree_;
[3.309s]       |     ^~~~~~~
[3.312s] /home/goldenboy/git_version/GoldenSLAM/include/core/slam_core.hpp:155:5: error: ‘BoxPointType’ does not name a type; did you mean ‘PointType’?
[3.312s]   155 |     BoxPointType               LocalMap_Points_;
[3.312s]       |     ^~~~~~~~~~~~
[3.312s]       |     PointType
[3.318s] /home/goldenboy/git_version/GoldenSLAM/include/core/slam_core.hpp:158:17: error: ‘BoxPointType’ was not declared in this scope; did you mean ‘PointType’?
[3.318s]   158 |     std::vector<BoxPointType>  cub_needrm_;
[3.318s]       |                 ^~~~~~~~~~~~
[3.318s]       |                 PointType
[3.318s] /home/goldenboy/git_version/GoldenSLAM/include/core/slam_core.hpp:158:29: error: template argument 1 is invalid
[3.318s]   158 |     std::vector<BoxPointType>  cub_needrm_;
[3.318s]       |                             ^
[3.318s] /home/goldenboy/git_version/GoldenSLAM/include/core/slam_core.hpp:158:29: error: template argument 2 is invalid
[3.914s] In file included from /usr/include/boost/bind.hpp:30,
[3.914s]                  from /home/goldenboy/git_version/GoldenSLAM/include/IKFoM_toolkit/esekfom/esekfom.hpp:42,
[3.914s]                  from /home/goldenboy/git_version/GoldenSLAM/include/use-ikfom.hpp:4,
[3.914s]                  from /home/goldenboy/git_version/GoldenSLAM/include/core/slam_core.hpp:26,
[3.914s]                  from /home/goldenboy/git_version/GoldenSLAM/include/platform/ros_bridge.hpp:18,
[3.914s]                  from /home/goldenboy/git_version/GoldenSLAM/src/platform/ros_bridge.cpp:1:
[3.914s] /usr/include/boost/bind.hpp:36:1: note: ‘#pragma message: The practice of declaring the Bind placeholders (_1, _2, ...) in the global namespace is deprecated. Please use <boost/bind/bind.hpp> + using namespace boost::placeholders, or define BOOST_BIND_GLOBAL_PLACEHOLDERS to retain the current behavior.’
[3.914s]    36 | BOOST_PRAGMA_MESSAGE(
[3.914s]       | ^~~~~~~~~~~~~~~~~~~~
[3.918s] In file included from /usr/include/boost/bind.hpp:30,
[3.918s]                  from /home/goldenboy/git_version/GoldenSLAM/include/IKFoM_toolkit/esekfom/esekfom.hpp:42,
[3.918s]                  from /home/goldenboy/git_version/GoldenSLAM/include/use-ikfom.hpp:4,
[3.918s]                  from /home/goldenboy/git_version/GoldenSLAM/include/core/slam_core.hpp:26,
[3.918s]                  from /home/goldenboy/git_version/GoldenSLAM/src/app/golden_slam_app.cpp:2:
[3.918s] /usr/include/boost/bind.hpp:36:1: note: ‘#pragma message: The practice of declaring the Bind placeholders (_1, _2, ...) in the global namespace is deprecated. Please use <boost/bind/bind.hpp> + using namespace boost::placeholders, or define BOOST_BIND_GLOBAL_PLACEHOLDERS to retain the current behavior.’
[3.918s]    36 | BOOST_PRAGMA_MESSAGE(
[3.918s]       | ^~~~~~~~~~~~~~~~~~~~
[4.382s] In file included from /home/goldenboy/git_version/GoldenSLAM/src/app/golden_slam_app.cpp:2:
[4.382s] /home/goldenboy/git_version/GoldenSLAM/include/core/slam_core.hpp:154:5: error: ‘KD_TREE’ does not name a type
[4.382s]   154 |     KD_TREE<PointType>         ikdtree_;
[4.382s]       |     ^~~~~~~
[4.386s] /home/goldenboy/git_version/GoldenSLAM/include/core/slam_core.hpp:155:5: error: ‘BoxPointType’ does not name a type; did you mean ‘PointType’?
[4.386s]   155 |     BoxPointType               LocalMap_Points_;
[4.386s]       |     ^~~~~~~~~~~~
[4.386s]       |     PointType
[4.391s] In file included from /home/goldenboy/git_version/GoldenSLAM/include/platform/ros_bridge.hpp:18,
[4.391s]                  from /home/goldenboy/git_version/GoldenSLAM/src/platform/ros_bridge.cpp:1:
[4.391s] /home/goldenboy/git_version/GoldenSLAM/include/core/slam_core.hpp:154:5: error: ‘KD_TREE’ does not name a type
[4.391s]   154 |     KD_TREE<PointType>         ikdtree_;
[4.391s]       |     ^~~~~~~
[4.392s] /home/goldenboy/git_version/GoldenSLAM/include/core/slam_core.hpp:158:17: error: ‘BoxPointType’ was not declared in this scope; did you mean ‘PointType’?
[4.392s]   158 |     std::vector<BoxPointType>  cub_needrm_;
[4.392s]       |                 ^~~~~~~~~~~~
[4.392s]       |                 PointType
[4.392s] /home/goldenboy/git_version/GoldenSLAM/include/core/slam_core.hpp:158:29: error: template argument 1 is invalid
[4.392s]   158 |     std::vector<BoxPointType>  cub_needrm_;
[4.392s]       |                             ^
[4.392s] /home/goldenboy/git_version/GoldenSLAM/include/core/slam_core.hpp:158:29: error: template argument 2 is invalid
[4.393s] /home/goldenboy/git_version/GoldenSLAM/include/core/slam_core.hpp:155:5: error: ‘BoxPointType’ does not name a type; did you mean ‘PointType’?
[4.393s]   155 |     BoxPointType               LocalMap_Points_;
[4.393s]       |     ^~~~~~~~~~~~
[4.393s]       |     PointType
[4.400s] /home/goldenboy/git_version/GoldenSLAM/include/core/slam_core.hpp:158:17: error: ‘BoxPointType’ was not declared in this scope; did you mean ‘PointType’?
[4.400s]   158 |     std::vector<BoxPointType>  cub_needrm_;
[4.400s]       |                 ^~~~~~~~~~~~
[4.400s]       |                 PointType
[4.400s] /home/goldenboy/git_version/GoldenSLAM/include/core/slam_core.hpp:158:29: error: template argument 1 is invalid
[4.400s]   158 |     std::vector<BoxPointType>  cub_needrm_;
[4.400s]       |                             ^
[4.400s] /home/goldenboy/git_version/GoldenSLAM/include/core/slam_core.hpp:158:29: error: template argument 2 is invalid
[4.703s] /home/goldenboy/git_version/GoldenSLAM/src/platform/ros_bridge.cpp: In member function ‘void RosBridge::onImuCB(sensor_msgs::msg::Imu_<std::allocator<void> >::UniquePtr)’:
[4.703s] /home/goldenboy/git_version/GoldenSLAM/src/platform/ros_bridge.cpp:199:5: error: ‘last_timestamp_imu_’ was not declared in this scope
[4.704s]   199 |     last_timestamp_imu_ = get_time_sec(msg_in->header.stamp);
[4.704s]       |     ^~~~~~~~~~~~~~~~~~~
[5.295s] /home/goldenboy/git_version/GoldenSLAM/src/core/slam_core.cpp: In member function ‘void SlamCore::pushImu(sensor_msgs::msg::Imu_<std::allocator<void> >::SharedPtr)’:
[5.296s] /home/goldenboy/git_version/GoldenSLAM/src/core/slam_core.cpp:150:25: error: ‘get_ros_time’ was not declared in this scope
[5.296s]   150 |     msg->header.stamp = get_ros_time(get_time_sec(msg_in->header.stamp) - time_diff_lidar_to_imu_);
[5.296s]       |                         ^~~~~~~~~~~~
[5.307s] /home/goldenboy/git_version/GoldenSLAM/src/core/slam_core.cpp: In member function ‘void SlamCore::pointsCacheCollect()’:
[5.307s] /home/goldenboy/git_version/GoldenSLAM/src/core/slam_core.cpp:267:5: error: ‘ikdtree_’ was not declared in this scope
[5.307s]   267 |     ikdtree_.acquire_removed_points(points_history);
[5.307s]       |     ^~~~~~~~
[5.307s] /home/goldenboy/git_version/GoldenSLAM/src/core/slam_core.cpp: In member function ‘void SlamCore::lasermapFovSegment()’:
[5.307s] /home/goldenboy/git_version/GoldenSLAM/src/core/slam_core.cpp:273:17: error: request for member ‘clear’ in ‘((SlamCore*)this)->SlamCore::cub_needrm_’, which is of non-class type ‘int’
[5.307s]   273 |     cub_needrm_.clear();
[5.307s]       |                 ^~~~~
[5.307s] /home/goldenboy/git_version/GoldenSLAM/src/core/slam_core.cpp:278:21: error: no matching function for call to ‘SlamCore::pointBodyToWorld(V3F&, Eigen::DenseCoeffsBase<Eigen::Matrix<float, 3, 1>, 1>::Scalar*)’
[5.307s]   278 |     pointBodyToWorld(XAxisPoint_body_, &XAxisPoint_world_[0]);
[5.307s]       |     ~~~~~~~~~~~~~~~~^~~~~~~~~~~~~~~~~~~~~~~~~~~~~~~~~~~~~~~~~
[5.307s] /home/goldenboy/git_version/GoldenSLAM/src/core/slam_core.cpp:228:6: note: candidate: ‘void SlamCore::pointBodyToWorld(const PointType*, PointType*) const’
[5.307s]   228 | void SlamCore::pointBodyToWorld(PointType const* pi, PointType* po) const
[5.307s]       |      ^~~~~~~~
[5.307s] /home/goldenboy/git_version/GoldenSLAM/src/core/slam_core.cpp:228:50: note:   no known conversion for argument 1 from ‘V3F’ {aka ‘Eigen::Matrix<float, 3, 1>’} to ‘const PointType*’ {aka ‘const pcl::PointXYZINormal*’}
[5.307s]   228 | void SlamCore::pointBodyToWorld(PointType const* pi, PointType* po) const
[5.307s]       |                                 ~~~~~~~~~~~~~~~~~^~
[5.307s] /home/goldenboy/git_version/GoldenSLAM/src/core/slam_core.cpp:238:6: note: candidate: ‘void SlamCore::pointBodyToWorld(const V3D&, V3D&) const’
[5.307s]   238 | void SlamCore::pointBodyToWorld(const V3D& pi, V3D& po) const
[5.307s]       |      ^~~~~~~~
[5.307s] /home/goldenboy/git_version/GoldenSLAM/src/core/slam_core.cpp:238:53: note:   no known conversion for argument 2 from ‘Eigen::DenseCoeffsBase<Eigen::Matrix<float, 3, 1>, 1>::Scalar*’ {aka ‘float*’} to ‘V3D&’ {aka ‘Eigen::Matrix<double, 3, 1>&’}
[5.307s]   238 | void SlamCore::pointBodyToWorld(const V3D& pi, V3D& po) const
[5.307s]       |                                                ~~~~~^~
[5.319s] /home/goldenboy/git_version/GoldenSLAM/src/core/slam_core.cpp:296:13: error: ‘LocalMap_Points_’ was not declared in this scope
[5.319s]   296 |             LocalMap_Points_.vertex_min[i] = pos_LiD(i) - cube_len_ / 2.0;
[5.319s]       |             ^~~~~~~~~~~~~~~~
[5.332s] /home/goldenboy/git_version/GoldenSLAM/src/core/slam_core.cpp:308:52: error: ‘LocalMap_Points_’ was not declared in this scope
[5.332s]   308 |         dist_to_map_edge[i][0] = fabs(pos_LiD(i) - LocalMap_Points_.vertex_min[i]);
[5.332s]       |                                                    ^~~~~~~~~~~~~~~~
[5.340s] /home/goldenboy/git_version/GoldenSLAM/src/core/slam_core.cpp:316:5: error: ‘BoxPointType’ was not declared in this scope; did you mean ‘PointType’?
[5.340s]   316 |     BoxPointType New_LocalMap_Points = LocalMap_Points_;
[5.340s]       |     ^~~~~~~~~~~~
[5.340s]       |     PointType
[5.340s] /home/goldenboy/git_version/GoldenSLAM/src/core/slam_core.cpp:317:17: error: expected ‘;’ before ‘tmp_boxpoints’
[5.340s]   317 |     BoxPointType tmp_boxpoints;
[5.340s]       |                 ^~~~~~~~~~~~~~
[5.340s]       |                 ;
[5.350s] /home/goldenboy/git_version/GoldenSLAM/src/core/slam_core.cpp:322:9: error: ‘tmp_boxpoints’ was not declared in this scope
[5.350s]   322 |         tmp_boxpoints = LocalMap_Points_;
[5.350s]       |         ^~~~~~~~~~~~~
[5.361s] /home/goldenboy/git_version/GoldenSLAM/src/core/slam_core.cpp:322:25: error: ‘LocalMap_Points_’ was not declared in this scope
[5.362s]   322 |         tmp_boxpoints = LocalMap_Points_;
[5.362s]       |                         ^~~~~~~~~~~~~~~~
[5.382s] /home/goldenboy/git_version/GoldenSLAM/src/core/slam_core.cpp:325:13: error: ‘New_LocalMap_Points’ was not declared in this scope
[5.382s]   325 |             New_LocalMap_Points.vertex_max[i] -= mov_dist;
[5.382s]       |             ^~~~~~~~~~~~~~~~~~~
[5.382s] /home/goldenboy/git_version/GoldenSLAM/src/core/slam_core.cpp:328:25: error: request for member ‘push_back’ in ‘((SlamCore*)this)->SlamCore::cub_needrm_’, which is of non-class type ‘int’
[5.382s]   328 |             cub_needrm_.push_back(tmp_boxpoints);
[5.382s]       |                         ^~~~~~~~~
[5.397s] /home/goldenboy/git_version/GoldenSLAM/src/core/slam_core.cpp:332:13: error: ‘New_LocalMap_Points’ was not declared in this scope
[5.397s]   332 |             New_LocalMap_Points.vertex_max[i] += mov_dist;
[5.397s]       |             ^~~~~~~~~~~~~~~~~~~
[5.397s] /home/goldenboy/git_version/GoldenSLAM/src/core/slam_core.cpp:335:25: error: request for member ‘push_back’ in ‘((SlamCore*)this)->SlamCore::cub_needrm_’, which is of non-class type ‘int’
[5.397s]   335 |             cub_needrm_.push_back(tmp_boxpoints);
[5.397s]       |                         ^~~~~~~~~
[5.409s] /home/goldenboy/git_version/GoldenSLAM/src/core/slam_core.cpp:338:5: error: ‘LocalMap_Points_’ was not declared in this scope
[5.409s]   338 |     LocalMap_Points_ = New_LocalMap_Points;
[5.409s]       |     ^~~~~~~~~~~~~~~~
[5.423s] /home/goldenboy/git_version/GoldenSLAM/src/core/slam_core.cpp:338:24: error: ‘New_LocalMap_Points’ was not declared in this scope
[5.423s]   338 |     LocalMap_Points_ = New_LocalMap_Points;
[5.423s]       |                        ^~~~~~~~~~~~~~~~~~~
[5.423s] /home/goldenboy/git_version/GoldenSLAM/src/core/slam_core.cpp:342:22: error: request for member ‘empty’ in ‘((SlamCore*)this)->SlamCore::cub_needrm_’, which is of non-class type ‘int’
[5.423s]   342 |     if (!cub_needrm_.empty())
[5.424s]       |                      ^~~~~
[5.430s] /home/goldenboy/git_version/GoldenSLAM/src/core/slam_core.cpp:343:34: error: ‘ikdtree_’ was not declared in this scope
[5.430s]   343 |         kdtree_delete_counter_ = ikdtree_.Delete_Point_Boxes(cub_needrm_);
[5.430s]       |                                  ^~~~~~~~
[5.436s] /home/goldenboy/git_version/GoldenSLAM/src/core/slam_core.cpp: In member function ‘void SlamCore::mapIncremental()’:
[5.436s] /home/goldenboy/git_version/GoldenSLAM/src/core/slam_core.cpp:390:23: error: ‘ikdtree_’ was not declared in this scope
[5.436s]   390 |     add_point_size_ = ikdtree_.Add_Points(PointToAdd, true);
[5.436s]       |                       ^~~~~~~~
[5.443s] /home/goldenboy/git_version/GoldenSLAM/src/core/slam_core.cpp: In member function ‘void SlamCore::h_share_model(state_ikfom&, esekfom::dyn_share_datastruct<double>&)’:
[5.443s] /home/goldenboy/git_version/GoldenSLAM/src/core/slam_core.cpp:426:13: error: ‘ikdtree_’ was not declared in this scope
[5.443s]   426 |             ikdtree_.Nearest_Search(point_world, NUM_MATCH_POINTS, points_near, pointSearchSqDis);
[5.443s]       |             ^~~~~~~~
[5.486s] /home/goldenboy/git_version/GoldenSLAM/src/core/slam_core.cpp: In member function ‘void SlamCore::spinFrontendOnce()’:
[5.486s] /home/goldenboy/git_version/GoldenSLAM/src/core/slam_core.cpp:595:9: error: ‘ikdtree_’ was not declared in this scope
[5.486s]   595 |     if (ikdtree_.Root_Node == nullptr)
[5.486s]       |         ^~~~~~~~
[5.492s] /home/goldenboy/git_version/GoldenSLAM/src/core/slam_core.cpp:609:27: error: ‘ikdtree_’ was not declared in this scope
[5.492s]   609 |     int featsFromMapNum = ikdtree_.validnum();
[5.492s]       |                           ^~~~~~~~
[7.504s] gmake[2]: *** [CMakeFiles/fastlio_mapping.dir/build.make:90: CMakeFiles/fastlio_mapping.dir/src/app/golden_slam_app.cpp.o] 오류 1
[7.504s] gmake[2]: *** 끝나지 않은 작업을 기다리고 있습니다....
[8.555s] In file included from /usr/include/eigen3/Eigen/Core:164,
[8.555s]                  from /home/goldenboy/git_version/GoldenSLAM/include/core/slam_core.hpp:11,
[8.555s]                  from /home/goldenboy/git_version/GoldenSLAM/src/core/slam_core.cpp:1:
[8.555s] /usr/include/eigen3/Eigen/src/Core/AssignEvaluator.h: In instantiation of ‘void Eigen::internal::call_assignment_no_alias(Dst&, const Src&, const Func&) [with Dst = Eigen::Matrix<double, 24, 24, 0, 24, 24>; Src = Eigen::Matrix<double, 23, 23, 0, 23, 23>; Func = Eigen::internal::assign_op<double, double>]’:
[8.555s] /usr/include/eigen3/Eigen/src/Core/AssignEvaluator.h:858:27:   required from ‘void Eigen::internal::call_assignment(Dst&, const Src&, const Func&, typename Eigen::internal::enable_if<(! Eigen::internal::evaluator_assume_aliasing<Src>::value), void*>::type) [with Dst = Eigen::Matrix<double, 24, 24, 0, 24, 24>; Src = Eigen::Matrix<double, 23, 23, 0, 23, 23>; Func = Eigen::internal::assign_op<double, double>; typename Eigen::internal::enable_if<(! Eigen::internal::evaluator_assume_aliasing<Src>::value), void*>::type = void*; typename Eigen::internal::evaluator_traits<SrcXprType>::Shape = Eigen::DenseShape]’
[8.555s] /usr/include/eigen3/Eigen/src/Core/AssignEvaluator.h:836:18:   required from ‘void Eigen::internal::call_assignment(Dst&, const Src&) [with Dst = Eigen::Matrix<double, 24, 24, 0, 24, 24>; Src = Eigen::Matrix<double, 23, 23, 0, 23, 23>]’
[8.555s] /usr/include/eigen3/Eigen/src/Core/PlainObjectBase.h:779:32:   required from ‘Derived& Eigen::PlainObjectBase<Derived>::_set(const Eigen::DenseBase<OtherDerived>&) [with OtherDerived = Eigen::Matrix<double, 23, 23, 0, 23, 23>; Derived = Eigen::Matrix<double, 24, 24, 0, 24, 24>]’
[8.555s] /usr/include/eigen3/Eigen/src/Core/Matrix.h:225:24:   required from ‘Eigen::Matrix<_Scalar, _Rows, _Cols, _Options, _MaxRows, _MaxCols>& Eigen::Matrix<_Scalar, _Rows, _Cols, _Options, _MaxRows, _MaxCols>::operator=(const Eigen::DenseBase<OtherDerived>&) [with OtherDerived = Eigen::Matrix<double, 23, 23, 0, 23, 23>; _Scalar = double; int _Rows = 24; int _Cols = 24; int _Options = 0; int _MaxRows = 24; int _MaxCols = 24]’
[8.555s] /home/goldenboy/git_version/GoldenSLAM/src/core/slam_core.cpp:533:37:   required from here
[8.555s] /usr/include/eigen3/Eigen/src/Core/AssignEvaluator.h:887:3: error: static assertion failed: YOU_MIXED_MATRICES_OF_DIFFERENT_SIZES
[8.555s]   887 |   EIGEN_STATIC_ASSERT_SAME_MATRIX_SIZE(ActualDstTypeCleaned,Src)
[8.555s]       |   ^~~~~~~~~~~~~~~~~~~~~~~~~~~~~~~~~~~~
[8.555s] /usr/include/eigen3/Eigen/src/Core/AssignEvaluator.h:887:3: note: ‘(((((int)Eigen::internal::size_of_xpr_at_compile_time<Eigen::Matrix<double, 24, 24, 0, 24, 24> >::ret) == 0) && (((int)Eigen::internal::size_of_xpr_at_compile_time<Eigen::Matrix<double, 23, 23, 0, 23, 23> >::ret) == 0)) || ((((((int)Eigen::Matrix<double, 24, 24, 0, 24, 24>::RowsAtCompileTime) == ((int)Eigen::Dynamic)) || (((int)Eigen::Matrix<double, 23, 23, 0, 23, 23>::RowsAtCompileTime) == ((int)Eigen::Dynamic))) || (((int)Eigen::Matrix<double, 24, 24, 0, 24, 24>::RowsAtCompileTime) == ((int)Eigen::Matrix<double, 23, 23, 0, 23, 23>::RowsAtCompileTime))) && (((((int)Eigen::Matrix<double, 24, 24, 0, 24, 24>::ColsAtCompileTime) == ((int)Eigen::Dynamic)) || (((int)Eigen::Matrix<double, 23, 23, 0, 23, 23>::ColsAtCompileTime) == ((int)Eigen::Dynamic))) || (((int)Eigen::Matrix<double, 24, 24, 0, 24, 24>::ColsAtCompileTime) == ((int)Eigen::Matrix<double, 23, 23, 0, 23, 23>::ColsAtCompileTime)))))’ evaluates to false
[10.535s] gmake[2]: *** [CMakeFiles/fastlio_mapping.dir/build.make:118: CMakeFiles/fastlio_mapping.dir/src/platform/ros_bridge.cpp.o] 오류 1
[26.489s] gmake[2]: *** [CMakeFiles/fastlio_mapping.dir/build.make:104: CMakeFiles/fastlio_mapping.dir/src/core/slam_core.cpp.o] 오류 1
[26.489s] gmake[1]: *** [CMakeFiles/Makefile2:612: CMakeFiles/fastlio_mapping.dir/all] 오류 2
[26.490s] gmake: *** [Makefile:146: all] 오류 2
[26.493s] Invoked command in '/home/goldenboy/git_version/GoldenSLAM/build/fast_lio' returned '2': CMAKE_PREFIX_PATH=${CMAKE_PREFIX_PATH}:/opt/ros/humble /usr/bin/cmake --build /home/goldenboy/git_version/GoldenSLAM/build/fast_lio -- -j24 -l24
